[3.658s] Invoking command in '/home/user/ros2_ws/src/r_arm_description': PYTHONPATH=/home/user/ros2_ws/build/r_arm_description/prefix_override:/usr/lib/python3/dist-packages/colcon_core/task/python/colcon_distutils_commands:/home/user/ros2_ws/install/r_arm_description/lib/python3.12/site-packages:${PYTHONPATH} _=/usr/bin/env /usr/bin/python3 -W ignore:setup.py install is deprecated -W ignore:easy_install command is deprecated setup.py egg_info --egg-base ../../build/r_arm_description build --build-base /home/user/ros2_ws/build/r_arm_description/build install --record /home/user/ros2_ws/build/r_arm_description/install.log --single-version-externally-managed install_data
[4.763s] running egg_info
[4.858s] writing ../../build/r_arm_description/r_arm_description.egg-info/PKG-INFO
[4.860s] writing dependency_links to ../../build/r_arm_description/r_arm_description.egg-info/dependency_links.txt
[4.861s] writing requirements to ../../build/r_arm_description/r_arm_description.egg-info/requires.txt
[4.861s] writing top-level names to ../../build/r_arm_description/r_arm_description.egg-info/top_level.txt
[5.044s] reading manifest file '../../build/r_arm_description/r_arm_description.egg-info/SOURCES.txt'
[5.046s] writing manifest file '../../build/r_arm_description/r_arm_description.egg-info/SOURCES.txt'
[5.046s] running build
[5.046s] running build_py
[5.047s] running install
[5.062s] running install_lib
[5.158s] running install_data
[5.159s] copying urdf/r_arm.xacro -> /home/user/ros2_ws/install/r_arm_description/share/r_arm_description/urdf
[5.160s] running install_egg_info
[5.260s] removing '/home/user/ros2_ws/install/r_arm_description/lib/python3.12/site-packages/r_arm_description-0.0.0-py3.12.egg-info' (and everything under it)
[5.260s] Copying ../../build/r_arm_description/r_arm_description.egg-info to /home/user/ros2_ws/install/r_arm_description/lib/python3.12/site-packages/r_arm_description-0.0.0-py3.12.egg-info
[5.262s] running install_scripts
[5.835s] writing list of installed files to '/home/user/ros2_ws/build/r_arm_description/install.log'
[5.938s] Invoked command in '/home/user/ros2_ws/src/r_arm_description' returned '0': PYTHONPATH=/home/user/ros2_ws/build/r_arm_description/prefix_override:/usr/lib/python3/dist-packages/colcon_core/task/python/colcon_distutils_commands:/home/user/ros2_ws/install/r_arm_description/lib/python3.12/site-packages:${PYTHONPATH} _=/usr/bin/env /usr/bin/python3 -W ignore:setup.py install is deprecated -W ignore:easy_install command is deprecated setup.py egg_info --egg-base ../../build/r_arm_description build --build-base /home/user/ros2_ws/build/r_arm_description/build install --record /home/user/ros2_ws/build/r_arm_description/install.log --single-version-externally-managed install_data
