[1.485s] Invoking command in '/home/user/ros2_ws/build/rosbot_api': CMAKE_PREFIX_PATH=${CMAKE_PREFIX_PATH}:/home/user/ros2_ws/install/rosbot_mk3_description:/home/user/ros2_ws/install/rosbot_description:/home/user/ros2_ws/install/robot_urdf_description:/home/user/ros2_ws/install/robot_mk1_description:/home/user/ros2_ws/install/qube_1_description:/home/user/ros2_ws/install/bullet_arm_description:/home/user/ros2_ws/install/ARM_MK1_description:/opt/ros/jazzy _=/usr/bin/env /usr/bin/cmake /home/user/ros2_ws/src/rosbot_api -DCMAKE_INSTALL_PREFIX=/home/user/ros2_ws/install/rosbot_api
[10.127s] -- The C compiler identification is GNU 13.3.0
[13.733s] -- The CXX compiler identification is GNU 13.3.0
[13.823s] -- Detecting C compiler ABI info
[14.061s] -- Detecting C compiler ABI info - done
[14.072s] -- Check for working C compiler: /usr/bin/cc - skipped
[14.073s] -- Detecting C compile features
[14.074s] -- Detecting C compile features - done
[14.085s] -- Detecting CXX compiler ABI info
[14.366s] -- Detecting CXX compiler ABI info - done
[14.377s] -- Check for working CXX compiler: /usr/bin/c++ - skipped
[14.377s] -- Detecting CXX compile features
[14.378s] -- Detecting CXX compile features - done
[14.511s] -- Found ament_cmake: 2.5.6 (/opt/ros/jazzy/share/ament_cmake/cmake)
[14.833s] -- Found Python3: /usr/bin/python3 (found version "3.12.3") found components: Interpreter 
[15.133s] -- Found rclcpp: 28.1.18 (/opt/ros/jazzy/share/rclcpp/cmake)
[15.370s] -- Found rosidl_generator_c: 4.6.7 (/opt/ros/jazzy/share/rosidl_generator_c/cmake)
[15.405s] -- Found rosidl_generator_cpp: 4.6.7 (/opt/ros/jazzy/share/rosidl_generator_cpp/cmake)
[15.553s] -- Using all available rosidl_typesupport_c: rosidl_typesupport_fastrtps_c;rosidl_typesupport_introspection_c
[15.599s] -- Using all available rosidl_typesupport_cpp: rosidl_typesupport_fastrtps_cpp;rosidl_typesupport_introspection_cpp
[15.778s] -- Found rmw_implementation_cmake: 7.3.3 (/opt/ros/jazzy/share/rmw_implementation_cmake/cmake)
[15.790s] -- Found rmw_fastrtps_cpp: 8.4.3 (/opt/ros/jazzy/share/rmw_fastrtps_cpp/cmake)
[16.252s] -- Found OpenSSL: /usr/lib/x86_64-linux-gnu/libcrypto.so (found version "3.0.13")  
[16.278s] -- Found FastRTPS: /opt/ros/jazzy/include (Required is at least version "2.13") 
[16.305s] -- Using RMW implementation 'rmw_fastrtps_cpp' as default
[16.466s] -- Found sensor_msgs: 5.3.7 (/opt/ros/jazzy/share/sensor_msgs/cmake)
[16.583s] -- Found ament_lint_auto: 0.17.5 (/opt/ros/jazzy/share/ament_lint_auto/cmake)
[16.755s] -- Added test 'cppcheck' to perform static code analysis on C / C++ code
[16.755s] -- Configured cppcheck include dirs: 
[16.756s] -- Configured cppcheck exclude dirs and/or files: 
[16.758s] -- Added test 'lint_cmake' to check CMake code style
[16.760s] -- Added test 'uncrustify' to check C / C++ code style
[16.760s] -- Configured uncrustify additional arguments: 
[16.762s] -- Added test 'xmllint' to check XML markup files
[16.766s] -- Configuring done (12.7s)
[16.773s] -- Generating done (0.0s)
[16.776s] -- Build files have been written to: /home/user/ros2_ws/build/rosbot_api
[16.788s] Invoked command in '/home/user/ros2_ws/build/rosbot_api' returned '0': CMAKE_PREFIX_PATH=${CMAKE_PREFIX_PATH}:/home/user/ros2_ws/install/rosbot_mk3_description:/home/user/ros2_ws/install/rosbot_description:/home/user/ros2_ws/install/robot_urdf_description:/home/user/ros2_ws/install/robot_mk1_description:/home/user/ros2_ws/install/qube_1_description:/home/user/ros2_ws/install/bullet_arm_description:/home/user/ros2_ws/install/ARM_MK1_description:/opt/ros/jazzy _=/usr/bin/env /usr/bin/cmake /home/user/ros2_ws/src/rosbot_api -DCMAKE_INSTALL_PREFIX=/home/user/ros2_ws/install/rosbot_api
[16.790s] Invoking command in '/home/user/ros2_ws/build/rosbot_api': CMAKE_PREFIX_PATH=${CMAKE_PREFIX_PATH}:/home/user/ros2_ws/install/rosbot_mk3_description:/home/user/ros2_ws/install/rosbot_description:/home/user/ros2_ws/install/robot_urdf_description:/home/user/ros2_ws/install/robot_mk1_description:/home/user/ros2_ws/install/qube_1_description:/home/user/ros2_ws/install/bullet_arm_description:/home/user/ros2_ws/install/ARM_MK1_description:/opt/ros/jazzy _=/usr/bin/env /usr/bin/cmake --build /home/user/ros2_ws/build/rosbot_api -- -j8 -l8
[16.838s] Invoked command in '/home/user/ros2_ws/build/rosbot_api' returned '0': CMAKE_PREFIX_PATH=${CMAKE_PREFIX_PATH}:/home/user/ros2_ws/install/rosbot_mk3_description:/home/user/ros2_ws/install/rosbot_description:/home/user/ros2_ws/install/robot_urdf_description:/home/user/ros2_ws/install/robot_mk1_description:/home/user/ros2_ws/install/qube_1_description:/home/user/ros2_ws/install/bullet_arm_description:/home/user/ros2_ws/install/ARM_MK1_description:/opt/ros/jazzy _=/usr/bin/env /usr/bin/cmake --build /home/user/ros2_ws/build/rosbot_api -- -j8 -l8
[16.849s] Invoking command in '/home/user/ros2_ws/build/rosbot_api': CMAKE_PREFIX_PATH=${CMAKE_PREFIX_PATH}:/home/user/ros2_ws/install/rosbot_mk3_description:/home/user/ros2_ws/install/rosbot_description:/home/user/ros2_ws/install/robot_urdf_description:/home/user/ros2_ws/install/robot_mk1_description:/home/user/ros2_ws/install/qube_1_description:/home/user/ros2_ws/install/bullet_arm_description:/home/user/ros2_ws/install/ARM_MK1_description:/opt/ros/jazzy _=/usr/bin/env /usr/bin/cmake --install /home/user/ros2_ws/build/rosbot_api
[16.858s] -- Install configuration: ""
[16.858s] -- Installing: /home/user/ros2_ws/install/rosbot_api/share/ament_index/resource_index/package_run_dependencies/rosbot_api
[16.858s] -- Installing: /home/user/ros2_ws/install/rosbot_api/share/ament_index/resource_index/parent_prefix_path/rosbot_api
[16.858s] -- Installing: /home/user/ros2_ws/install/rosbot_api/share/rosbot_api/environment/ament_prefix_path.sh
[16.858s] -- Installing: /home/user/ros2_ws/install/rosbot_api/share/rosbot_api/environment/ament_prefix_path.dsv
[16.858s] -- Installing: /home/user/ros2_ws/install/rosbot_api/share/rosbot_api/environment/path.sh
[16.859s] -- Installing: /home/user/ros2_ws/install/rosbot_api/share/rosbot_api/environment/path.dsv
[16.859s] -- Installing: /home/user/ros2_ws/install/rosbot_api/share/rosbot_api/local_setup.bash
[16.859s] -- Installing: /home/user/ros2_ws/install/rosbot_api/share/rosbot_api/local_setup.sh
[16.859s] -- Installing: /home/user/ros2_ws/install/rosbot_api/share/rosbot_api/local_setup.zsh
[16.859s] -- Installing: /home/user/ros2_ws/install/rosbot_api/share/rosbot_api/local_setup.dsv
[16.859s] -- Installing: /home/user/ros2_ws/install/rosbot_api/share/rosbot_api/package.dsv
[16.859s] -- Installing: /home/user/ros2_ws/install/rosbot_api/share/ament_index/resource_index/packages/rosbot_api
[16.860s] -- Installing: /home/user/ros2_ws/install/rosbot_api/share/rosbot_api/cmake/rosbot_apiConfig.cmake
[16.860s] -- Installing: /home/user/ros2_ws/install/rosbot_api/share/rosbot_api/cmake/rosbot_apiConfig-version.cmake
[16.860s] -- Installing: /home/user/ros2_ws/install/rosbot_api/share/rosbot_api/package.xml
[16.862s] Invoked command in '/home/user/ros2_ws/build/rosbot_api' returned '0': CMAKE_PREFIX_PATH=${CMAKE_PREFIX_PATH}:/home/user/ros2_ws/install/rosbot_mk3_description:/home/user/ros2_ws/install/rosbot_description:/home/user/ros2_ws/install/robot_urdf_description:/home/user/ros2_ws/install/robot_mk1_description:/home/user/ros2_ws/install/qube_1_description:/home/user/ros2_ws/install/bullet_arm_description:/home/user/ros2_ws/install/ARM_MK1_description:/opt/ros/jazzy _=/usr/bin/env /usr/bin/cmake --install /home/user/ros2_ws/build/rosbot_api
