[0.090s] Invoking command in '/home/user/ros2_ws/build/oppressor_api': CMAKE_PREFIX_PATH=${CMAKE_PREFIX_PATH}:/home/user/ros2_ws/install/rosbot_mk3_description:/home/user/ros2_ws/install/rosbot_description:/home/user/ros2_ws/install/robot_urdf_description:/home/user/ros2_ws/install/robot_mk1_description:/home/user/ros2_ws/install/qube_1_description:/home/user/ros2_ws/install/oppressor_mk3_description:/home/user/ros2_ws/install/oppressor_mk1_description:/home/user/ros2_ws/install/bullet_arm_description:/home/user/ros2_ws/install/ARM_MK1_description:/opt/ros/jazzy _=/usr/bin/env /usr/bin/cmake --build /home/user/ros2_ws/build/oppressor_api -- -j8 -l8
[0.676s] [ 28%] Built target image_processing
[1.003s] [ 42%] [32mBuilding CXX object CMakeFiles/complementary_filter.dir/src/complementary_filter.cpp.o[0m
[13.680s] [01m[K/home/user/ros2_ws/src/oppressor_api/src/complementary_filter.cpp:[m[K In member function '[01m[Kvoid ComplementaryFilter::[01;32m[Kimu_callback[m[K(sensor_msgs::msg::Imu_<std::allocator<void> >::SharedPtr) const[m[K':
[13.680s] [01m[K/home/user/ros2_ws/src/oppressor_api/src/complementary_filter.cpp:25:60:[m[K [01;35m[Kwarning: [m[Kunused parameter '[01m[Kimu_data[m[K' [[01;35m[K]8;;https://gcc.gnu.org/onlinedocs/gcc/Warning-Options.html#index-Wunused-parameter-Wunused-parameter]8;;[m[K]
[13.681s]    25 |   void imu_callback([01;35m[Kconst sensor_msgs::msg::Imu::SharedPtr imu_data[m[K) const {
[13.681s]       |                     [01;35m[K~~~~~~~~~~~~~~~~~~~~~~~~~~~~~~~~~~~~~~~^~~~~~~~[m[K
[55.087s] [ 57%] [32m[1mLinking CXX executable complementary_filter[0m
[57.391s] [ 57%] Built target complementary_filter
[57.509s] [100%] Built target controller
[57.580s] Invoked command in '/home/user/ros2_ws/build/oppressor_api' returned '0': CMAKE_PREFIX_PATH=${CMAKE_PREFIX_PATH}:/home/user/ros2_ws/install/rosbot_mk3_description:/home/user/ros2_ws/install/rosbot_description:/home/user/ros2_ws/install/robot_urdf_description:/home/user/ros2_ws/install/robot_mk1_description:/home/user/ros2_ws/install/qube_1_description:/home/user/ros2_ws/install/oppressor_mk3_description:/home/user/ros2_ws/install/oppressor_mk1_description:/home/user/ros2_ws/install/bullet_arm_description:/home/user/ros2_ws/install/ARM_MK1_description:/opt/ros/jazzy _=/usr/bin/env /usr/bin/cmake --build /home/user/ros2_ws/build/oppressor_api -- -j8 -l8
[57.598s] Invoking command in '/home/user/ros2_ws/build/oppressor_api': CMAKE_PREFIX_PATH=${CMAKE_PREFIX_PATH}:/home/user/ros2_ws/install/rosbot_mk3_description:/home/user/ros2_ws/install/rosbot_description:/home/user/ros2_ws/install/robot_urdf_description:/home/user/ros2_ws/install/robot_mk1_description:/home/user/ros2_ws/install/qube_1_description:/home/user/ros2_ws/install/oppressor_mk3_description:/home/user/ros2_ws/install/oppressor_mk1_description:/home/user/ros2_ws/install/bullet_arm_description:/home/user/ros2_ws/install/ARM_MK1_description:/opt/ros/jazzy _=/usr/bin/env /usr/bin/cmake --install /home/user/ros2_ws/build/oppressor_api
[57.705s] -- Install configuration: ""
[57.706s] -- Up-to-date: /home/user/ros2_ws/install/oppressor_api/lib/oppressor_api/image_processing
[57.707s] -- Up-to-date: /home/user/ros2_ws/install/oppressor_api/lib/oppressor_api/controller
[57.708s] -- Installing: /home/user/ros2_ws/install/oppressor_api/lib/oppressor_api/complementary_filter
[57.793s] -- Set non-toolchain portion of runtime path of "/home/user/ros2_ws/install/oppressor_api/lib/oppressor_api/complementary_filter" to ""
[57.794s] -- Up-to-date: /home/user/ros2_ws/install/oppressor_api/share/ament_index/resource_index/package_run_dependencies/oppressor_api
[57.794s] -- Up-to-date: /home/user/ros2_ws/install/oppressor_api/share/ament_index/resource_index/parent_prefix_path/oppressor_api
[57.795s] -- Up-to-date: /home/user/ros2_ws/install/oppressor_api/share/oppressor_api/environment/ament_prefix_path.sh
[57.795s] -- Up-to-date: /home/user/ros2_ws/install/oppressor_api/share/oppressor_api/environment/ament_prefix_path.dsv
[57.795s] -- Up-to-date: /home/user/ros2_ws/install/oppressor_api/share/oppressor_api/environment/path.sh
[57.796s] -- Up-to-date: /home/user/ros2_ws/install/oppressor_api/share/oppressor_api/environment/path.dsv
[57.797s] -- Up-to-date: /home/user/ros2_ws/install/oppressor_api/share/oppressor_api/local_setup.bash
[57.798s] -- Up-to-date: /home/user/ros2_ws/install/oppressor_api/share/oppressor_api/local_setup.sh
[57.798s] -- Up-to-date: /home/user/ros2_ws/install/oppressor_api/share/oppressor_api/local_setup.zsh
[57.798s] -- Up-to-date: /home/user/ros2_ws/install/oppressor_api/share/oppressor_api/local_setup.dsv
[57.799s] -- Installing: /home/user/ros2_ws/install/oppressor_api/share/oppressor_api/package.dsv
[57.799s] -- Up-to-date: /home/user/ros2_ws/install/oppressor_api/share/ament_index/resource_index/packages/oppressor_api
[57.800s] -- Up-to-date: /home/user/ros2_ws/install/oppressor_api/share/oppressor_api/cmake/oppressor_apiConfig.cmake
[57.800s] -- Up-to-date: /home/user/ros2_ws/install/oppressor_api/share/oppressor_api/cmake/oppressor_apiConfig-version.cmake
[57.801s] -- Up-to-date: /home/user/ros2_ws/install/oppressor_api/share/oppressor_api/package.xml
[57.808s] Invoked command in '/home/user/ros2_ws/build/oppressor_api' returned '0': CMAKE_PREFIX_PATH=${CMAKE_PREFIX_PATH}:/home/user/ros2_ws/install/rosbot_mk3_description:/home/user/ros2_ws/install/rosbot_description:/home/user/ros2_ws/install/robot_urdf_description:/home/user/ros2_ws/install/robot_mk1_description:/home/user/ros2_ws/install/qube_1_description:/home/user/ros2_ws/install/oppressor_mk3_description:/home/user/ros2_ws/install/oppressor_mk1_description:/home/user/ros2_ws/install/bullet_arm_description:/home/user/ros2_ws/install/ARM_MK1_description:/opt/ros/jazzy _=/usr/bin/env /usr/bin/cmake --install /home/user/ros2_ws/build/oppressor_api
