[2.188s] Invoking command in '/home/user/ros2_ws/src/robot_mk1_description': PYTHONPATH=/home/user/ros2_ws/build/robot_mk1_description/prefix_override:/usr/lib/python3/dist-packages/colcon_core/task/python/colcon_distutils_commands:/home/user/ros2_ws/install/robot_mk1_description/lib/python3.12/site-packages:${PYTHONPATH} _=/usr/bin/env /usr/bin/python3 -W ignore:setup.py install is deprecated -W ignore:easy_install command is deprecated setup.py egg_info --egg-base ../../build/robot_mk1_description build --build-base /home/user/ros2_ws/build/robot_mk1_description/build install --record /home/user/ros2_ws/build/robot_mk1_description/install.log --single-version-externally-managed install_data
[2.700s] running egg_info
[2.759s] writing ../../build/robot_mk1_description/robot_mk1_description.egg-info/PKG-INFO
[2.760s] writing dependency_links to ../../build/robot_mk1_description/robot_mk1_description.egg-info/dependency_links.txt
[2.760s] writing requirements to ../../build/robot_mk1_description/robot_mk1_description.egg-info/requires.txt
[2.760s] writing top-level names to ../../build/robot_mk1_description/robot_mk1_description.egg-info/top_level.txt
[2.819s] reading manifest file '../../build/robot_mk1_description/robot_mk1_description.egg-info/SOURCES.txt'
[2.821s] writing manifest file '../../build/robot_mk1_description/robot_mk1_description.egg-info/SOURCES.txt'
[2.821s] running build
[2.821s] running build_py
[2.821s] running install
[2.859s] running install_lib
[2.892s] running install_data
[2.892s] copying urdf/robot_mk1.gazebo -> /home/user/ros2_ws/install/robot_mk1_description/share/robot_mk1_description/urdf
[2.893s] copying urdf/robot_mk1.xacro -> /home/user/ros2_ws/install/robot_mk1_description/share/robot_mk1_description/urdf
[2.893s] copying config/ros_gz_bridge_gazebo.yaml -> /home/user/ros2_ws/install/robot_mk1_description/share/robot_mk1_description/config
[2.893s] running install_egg_info
[2.959s] removing '/home/user/ros2_ws/install/robot_mk1_description/lib/python3.12/site-packages/robot_mk1_description-0.0.0-py3.12.egg-info' (and everything under it)
[2.959s] Copying ../../build/robot_mk1_description/robot_mk1_description.egg-info to /home/user/ros2_ws/install/robot_mk1_description/lib/python3.12/site-packages/robot_mk1_description-0.0.0-py3.12.egg-info
[2.961s] running install_scripts
[3.207s] writing list of installed files to '/home/user/ros2_ws/build/robot_mk1_description/install.log'
[3.272s] Invoked command in '/home/user/ros2_ws/src/robot_mk1_description' returned '0': PYTHONPATH=/home/user/ros2_ws/build/robot_mk1_description/prefix_override:/usr/lib/python3/dist-packages/colcon_core/task/python/colcon_distutils_commands:/home/user/ros2_ws/install/robot_mk1_description/lib/python3.12/site-packages:${PYTHONPATH} _=/usr/bin/env /usr/bin/python3 -W ignore:setup.py install is deprecated -W ignore:easy_install command is deprecated setup.py egg_info --egg-base ../../build/robot_mk1_description build --build-base /home/user/ros2_ws/build/robot_mk1_description/build install --record /home/user/ros2_ws/build/robot_mk1_description/install.log --single-version-externally-managed install_data
