[3.416s] Invoking command in '/home/user/ros2_ws/src/oppressor_mk1_description': PYTHONPATH=/home/user/ros2_ws/build/oppressor_mk1_description/prefix_override:/usr/lib/python3/dist-packages/colcon_core/task/python/colcon_distutils_commands:/home/user/ros2_ws/install/oppressor_mk1_description/lib/python3.12/site-packages: _=/usr/bin/env /usr/bin/python3 -W ignore:setup.py install is deprecated -W ignore:easy_install command is deprecated setup.py egg_info --egg-base ../../build/oppressor_mk1_description build --build-base /home/user/ros2_ws/build/oppressor_mk1_description/build install --record /home/user/ros2_ws/build/oppressor_mk1_description/install.log --single-version-externally-managed install_data
[4.800s] running egg_info
[4.800s] creating ../../build/oppressor_mk1_description/oppressor_mk1_description.egg-info
[4.819s] writing ../../build/oppressor_mk1_description/oppressor_mk1_description.egg-info/PKG-INFO
[4.820s] writing dependency_links to ../../build/oppressor_mk1_description/oppressor_mk1_description.egg-info/dependency_links.txt
[4.822s] writing requirements to ../../build/oppressor_mk1_description/oppressor_mk1_description.egg-info/requires.txt
[4.823s] writing top-level names to ../../build/oppressor_mk1_description/oppressor_mk1_description.egg-info/top_level.txt
[4.823s] writing manifest file '../../build/oppressor_mk1_description/oppressor_mk1_description.egg-info/SOURCES.txt'
[4.925s] reading manifest file '../../build/oppressor_mk1_description/oppressor_mk1_description.egg-info/SOURCES.txt'
[4.926s] writing manifest file '../../build/oppressor_mk1_description/oppressor_mk1_description.egg-info/SOURCES.txt'
[4.927s] running build
[4.927s] running build_py
[4.928s] creating /home/user/ros2_ws/build/oppressor_mk1_description/build
[4.928s] creating /home/user/ros2_ws/build/oppressor_mk1_description/build/lib
[4.928s] creating /home/user/ros2_ws/build/oppressor_mk1_description/build/lib/oppressor_mk1_description
[4.997s] copying oppressor_mk1_description/__init__.py -> /home/user/ros2_ws/build/oppressor_mk1_description/build/lib/oppressor_mk1_description
[4.997s] running install
[5.008s] running install_lib
[5.029s] creating /home/user/ros2_ws/install/oppressor_mk1_description/lib/python3.12/site-packages/oppressor_mk1_description
[5.097s] copying /home/user/ros2_ws/build/oppressor_mk1_description/build/lib/oppressor_mk1_description/__init__.py -> /home/user/ros2_ws/install/oppressor_mk1_description/lib/python3.12/site-packages/oppressor_mk1_description
[5.098s] byte-compiling /home/user/ros2_ws/install/oppressor_mk1_description/lib/python3.12/site-packages/oppressor_mk1_description/__init__.py to __init__.cpython-312.pyc
[5.098s] running install_data
[5.099s] creating /home/user/ros2_ws/install/oppressor_mk1_description/share/ament_index
[5.100s] creating /home/user/ros2_ws/install/oppressor_mk1_description/share/ament_index/resource_index
[5.100s] creating /home/user/ros2_ws/install/oppressor_mk1_description/share/ament_index/resource_index/packages
[5.100s] copying resource/oppressor_mk1_description -> /home/user/ros2_ws/install/oppressor_mk1_description/share/ament_index/resource_index/packages
[5.100s] copying package.xml -> /home/user/ros2_ws/install/oppressor_mk1_description/share/oppressor_mk1_description
[5.100s] creating /home/user/ros2_ws/install/oppressor_mk1_description/share/oppressor_mk1_description/launch
[5.101s] copying launch/gazebo.launch.py -> /home/user/ros2_ws/install/oppressor_mk1_description/share/oppressor_mk1_description/launch
[5.101s] copying launch/display.launch.py -> /home/user/ros2_ws/install/oppressor_mk1_description/share/oppressor_mk1_description/launch
[5.102s] creating /home/user/ros2_ws/install/oppressor_mk1_description/share/oppressor_mk1_description/urdf
[5.103s] copying urdf/oppressor_mk1.ros2control -> /home/user/ros2_ws/install/oppressor_mk1_description/share/oppressor_mk1_description/urdf
[5.115s] copying urdf/oppressor_mk1.gazebo -> /home/user/ros2_ws/install/oppressor_mk1_description/share/oppressor_mk1_description/urdf
[5.115s] copying urdf/materials.xacro -> /home/user/ros2_ws/install/oppressor_mk1_description/share/oppressor_mk1_description/urdf
[5.117s] copying urdf/oppressor_mk1.xacro -> /home/user/ros2_ws/install/oppressor_mk1_description/share/oppressor_mk1_description/urdf
[5.117s] creating /home/user/ros2_ws/install/oppressor_mk1_description/share/oppressor_mk1_description/meshes
[5.118s] copying meshes/camera_1.stl -> /home/user/ros2_ws/install/oppressor_mk1_description/share/oppressor_mk1_description/meshes
[5.119s] copying meshes/base_link.stl -> /home/user/ros2_ws/install/oppressor_mk1_description/share/oppressor_mk1_description/meshes
[5.119s] copying meshes/left_front_wheel_1.stl -> /home/user/ros2_ws/install/oppressor_mk1_description/share/oppressor_mk1_description/meshes
[5.120s] copying meshes/left_back_wheel_1.stl -> /home/user/ros2_ws/install/oppressor_mk1_description/share/oppressor_mk1_description/meshes
[5.120s] copying meshes/right_back_wheel_1.stl -> /home/user/ros2_ws/install/oppressor_mk1_description/share/oppressor_mk1_description/meshes
[5.121s] copying meshes/right_front_wheel_1.stl -> /home/user/ros2_ws/install/oppressor_mk1_description/share/oppressor_mk1_description/meshes
[5.122s] copying meshes/lidar_1.stl -> /home/user/ros2_ws/install/oppressor_mk1_description/share/oppressor_mk1_description/meshes
[5.123s] creating /home/user/ros2_ws/install/oppressor_mk1_description/share/oppressor_mk1_description/config
[5.123s] copying config/display.rviz -> /home/user/ros2_ws/install/oppressor_mk1_description/share/oppressor_mk1_description/config
[5.123s] copying config/gazebo.rviz -> /home/user/ros2_ws/install/oppressor_mk1_description/share/oppressor_mk1_description/config
[5.124s] copying config/ros_gz_bridge_gazebo.yaml -> /home/user/ros2_ws/install/oppressor_mk1_description/share/oppressor_mk1_description/config
[5.124s] running install_egg_info
[5.208s] Copying ../../build/oppressor_mk1_description/oppressor_mk1_description.egg-info to /home/user/ros2_ws/install/oppressor_mk1_description/lib/python3.12/site-packages/oppressor_mk1_description-0.0.0-py3.12.egg-info
[5.210s] running install_scripts
[5.627s] writing list of installed files to '/home/user/ros2_ws/build/oppressor_mk1_description/install.log'
[5.807s] Invoked command in '/home/user/ros2_ws/src/oppressor_mk1_description' returned '0': PYTHONPATH=/home/user/ros2_ws/build/oppressor_mk1_description/prefix_override:/usr/lib/python3/dist-packages/colcon_core/task/python/colcon_distutils_commands:/home/user/ros2_ws/install/oppressor_mk1_description/lib/python3.12/site-packages: _=/usr/bin/env /usr/bin/python3 -W ignore:setup.py install is deprecated -W ignore:easy_install command is deprecated setup.py egg_info --egg-base ../../build/oppressor_mk1_description build --build-base /home/user/ros2_ws/build/oppressor_mk1_description/build install --record /home/user/ros2_ws/build/oppressor_mk1_description/install.log --single-version-externally-managed install_data
