[0.155s] DEBUG:colcon:Command line arguments: ['/usr/bin/colcon', 'build']
[0.155s] DEBUG:colcon:Parsed command line arguments: Namespace(log_base=None, log_level=None, verb_name='build', build_base='build', install_base='install', merge_install=False, symlink_install=False, test_result_base=None, continue_on_error=False, executor='parallel', parallel_workers=8, event_handlers=None, ignore_user_meta=False, metas=['./colcon.meta'], base_paths=['.'], packages_ignore=None, packages_ignore_regex=None, paths=None, packages_up_to=None, packages_up_to_regex=None, packages_above=None, packages_above_and_dependencies=None, packages_above_depth=None, packages_select_by_dep=None, packages_skip_by_dep=None, packages_skip_up_to=None, packages_select_build_failed=False, packages_skip_build_finished=False, packages_select_test_failures=False, packages_skip_test_passed=False, packages_select=None, packages_skip=None, packages_select_regex=None, packages_skip_regex=None, packages_start=None, packages_end=None, cmake_args=None, cmake_target=None, cmake_target_skip_unavailable=False, cmake_clean_cache=False, cmake_clean_first=False, cmake_force_configure=False, ament_cmake_args=None, catkin_cmake_args=None, catkin_skip_building_tests=False, mixin_files=None, mixin=None, verb_parser=<colcon_mixin.mixin.mixin_argument.MixinArgumentDecorator object at 0x7f125e88b3e0>, verb_extension=<colcon_core.verb.build.BuildVerb object at 0x7f125e88b080>, main=<bound method BuildVerb.main of <colcon_core.verb.build.BuildVerb object at 0x7f125e88b080>>, mixin_verb=('build',))
[0.204s] Level 1:colcon.colcon_core.package_discovery:discover_packages(colcon_meta) check parameters
[0.205s] Level 1:colcon.colcon_core.package_discovery:discover_packages(recursive) check parameters
[0.205s] Level 1:colcon.colcon_core.package_discovery:discover_packages(ignore) check parameters
[0.205s] Level 1:colcon.colcon_core.package_discovery:discover_packages(path) check parameters
[0.205s] Level 1:colcon.colcon_core.package_discovery:discover_packages(colcon_meta) discover
[0.205s] Level 1:colcon.colcon_core.package_discovery:discover_packages(recursive) discover
[0.205s] INFO:colcon.colcon_core.package_discovery:Crawling recursively for packages in '/home/user/ros2_ws/src'
[0.206s] Level 1:colcon.colcon_core.package_identification:_identify(.) by extensions ['ignore', 'ignore_ament_install']
[0.206s] Level 1:colcon.colcon_core.package_identification:_identify(.) by extension 'ignore'
[0.206s] Level 1:colcon.colcon_core.package_identification:_identify(.) by extension 'ignore_ament_install'
[0.206s] Level 1:colcon.colcon_core.package_identification:_identify(.) by extensions ['colcon_pkg']
[0.206s] Level 1:colcon.colcon_core.package_identification:_identify(.) by extension 'colcon_pkg'
[0.206s] Level 1:colcon.colcon_core.package_identification:_identify(.) by extensions ['colcon_meta']
[0.206s] Level 1:colcon.colcon_core.package_identification:_identify(.) by extension 'colcon_meta'
[0.206s] Level 1:colcon.colcon_core.package_identification:_identify(.) by extensions ['ros']
[0.206s] Level 1:colcon.colcon_core.package_identification:_identify(.) by extension 'ros'
[0.245s] Level 1:colcon.colcon_core.package_identification:_identify(.) by extensions ['cmake', 'python']
[0.245s] Level 1:colcon.colcon_core.package_identification:_identify(.) by extension 'cmake'
[0.245s] Level 1:colcon.colcon_core.package_identification:_identify(.) by extension 'python'
[0.245s] Level 1:colcon.colcon_core.package_identification:_identify(.) by extensions ['python_setup_py']
[0.245s] Level 1:colcon.colcon_core.package_identification:_identify(.) by extension 'python_setup_py'
[0.245s] Level 1:colcon.colcon_core.package_identification:_identify(build) by extensions ['ignore', 'ignore_ament_install']
[0.245s] Level 1:colcon.colcon_core.package_identification:_identify(build) by extension 'ignore'
[0.245s] Level 1:colcon.colcon_core.package_identification:_identify(build) ignored
[0.245s] Level 1:colcon.colcon_core.package_identification:_identify(install) by extensions ['ignore', 'ignore_ament_install']
[0.246s] Level 1:colcon.colcon_core.package_identification:_identify(install) by extension 'ignore'
[0.246s] Level 1:colcon.colcon_core.package_identification:_identify(install) ignored
[0.246s] Level 1:colcon.colcon_core.package_identification:_identify(log) by extensions ['ignore', 'ignore_ament_install']
[0.246s] Level 1:colcon.colcon_core.package_identification:_identify(log) by extension 'ignore'
[0.246s] Level 1:colcon.colcon_core.package_identification:_identify(log) ignored
[0.246s] Level 1:colcon.colcon_core.package_identification:_identify(robot_mk1_description) by extensions ['ignore', 'ignore_ament_install']
[0.246s] Level 1:colcon.colcon_core.package_identification:_identify(robot_mk1_description) by extension 'ignore'
[0.246s] Level 1:colcon.colcon_core.package_identification:_identify(robot_mk1_description) by extension 'ignore_ament_install'
[0.246s] Level 1:colcon.colcon_core.package_identification:_identify(robot_mk1_description) by extensions ['colcon_pkg']
[0.246s] Level 1:colcon.colcon_core.package_identification:_identify(robot_mk1_description) by extension 'colcon_pkg'
[0.246s] Level 1:colcon.colcon_core.package_identification:_identify(robot_mk1_description) by extensions ['colcon_meta']
[0.246s] Level 1:colcon.colcon_core.package_identification:_identify(robot_mk1_description) by extension 'colcon_meta'
[0.246s] Level 1:colcon.colcon_core.package_identification:_identify(robot_mk1_description) by extensions ['ros']
[0.247s] Level 1:colcon.colcon_core.package_identification:_identify(robot_mk1_description) by extension 'ros'
[0.251s] DEBUG:colcon.colcon_core.package_identification:Package 'robot_mk1_description' with type 'ros.ament_python' and name 'robot_mk1_description'
[0.251s] Level 1:colcon.colcon_core.package_identification:_identify(robot_urdf_description) by extensions ['ignore', 'ignore_ament_install']
[0.251s] Level 1:colcon.colcon_core.package_identification:_identify(robot_urdf_description) by extension 'ignore'
[0.251s] Level 1:colcon.colcon_core.package_identification:_identify(robot_urdf_description) by extension 'ignore_ament_install'
[0.251s] Level 1:colcon.colcon_core.package_identification:_identify(robot_urdf_description) by extensions ['colcon_pkg']
[0.251s] Level 1:colcon.colcon_core.package_identification:_identify(robot_urdf_description) by extension 'colcon_pkg'
[0.251s] Level 1:colcon.colcon_core.package_identification:_identify(robot_urdf_description) by extensions ['colcon_meta']
[0.251s] Level 1:colcon.colcon_core.package_identification:_identify(robot_urdf_description) by extension 'colcon_meta'
[0.251s] Level 1:colcon.colcon_core.package_identification:_identify(robot_urdf_description) by extensions ['ros']
[0.251s] Level 1:colcon.colcon_core.package_identification:_identify(robot_urdf_description) by extension 'ros'
[0.252s] DEBUG:colcon.colcon_core.package_identification:Package 'robot_urdf_description' with type 'ros.ament_python' and name 'robot_urdf_description'
[0.252s] Level 1:colcon.colcon_core.package_identification:_identify(rosbot_description) by extensions ['ignore', 'ignore_ament_install']
[0.253s] Level 1:colcon.colcon_core.package_identification:_identify(rosbot_description) by extension 'ignore'
[0.253s] Level 1:colcon.colcon_core.package_identification:_identify(rosbot_description) by extension 'ignore_ament_install'
[0.253s] Level 1:colcon.colcon_core.package_identification:_identify(rosbot_description) by extensions ['colcon_pkg']
[0.253s] Level 1:colcon.colcon_core.package_identification:_identify(rosbot_description) by extension 'colcon_pkg'
[0.253s] Level 1:colcon.colcon_core.package_identification:_identify(rosbot_description) by extensions ['colcon_meta']
[0.253s] Level 1:colcon.colcon_core.package_identification:_identify(rosbot_description) by extension 'colcon_meta'
[0.253s] Level 1:colcon.colcon_core.package_identification:_identify(rosbot_description) by extensions ['ros']
[0.253s] Level 1:colcon.colcon_core.package_identification:_identify(rosbot_description) by extension 'ros'
[0.254s] DEBUG:colcon.colcon_core.package_identification:Package 'rosbot_description' with type 'ros.ament_python' and name 'rosbot_description'
[0.254s] Level 1:colcon.colcon_core.package_discovery:discover_packages(recursive) using defaults
[0.254s] Level 1:colcon.colcon_core.package_discovery:discover_packages(ignore) discover
[0.254s] Level 1:colcon.colcon_core.package_discovery:discover_packages(ignore) using defaults
[0.254s] Level 1:colcon.colcon_core.package_discovery:discover_packages(path) discover
[0.254s] Level 1:colcon.colcon_core.package_discovery:discover_packages(path) using defaults
[0.283s] Level 5:colcon.colcon_core.verb:set package 'robot_mk1_description' build argument 'cmake_args' from command line to 'None'
[0.283s] Level 5:colcon.colcon_core.verb:set package 'robot_mk1_description' build argument 'cmake_target' from command line to 'None'
[0.283s] Level 5:colcon.colcon_core.verb:set package 'robot_mk1_description' build argument 'cmake_target_skip_unavailable' from command line to 'False'
[0.283s] Level 5:colcon.colcon_core.verb:set package 'robot_mk1_description' build argument 'cmake_clean_cache' from command line to 'False'
[0.284s] Level 5:colcon.colcon_core.verb:set package 'robot_mk1_description' build argument 'cmake_clean_first' from command line to 'False'
[0.284s] Level 5:colcon.colcon_core.verb:set package 'robot_mk1_description' build argument 'cmake_force_configure' from command line to 'False'
[0.284s] Level 5:colcon.colcon_core.verb:set package 'robot_mk1_description' build argument 'ament_cmake_args' from command line to 'None'
[0.284s] Level 5:colcon.colcon_core.verb:set package 'robot_mk1_description' build argument 'catkin_cmake_args' from command line to 'None'
[0.284s] Level 5:colcon.colcon_core.verb:set package 'robot_mk1_description' build argument 'catkin_skip_building_tests' from command line to 'False'
[0.284s] DEBUG:colcon.colcon_core.verb:Building package 'robot_mk1_description' with the following arguments: {'ament_cmake_args': None, 'build_base': '/home/user/ros2_ws/src/build/robot_mk1_description', 'catkin_cmake_args': None, 'catkin_skip_building_tests': False, 'cmake_args': None, 'cmake_clean_cache': False, 'cmake_clean_first': False, 'cmake_force_configure': False, 'cmake_target': None, 'cmake_target_skip_unavailable': False, 'install_base': '/home/user/ros2_ws/src/install/robot_mk1_description', 'merge_install': False, 'path': '/home/user/ros2_ws/src/robot_mk1_description', 'symlink_install': False, 'test_result_base': None}
[0.284s] Level 5:colcon.colcon_core.verb:set package 'robot_urdf_description' build argument 'cmake_args' from command line to 'None'
[0.284s] Level 5:colcon.colcon_core.verb:set package 'robot_urdf_description' build argument 'cmake_target' from command line to 'None'
[0.284s] Level 5:colcon.colcon_core.verb:set package 'robot_urdf_description' build argument 'cmake_target_skip_unavailable' from command line to 'False'
[0.284s] Level 5:colcon.colcon_core.verb:set package 'robot_urdf_description' build argument 'cmake_clean_cache' from command line to 'False'
[0.284s] Level 5:colcon.colcon_core.verb:set package 'robot_urdf_description' build argument 'cmake_clean_first' from command line to 'False'
[0.284s] Level 5:colcon.colcon_core.verb:set package 'robot_urdf_description' build argument 'cmake_force_configure' from command line to 'False'
[0.284s] Level 5:colcon.colcon_core.verb:set package 'robot_urdf_description' build argument 'ament_cmake_args' from command line to 'None'
[0.284s] Level 5:colcon.colcon_core.verb:set package 'robot_urdf_description' build argument 'catkin_cmake_args' from command line to 'None'
[0.284s] Level 5:colcon.colcon_core.verb:set package 'robot_urdf_description' build argument 'catkin_skip_building_tests' from command line to 'False'
[0.285s] DEBUG:colcon.colcon_core.verb:Building package 'robot_urdf_description' with the following arguments: {'ament_cmake_args': None, 'build_base': '/home/user/ros2_ws/src/build/robot_urdf_description', 'catkin_cmake_args': None, 'catkin_skip_building_tests': False, 'cmake_args': None, 'cmake_clean_cache': False, 'cmake_clean_first': False, 'cmake_force_configure': False, 'cmake_target': None, 'cmake_target_skip_unavailable': False, 'install_base': '/home/user/ros2_ws/src/install/robot_urdf_description', 'merge_install': False, 'path': '/home/user/ros2_ws/src/robot_urdf_description', 'symlink_install': False, 'test_result_base': None}
[0.285s] Level 5:colcon.colcon_core.verb:set package 'rosbot_description' build argument 'cmake_args' from command line to 'None'
[0.285s] Level 5:colcon.colcon_core.verb:set package 'rosbot_description' build argument 'cmake_target' from command line to 'None'
[0.285s] Level 5:colcon.colcon_core.verb:set package 'rosbot_description' build argument 'cmake_target_skip_unavailable' from command line to 'False'
[0.285s] Level 5:colcon.colcon_core.verb:set package 'rosbot_description' build argument 'cmake_clean_cache' from command line to 'False'
[0.285s] Level 5:colcon.colcon_core.verb:set package 'rosbot_description' build argument 'cmake_clean_first' from command line to 'False'
[0.285s] Level 5:colcon.colcon_core.verb:set package 'rosbot_description' build argument 'cmake_force_configure' from command line to 'False'
[0.285s] Level 5:colcon.colcon_core.verb:set package 'rosbot_description' build argument 'ament_cmake_args' from command line to 'None'
[0.285s] Level 5:colcon.colcon_core.verb:set package 'rosbot_description' build argument 'catkin_cmake_args' from command line to 'None'
[0.285s] Level 5:colcon.colcon_core.verb:set package 'rosbot_description' build argument 'catkin_skip_building_tests' from command line to 'False'
[0.285s] DEBUG:colcon.colcon_core.verb:Building package 'rosbot_description' with the following arguments: {'ament_cmake_args': None, 'build_base': '/home/user/ros2_ws/src/build/rosbot_description', 'catkin_cmake_args': None, 'catkin_skip_building_tests': False, 'cmake_args': None, 'cmake_clean_cache': False, 'cmake_clean_first': False, 'cmake_force_configure': False, 'cmake_target': None, 'cmake_target_skip_unavailable': False, 'install_base': '/home/user/ros2_ws/src/install/rosbot_description', 'merge_install': False, 'path': '/home/user/ros2_ws/src/rosbot_description', 'symlink_install': False, 'test_result_base': None}
[0.286s] INFO:colcon.colcon_core.executor:Executing jobs using 'parallel' executor
[0.287s] DEBUG:colcon.colcon_parallel_executor.executor.parallel:run_until_complete
[0.288s] INFO:colcon.colcon_ros.task.ament_python.build:Building ROS package in '/home/user/ros2_ws/src/robot_mk1_description' with build type 'ament_python'
[0.288s] Level 1:colcon.colcon_core.shell:create_environment_hook('robot_mk1_description', 'ament_prefix_path')
[0.297s] INFO:colcon.colcon_core.plugin_system:Skipping extension 'colcon_core.shell.bat': Not used on non-Windows systems
[0.298s] INFO:colcon.colcon_core.shell:Creating environment hook '/home/user/ros2_ws/src/install/robot_mk1_description/share/robot_mk1_description/hook/ament_prefix_path.ps1'
[0.299s] INFO:colcon.colcon_core.shell:Creating environment descriptor '/home/user/ros2_ws/src/install/robot_mk1_description/share/robot_mk1_description/hook/ament_prefix_path.dsv'
[0.300s] INFO:colcon.colcon_core.shell:Creating environment hook '/home/user/ros2_ws/src/install/robot_mk1_description/share/robot_mk1_description/hook/ament_prefix_path.sh'
[0.300s] INFO:colcon.colcon_core.shell:Skip shell extension 'powershell' for command environment: Not usable outside of PowerShell
[0.301s] DEBUG:colcon.colcon_core.shell:Skip shell extension 'dsv' for command environment
[0.309s] INFO:colcon.colcon_ros.task.ament_python.build:Building ROS package in '/home/user/ros2_ws/src/robot_urdf_description' with build type 'ament_python'
[0.309s] Level 1:colcon.colcon_core.shell:create_environment_hook('robot_urdf_description', 'ament_prefix_path')
[0.310s] INFO:colcon.colcon_core.shell:Creating environment hook '/home/user/ros2_ws/src/install/robot_urdf_description/share/robot_urdf_description/hook/ament_prefix_path.ps1'
[0.311s] INFO:colcon.colcon_core.shell:Creating environment descriptor '/home/user/ros2_ws/src/install/robot_urdf_description/share/robot_urdf_description/hook/ament_prefix_path.dsv'
[0.311s] INFO:colcon.colcon_core.shell:Creating environment hook '/home/user/ros2_ws/src/install/robot_urdf_description/share/robot_urdf_description/hook/ament_prefix_path.sh'
[0.312s] INFO:colcon.colcon_core.shell:Skip shell extension 'powershell' for command environment: Not usable outside of PowerShell
[0.312s] DEBUG:colcon.colcon_core.shell:Skip shell extension 'dsv' for command environment
[0.322s] INFO:colcon.colcon_ros.task.ament_python.build:Building ROS package in '/home/user/ros2_ws/src/rosbot_description' with build type 'ament_python'
[0.322s] Level 1:colcon.colcon_core.shell:create_environment_hook('rosbot_description', 'ament_prefix_path')
[0.323s] INFO:colcon.colcon_core.shell:Creating environment hook '/home/user/ros2_ws/src/install/rosbot_description/share/rosbot_description/hook/ament_prefix_path.ps1'
[0.323s] INFO:colcon.colcon_core.shell:Creating environment descriptor '/home/user/ros2_ws/src/install/rosbot_description/share/rosbot_description/hook/ament_prefix_path.dsv'
[0.324s] INFO:colcon.colcon_core.shell:Creating environment hook '/home/user/ros2_ws/src/install/rosbot_description/share/rosbot_description/hook/ament_prefix_path.sh'
[0.325s] INFO:colcon.colcon_core.shell:Skip shell extension 'powershell' for command environment: Not usable outside of PowerShell
[0.326s] DEBUG:colcon.colcon_core.shell:Skip shell extension 'dsv' for command environment
[0.636s] INFO:colcon.colcon_core.task.python.build:Building Python package in '/home/user/ros2_ws/src/robot_mk1_description'
[0.636s] INFO:colcon.colcon_core.shell:Skip shell extension 'powershell' for command environment: Not usable outside of PowerShell
[0.636s] DEBUG:colcon.colcon_core.shell:Skip shell extension 'dsv' for command environment
[0.982s] INFO:colcon.colcon_core.task.python.build:Building Python package in '/home/user/ros2_ws/src/robot_urdf_description'
[0.982s] INFO:colcon.colcon_core.shell:Skip shell extension 'powershell' for command environment: Not usable outside of PowerShell
[0.982s] DEBUG:colcon.colcon_core.shell:Skip shell extension 'dsv' for command environment
[1.302s] INFO:colcon.colcon_core.task.python.build:Building Python package in '/home/user/ros2_ws/src/rosbot_description'
[1.302s] INFO:colcon.colcon_core.shell:Skip shell extension 'powershell' for command environment: Not usable outside of PowerShell
[1.302s] DEBUG:colcon.colcon_core.shell:Skip shell extension 'dsv' for command environment
[2.656s] DEBUG:colcon.colcon_core.event_handler.log_command:Invoking command in '/home/user/ros2_ws/src/robot_urdf_description': PYTHONPATH=/home/user/ros2_ws/src/build/robot_urdf_description/prefix_override:/usr/lib/python3/dist-packages/colcon_core/task/python/colcon_distutils_commands:/home/user/ros2_ws/src/install/robot_urdf_description/lib/python3.12/site-packages:${PYTHONPATH} _=/usr/bin/env /usr/bin/python3 -W ignore:setup.py install is deprecated -W ignore:easy_install command is deprecated setup.py egg_info --egg-base ../build/robot_urdf_description build --build-base /home/user/ros2_ws/src/build/robot_urdf_description/build install --record /home/user/ros2_ws/src/build/robot_urdf_description/install.log --single-version-externally-managed install_data
[2.747s] DEBUG:colcon.colcon_core.event_handler.log_command:Invoking command in '/home/user/ros2_ws/src/rosbot_description': PYTHONPATH=/home/user/ros2_ws/src/build/rosbot_description/prefix_override:/usr/lib/python3/dist-packages/colcon_core/task/python/colcon_distutils_commands:/home/user/ros2_ws/src/install/rosbot_description/lib/python3.12/site-packages:${PYTHONPATH} _=/usr/bin/env /usr/bin/python3 -W ignore:setup.py install is deprecated -W ignore:easy_install command is deprecated setup.py egg_info --egg-base ../build/rosbot_description build --build-base /home/user/ros2_ws/src/build/rosbot_description/build install --record /home/user/ros2_ws/src/build/rosbot_description/install.log --single-version-externally-managed install_data
[2.790s] DEBUG:colcon.colcon_core.event_handler.log_command:Invoking command in '/home/user/ros2_ws/src/robot_mk1_description': PYTHONPATH=/home/user/ros2_ws/src/build/robot_mk1_description/prefix_override:/usr/lib/python3/dist-packages/colcon_core/task/python/colcon_distutils_commands:/home/user/ros2_ws/src/install/robot_mk1_description/lib/python3.12/site-packages:${PYTHONPATH} _=/usr/bin/env /usr/bin/python3 -W ignore:setup.py install is deprecated -W ignore:easy_install command is deprecated setup.py egg_info --egg-base ../build/robot_mk1_description build --build-base /home/user/ros2_ws/src/build/robot_mk1_description/build install --record /home/user/ros2_ws/src/build/robot_mk1_description/install.log --single-version-externally-managed install_data
[3.844s] DEBUG:colcon.colcon_core.event_handler.log_command:Invoked command in '/home/user/ros2_ws/src/robot_urdf_description' returned '0': PYTHONPATH=/home/user/ros2_ws/src/build/robot_urdf_description/prefix_override:/usr/lib/python3/dist-packages/colcon_core/task/python/colcon_distutils_commands:/home/user/ros2_ws/src/install/robot_urdf_description/lib/python3.12/site-packages:${PYTHONPATH} _=/usr/bin/env /usr/bin/python3 -W ignore:setup.py install is deprecated -W ignore:easy_install command is deprecated setup.py egg_info --egg-base ../build/robot_urdf_description build --build-base /home/user/ros2_ws/src/build/robot_urdf_description/build install --record /home/user/ros2_ws/src/build/robot_urdf_description/install.log --single-version-externally-managed install_data
[3.847s] Level 1:colcon.colcon_core.environment:checking '/home/user/ros2_ws/src/install/robot_urdf_description' for CMake module files
[3.847s] Level 1:colcon.colcon_core.environment:checking '/home/user/ros2_ws/src/install/robot_urdf_description' for CMake config files
[3.848s] Level 1:colcon.colcon_core.environment:checking '/home/user/ros2_ws/src/install/robot_urdf_description/lib'
[3.848s] Level 1:colcon.colcon_core.environment:checking '/home/user/ros2_ws/src/install/robot_urdf_description/bin'
[3.848s] Level 1:colcon.colcon_core.environment:checking '/home/user/ros2_ws/src/install/robot_urdf_description/lib/pkgconfig/robot_urdf_description.pc'
[3.849s] Level 1:colcon.colcon_core.environment:checking '/home/user/ros2_ws/src/install/robot_urdf_description/lib/python3.12/site-packages'
[3.849s] Level 1:colcon.colcon_core.shell:create_environment_hook('robot_urdf_description', 'pythonpath')
[3.849s] INFO:colcon.colcon_core.shell:Creating environment hook '/home/user/ros2_ws/src/install/robot_urdf_description/share/robot_urdf_description/hook/pythonpath.ps1'
[3.849s] INFO:colcon.colcon_core.shell:Creating environment descriptor '/home/user/ros2_ws/src/install/robot_urdf_description/share/robot_urdf_description/hook/pythonpath.dsv'
[3.850s] INFO:colcon.colcon_core.shell:Creating environment hook '/home/user/ros2_ws/src/install/robot_urdf_description/share/robot_urdf_description/hook/pythonpath.sh'
[3.850s] Level 1:colcon.colcon_core.environment:checking '/home/user/ros2_ws/src/install/robot_urdf_description/bin'
[3.850s] Level 1:colcon.colcon_core.environment:create_environment_scripts_only(robot_urdf_description)
[3.851s] INFO:colcon.colcon_core.shell:Creating package script '/home/user/ros2_ws/src/install/robot_urdf_description/share/robot_urdf_description/package.ps1'
[3.852s] INFO:colcon.colcon_core.shell:Creating package descriptor '/home/user/ros2_ws/src/install/robot_urdf_description/share/robot_urdf_description/package.dsv'
[3.853s] INFO:colcon.colcon_core.shell:Creating package script '/home/user/ros2_ws/src/install/robot_urdf_description/share/robot_urdf_description/package.sh'
[3.854s] INFO:colcon.colcon_core.shell:Creating package script '/home/user/ros2_ws/src/install/robot_urdf_description/share/robot_urdf_description/package.bash'
[3.854s] INFO:colcon.colcon_core.shell:Creating package script '/home/user/ros2_ws/src/install/robot_urdf_description/share/robot_urdf_description/package.zsh'
[3.855s] Level 1:colcon.colcon_core.environment:create_file_with_runtime_dependencies(/home/user/ros2_ws/src/install/robot_urdf_description/share/colcon-core/packages/robot_urdf_description)
[3.857s] Level 1:colcon.colcon_core.environment:checking '/home/user/ros2_ws/src/install/rosbot_description' for CMake module files
[3.857s] DEBUG:colcon.colcon_core.event_handler.log_command:Invoked command in '/home/user/ros2_ws/src/rosbot_description' returned '0': PYTHONPATH=/home/user/ros2_ws/src/build/rosbot_description/prefix_override:/usr/lib/python3/dist-packages/colcon_core/task/python/colcon_distutils_commands:/home/user/ros2_ws/src/install/rosbot_description/lib/python3.12/site-packages:${PYTHONPATH} _=/usr/bin/env /usr/bin/python3 -W ignore:setup.py install is deprecated -W ignore:easy_install command is deprecated setup.py egg_info --egg-base ../build/rosbot_description build --build-base /home/user/ros2_ws/src/build/rosbot_description/build install --record /home/user/ros2_ws/src/build/rosbot_description/install.log --single-version-externally-managed install_data
[3.858s] Level 1:colcon.colcon_core.environment:checking '/home/user/ros2_ws/src/install/rosbot_description' for CMake config files
[3.858s] Level 1:colcon.colcon_core.environment:checking '/home/user/ros2_ws/src/install/rosbot_description/lib'
[3.858s] Level 1:colcon.colcon_core.environment:checking '/home/user/ros2_ws/src/install/rosbot_description/bin'
[3.858s] Level 1:colcon.colcon_core.environment:checking '/home/user/ros2_ws/src/install/rosbot_description/lib/pkgconfig/rosbot_description.pc'
[3.859s] Level 1:colcon.colcon_core.environment:checking '/home/user/ros2_ws/src/install/rosbot_description/lib/python3.12/site-packages'
[3.859s] Level 1:colcon.colcon_core.shell:create_environment_hook('rosbot_description', 'pythonpath')
[3.860s] INFO:colcon.colcon_core.shell:Creating environment hook '/home/user/ros2_ws/src/install/rosbot_description/share/rosbot_description/hook/pythonpath.ps1'
[3.860s] INFO:colcon.colcon_core.shell:Creating environment descriptor '/home/user/ros2_ws/src/install/rosbot_description/share/rosbot_description/hook/pythonpath.dsv'
[3.860s] INFO:colcon.colcon_core.shell:Creating environment hook '/home/user/ros2_ws/src/install/rosbot_description/share/rosbot_description/hook/pythonpath.sh'
[3.861s] Level 1:colcon.colcon_core.environment:checking '/home/user/ros2_ws/src/install/rosbot_description/bin'
[3.861s] Level 1:colcon.colcon_core.environment:create_environment_scripts_only(rosbot_description)
[3.861s] INFO:colcon.colcon_core.shell:Creating package script '/home/user/ros2_ws/src/install/rosbot_description/share/rosbot_description/package.ps1'
[3.862s] INFO:colcon.colcon_core.shell:Creating package descriptor '/home/user/ros2_ws/src/install/rosbot_description/share/rosbot_description/package.dsv'
[3.862s] INFO:colcon.colcon_core.shell:Creating package script '/home/user/ros2_ws/src/install/rosbot_description/share/rosbot_description/package.sh'
[3.863s] INFO:colcon.colcon_core.shell:Creating package script '/home/user/ros2_ws/src/install/rosbot_description/share/rosbot_description/package.bash'
[3.863s] INFO:colcon.colcon_core.shell:Creating package script '/home/user/ros2_ws/src/install/rosbot_description/share/rosbot_description/package.zsh'
[3.863s] Level 1:colcon.colcon_core.environment:create_file_with_runtime_dependencies(/home/user/ros2_ws/src/install/rosbot_description/share/colcon-core/packages/rosbot_description)
[3.864s] Level 1:colcon.colcon_core.environment:checking '/home/user/ros2_ws/src/install/robot_mk1_description' for CMake module files
[3.865s] Level 1:colcon.colcon_core.environment:checking '/home/user/ros2_ws/src/install/robot_mk1_description' for CMake config files
[3.865s] DEBUG:colcon.colcon_core.event_handler.log_command:Invoked command in '/home/user/ros2_ws/src/robot_mk1_description' returned '0': PYTHONPATH=/home/user/ros2_ws/src/build/robot_mk1_description/prefix_override:/usr/lib/python3/dist-packages/colcon_core/task/python/colcon_distutils_commands:/home/user/ros2_ws/src/install/robot_mk1_description/lib/python3.12/site-packages:${PYTHONPATH} _=/usr/bin/env /usr/bin/python3 -W ignore:setup.py install is deprecated -W ignore:easy_install command is deprecated setup.py egg_info --egg-base ../build/robot_mk1_description build --build-base /home/user/ros2_ws/src/build/robot_mk1_description/build install --record /home/user/ros2_ws/src/build/robot_mk1_description/install.log --single-version-externally-managed install_data
[3.866s] Level 1:colcon.colcon_core.environment:checking '/home/user/ros2_ws/src/install/robot_mk1_description/lib'
[3.866s] Level 1:colcon.colcon_core.environment:checking '/home/user/ros2_ws/src/install/robot_mk1_description/bin'
[3.866s] Level 1:colcon.colcon_core.environment:checking '/home/user/ros2_ws/src/install/robot_mk1_description/lib/pkgconfig/robot_mk1_description.pc'
[3.866s] Level 1:colcon.colcon_core.environment:checking '/home/user/ros2_ws/src/install/robot_mk1_description/lib/python3.12/site-packages'
[3.866s] Level 1:colcon.colcon_core.shell:create_environment_hook('robot_mk1_description', 'pythonpath')
[3.867s] INFO:colcon.colcon_core.shell:Creating environment hook '/home/user/ros2_ws/src/install/robot_mk1_description/share/robot_mk1_description/hook/pythonpath.ps1'
[3.867s] INFO:colcon.colcon_core.shell:Creating environment descriptor '/home/user/ros2_ws/src/install/robot_mk1_description/share/robot_mk1_description/hook/pythonpath.dsv'
[3.867s] INFO:colcon.colcon_core.shell:Creating environment hook '/home/user/ros2_ws/src/install/robot_mk1_description/share/robot_mk1_description/hook/pythonpath.sh'
[3.868s] Level 1:colcon.colcon_core.environment:checking '/home/user/ros2_ws/src/install/robot_mk1_description/bin'
[3.868s] Level 1:colcon.colcon_core.environment:create_environment_scripts_only(robot_mk1_description)
[3.868s] INFO:colcon.colcon_core.shell:Creating package script '/home/user/ros2_ws/src/install/robot_mk1_description/share/robot_mk1_description/package.ps1'
[3.869s] INFO:colcon.colcon_core.shell:Creating package descriptor '/home/user/ros2_ws/src/install/robot_mk1_description/share/robot_mk1_description/package.dsv'
[3.869s] INFO:colcon.colcon_core.shell:Creating package script '/home/user/ros2_ws/src/install/robot_mk1_description/share/robot_mk1_description/package.sh'
[3.870s] INFO:colcon.colcon_core.shell:Creating package script '/home/user/ros2_ws/src/install/robot_mk1_description/share/robot_mk1_description/package.bash'
[3.870s] INFO:colcon.colcon_core.shell:Creating package script '/home/user/ros2_ws/src/install/robot_mk1_description/share/robot_mk1_description/package.zsh'
[3.871s] Level 1:colcon.colcon_core.environment:create_file_with_runtime_dependencies(/home/user/ros2_ws/src/install/robot_mk1_description/share/colcon-core/packages/robot_mk1_description)
[3.871s] DEBUG:colcon.colcon_parallel_executor.executor.parallel:closing loop
[3.871s] DEBUG:colcon.colcon_parallel_executor.executor.parallel:loop closed
[3.872s] DEBUG:colcon.colcon_parallel_executor.executor.parallel:run_until_complete finished with '0'
[3.872s] DEBUG:colcon.colcon_core.event_reactor:joining thread
[3.879s] INFO:colcon.colcon_core.plugin_system:Skipping extension 'colcon_notification.desktop_notification.notify_send': Could not find 'notify-send'
[3.879s] INFO:colcon.colcon_core.plugin_system:Skipping extension 'colcon_notification.desktop_notification.terminal_notifier': Not used on non-Darwin systems
[3.879s] INFO:colcon.colcon_core.plugin_system:Skipping extension 'colcon_notification.desktop_notification.win32': Not used on non-Windows systems
[3.879s] INFO:colcon.colcon_notification.desktop_notification:Sending desktop notification using 'notify2'
[3.882s] DEBUG:colcon.colcon_notification.desktop_notification.notify2:Failed to initialize notify2: org.freedesktop.DBus.Error.Spawn.ExecFailed: /usr/bin/dbus-launch terminated abnormally without any error message
[3.882s] DEBUG:colcon.colcon_core.event_reactor:joined thread
[3.882s] INFO:colcon.colcon_core.shell:Creating prefix script '/home/user/ros2_ws/src/install/local_setup.ps1'
[3.883s] INFO:colcon.colcon_core.shell:Creating prefix util module '/home/user/ros2_ws/src/install/_local_setup_util_ps1.py'
[3.884s] INFO:colcon.colcon_core.shell:Creating prefix chain script '/home/user/ros2_ws/src/install/setup.ps1'
[3.886s] INFO:colcon.colcon_core.shell:Creating prefix script '/home/user/ros2_ws/src/install/local_setup.sh'
[3.886s] INFO:colcon.colcon_core.shell:Creating prefix util module '/home/user/ros2_ws/src/install/_local_setup_util_sh.py'
[3.887s] INFO:colcon.colcon_core.shell:Creating prefix chain script '/home/user/ros2_ws/src/install/setup.sh'
[3.888s] INFO:colcon.colcon_core.shell:Creating prefix script '/home/user/ros2_ws/src/install/local_setup.bash'
[3.888s] INFO:colcon.colcon_core.shell:Creating prefix chain script '/home/user/ros2_ws/src/install/setup.bash'
[3.889s] INFO:colcon.colcon_core.shell:Creating prefix script '/home/user/ros2_ws/src/install/local_setup.zsh'
[3.889s] INFO:colcon.colcon_core.shell:Creating prefix chain script '/home/user/ros2_ws/src/install/setup.zsh'
