[0.017s] Invoking command in '/home/user/ros2_ws/build/oppressor_api': CMAKE_PREFIX_PATH=${CMAKE_PREFIX_PATH}:/home/user/ros2_ws/install/rosbot_mk3_description:/home/user/ros2_ws/install/rosbot_description:/home/user/ros2_ws/install/robot_urdf_description:/home/user/ros2_ws/install/robot_mk1_description:/home/user/ros2_ws/install/qube_1_description:/home/user/ros2_ws/install/oppressor_mk3_description:/home/user/ros2_ws/install/oppressor_mk1_description:/home/user/ros2_ws/install/bullet_arm_description:/home/user/ros2_ws/install/ARM_MK1_description:/opt/ros/jazzy _=/usr/bin/env /usr/bin/cmake --build /home/user/ros2_ws/build/oppressor_api -- -j8 -l8
[0.047s] -- Found ament_cmake: 2.5.6 (/opt/ros/jazzy/share/ament_cmake/cmake)
[0.300s] -- Found rclcpp: 28.1.18 (/opt/ros/jazzy/share/rclcpp/cmake)
[0.334s] -- Found rosidl_generator_c: 4.6.7 (/opt/ros/jazzy/share/rosidl_generator_c/cmake)
[0.345s] -- Found rosidl_generator_cpp: 4.6.7 (/opt/ros/jazzy/share/rosidl_generator_cpp/cmake)
[0.360s] -- Using all available rosidl_typesupport_c: rosidl_typesupport_fastrtps_c;rosidl_typesupport_introspection_c
[0.377s] -- Using all available rosidl_typesupport_cpp: rosidl_typesupport_fastrtps_cpp;rosidl_typesupport_introspection_cpp
[0.457s] -- Found rmw_implementation_cmake: 7.3.3 (/opt/ros/jazzy/share/rmw_implementation_cmake/cmake)
[0.459s] -- Found rmw_fastrtps_cpp: 8.4.3 (/opt/ros/jazzy/share/rmw_fastrtps_cpp/cmake)
[0.535s] -- Using RMW implementation 'rmw_fastrtps_cpp' as default
[0.615s] -- Found geometry_msgs: 5.3.7 (/opt/ros/jazzy/share/geometry_msgs/cmake)
[0.662s] -- Found sensor_msgs: 5.3.7 (/opt/ros/jazzy/share/sensor_msgs/cmake)
[0.698s] -- Found cv_bridge: 4.1.0 (/opt/ros/jazzy/share/cv_bridge/cmake)
[0.711s] -- Found image_transport: 5.1.7 (/opt/ros/jazzy/share/image_transport/cmake)
[0.854s] -- Configuring done (0.8s)
[0.878s] -- Generating done (0.0s)
[0.884s] -- Build files have been written to: /home/user/ros2_ws/build/oppressor_api
[0.936s] [ 20%] [32mBuilding CXX object CMakeFiles/controller.dir/src/controller.cpp.o[0m
[0.944s] [ 40%] [32mBuilding CXX object CMakeFiles/controller.dir/src/pid.cpp.o[0m
[0.955s] [01m[K/home/user/ros2_ws/src/oppressor_api/src/pid.cpp:1:10:[m[K [01;31m[Kfatal error: [m[Koppressor_api/pid.h: No such file or directory
[0.955s]     1 | #include [01;31m[K"oppressor_api/pid.h"[m[K
[0.955s]       |          [01;31m[K^~~~~~~~~~~~~~~~~~~~~[m[K
[0.955s] compilation terminated.
[0.956s] gmake[2]: *** [CMakeFiles/controller.dir/build.make:90: CMakeFiles/controller.dir/src/pid.cpp.o] Error 1
[0.956s] gmake[2]: *** Waiting for unfinished jobs....
[0.957s] [ 80%] Built target image_processing
[1.263s] [01m[K/home/user/ros2_ws/src/oppressor_api/src/controller.cpp:10:10:[m[K [01;31m[Kfatal error: [m[Koppressor_api/pid.h: No such file or directory
[1.263s]    10 | #include [01;31m[K"oppressor_api/pid.h"[m[K
[1.263s]       |          [01;31m[K^~~~~~~~~~~~~~~~~~~~~[m[K
[1.263s] compilation terminated.
[1.266s] gmake[2]: *** [CMakeFiles/controller.dir/build.make:76: CMakeFiles/controller.dir/src/controller.cpp.o] Error 1
[1.266s] gmake[1]: *** [CMakeFiles/Makefile2:165: CMakeFiles/controller.dir/all] Error 2
[1.266s] gmake: *** [Makefile:146: all] Error 2
[1.269s] Invoked command in '/home/user/ros2_ws/build/oppressor_api' returned '2': CMAKE_PREFIX_PATH=${CMAKE_PREFIX_PATH}:/home/user/ros2_ws/install/rosbot_mk3_description:/home/user/ros2_ws/install/rosbot_description:/home/user/ros2_ws/install/robot_urdf_description:/home/user/ros2_ws/install/robot_mk1_description:/home/user/ros2_ws/install/qube_1_description:/home/user/ros2_ws/install/oppressor_mk3_description:/home/user/ros2_ws/install/oppressor_mk1_description:/home/user/ros2_ws/install/bullet_arm_description:/home/user/ros2_ws/install/ARM_MK1_description:/opt/ros/jazzy _=/usr/bin/env /usr/bin/cmake --build /home/user/ros2_ws/build/oppressor_api -- -j8 -l8
