[0.708s] Invoking command in '/home/user/ros2_ws/build/oppressor_api': CMAKE_PREFIX_PATH=${CMAKE_PREFIX_PATH}:/home/user/ros2_ws/install/rosbot_mk3_description:/home/user/ros2_ws/install/rosbot_description:/home/user/ros2_ws/install/robot_urdf_description:/home/user/ros2_ws/install/robot_mk1_description:/home/user/ros2_ws/install/qube_1_description:/home/user/ros2_ws/install/oppressor_mk3_description:/home/user/ros2_ws/install/oppressor_mk1_description:/home/user/ros2_ws/install/bullet_arm_description:/home/user/ros2_ws/install/ARM_MK1_description:/opt/ros/jazzy _=/usr/bin/env /usr/bin/cmake /home/user/ros2_ws/src/oppressor_api -DCMAKE_INSTALL_PREFIX=/home/user/ros2_ws/install/oppressor_api
[2.145s] -- The C compiler identification is GNU 13.3.0
[2.145s] -- The CXX compiler identification is GNU 13.3.0
[2.145s] -- Detecting C compiler ABI info
[2.146s] -- Detecting C compiler ABI info - done
[2.146s] -- Check for working C compiler: /usr/bin/cc - skipped
[2.146s] -- Detecting C compile features
[2.146s] -- Detecting C compile features - done
[2.146s] -- Detecting CXX compiler ABI info
[2.146s] -- Detecting CXX compiler ABI info - done
[2.147s] -- Check for working CXX compiler: /usr/bin/c++ - skipped
[2.147s] -- Detecting CXX compile features
[2.147s] -- Detecting CXX compile features - done
[2.147s] -- Found ament_cmake: 2.5.6 (/opt/ros/jazzy/share/ament_cmake/cmake)
[2.147s] -- Found Python3: /usr/bin/python3 (found version "3.12.3") found components: Interpreter 
[2.147s] -- Found rclcpp: 28.1.18 (/opt/ros/jazzy/share/rclcpp/cmake)
[2.147s] -- Found rosidl_generator_c: 4.6.7 (/opt/ros/jazzy/share/rosidl_generator_c/cmake)
[2.148s] -- Found rosidl_generator_cpp: 4.6.7 (/opt/ros/jazzy/share/rosidl_generator_cpp/cmake)
[2.148s] -- Using all available rosidl_typesupport_c: rosidl_typesupport_fastrtps_c;rosidl_typesupport_introspection_c
[2.155s] -- Using all available rosidl_typesupport_cpp: rosidl_typesupport_fastrtps_cpp;rosidl_typesupport_introspection_cpp
[2.480s] -- Found rmw_implementation_cmake: 7.3.3 (/opt/ros/jazzy/share/rmw_implementation_cmake/cmake)
[2.494s] -- Found rmw_fastrtps_cpp: 8.4.3 (/opt/ros/jazzy/share/rmw_fastrtps_cpp/cmake)
[3.073s] -- Found OpenSSL: /usr/lib/x86_64-linux-gnu/libcrypto.so (found version "3.0.13")  
[3.259s] -- Found FastRTPS: /opt/ros/jazzy/include (Required is at least version "2.13") 
[3.454s] -- Using RMW implementation 'rmw_fastrtps_cpp' as default
[4.380s] -- Found geometry_msgs: 5.3.7 (/opt/ros/jazzy/share/geometry_msgs/cmake)
[4.758s] -- Found sensor_msgs: 5.3.7 (/opt/ros/jazzy/share/sensor_msgs/cmake)
[4.969s] -- Found cv_bridge: 4.1.0 (/opt/ros/jazzy/share/cv_bridge/cmake)
[5.149s] -- Found image_transport: 5.1.7 (/opt/ros/jazzy/share/image_transport/cmake)
[5.459s] -- Found OpenCV: /usr (found version "4.6.0") 
[6.077s] -- Configuring done (5.4s)
[6.245s] -- Generating done (0.1s)
[6.246s] -- Build files have been written to: /home/user/ros2_ws/build/oppressor_api
[6.264s] Invoked command in '/home/user/ros2_ws/build/oppressor_api' returned '0': CMAKE_PREFIX_PATH=${CMAKE_PREFIX_PATH}:/home/user/ros2_ws/install/rosbot_mk3_description:/home/user/ros2_ws/install/rosbot_description:/home/user/ros2_ws/install/robot_urdf_description:/home/user/ros2_ws/install/robot_mk1_description:/home/user/ros2_ws/install/qube_1_description:/home/user/ros2_ws/install/oppressor_mk3_description:/home/user/ros2_ws/install/oppressor_mk1_description:/home/user/ros2_ws/install/bullet_arm_description:/home/user/ros2_ws/install/ARM_MK1_description:/opt/ros/jazzy _=/usr/bin/env /usr/bin/cmake /home/user/ros2_ws/src/oppressor_api -DCMAKE_INSTALL_PREFIX=/home/user/ros2_ws/install/oppressor_api
[6.265s] Invoking command in '/home/user/ros2_ws/build/oppressor_api': CMAKE_PREFIX_PATH=${CMAKE_PREFIX_PATH}:/home/user/ros2_ws/install/rosbot_mk3_description:/home/user/ros2_ws/install/rosbot_description:/home/user/ros2_ws/install/robot_urdf_description:/home/user/ros2_ws/install/robot_mk1_description:/home/user/ros2_ws/install/qube_1_description:/home/user/ros2_ws/install/oppressor_mk3_description:/home/user/ros2_ws/install/oppressor_mk1_description:/home/user/ros2_ws/install/bullet_arm_description:/home/user/ros2_ws/install/ARM_MK1_description:/opt/ros/jazzy _=/usr/bin/env /usr/bin/cmake --build /home/user/ros2_ws/build/oppressor_api -- -j8 -l8
[6.958s] [ 50%] [32mBuilding CXX object CMakeFiles/image_processing.dir/src/image_processing.cpp.o[0m
[9.368s] [01m[K/home/user/ros2_ws/src/oppressor_api/src/image_processing.cpp:11:10:[m[K [01;31m[Kfatal error: [m[Kcv_bridge/cv_bridge.h: No such file or directory
[9.369s]    11 | #include [01;31m[K"cv_bridge/cv_bridge.h"[m[K
[9.369s]       |          [01;31m[K^~~~~~~~~~~~~~~~~~~~~~~[m[K
[9.369s] compilation terminated.
[9.378s] gmake[2]: *** [CMakeFiles/image_processing.dir/build.make:76: CMakeFiles/image_processing.dir/src/image_processing.cpp.o] Error 1
[9.378s] gmake[1]: *** [CMakeFiles/Makefile2:137: CMakeFiles/image_processing.dir/all] Error 2
[9.378s] gmake: *** [Makefile:146: all] Error 2
[9.449s] Invoked command in '/home/user/ros2_ws/build/oppressor_api' returned '2': CMAKE_PREFIX_PATH=${CMAKE_PREFIX_PATH}:/home/user/ros2_ws/install/rosbot_mk3_description:/home/user/ros2_ws/install/rosbot_description:/home/user/ros2_ws/install/robot_urdf_description:/home/user/ros2_ws/install/robot_mk1_description:/home/user/ros2_ws/install/qube_1_description:/home/user/ros2_ws/install/oppressor_mk3_description:/home/user/ros2_ws/install/oppressor_mk1_description:/home/user/ros2_ws/install/bullet_arm_description:/home/user/ros2_ws/install/ARM_MK1_description:/opt/ros/jazzy _=/usr/bin/env /usr/bin/cmake --build /home/user/ros2_ws/build/oppressor_api -- -j8 -l8
