[3.745s] Invoking command in '/home/user/ros2_ws/src/r_arm_description': PYTHONPATH=/home/user/ros2_ws/build/r_arm_description/prefix_override:/usr/lib/python3/dist-packages/colcon_core/task/python/colcon_distutils_commands:/home/user/ros2_ws/install/r_arm_description/lib/python3.12/site-packages:${PYTHONPATH} _=/usr/bin/env /usr/bin/python3 -W ignore:setup.py install is deprecated -W ignore:easy_install command is deprecated setup.py egg_info --egg-base ../../build/r_arm_description build --build-base /home/user/ros2_ws/build/r_arm_description/build install --record /home/user/ros2_ws/build/r_arm_description/install.log --single-version-externally-managed install_data
[4.664s] running egg_info
[4.762s] writing ../../build/r_arm_description/r_arm_description.egg-info/PKG-INFO
[4.762s] writing dependency_links to ../../build/r_arm_description/r_arm_description.egg-info/dependency_links.txt
[4.762s] writing requirements to ../../build/r_arm_description/r_arm_description.egg-info/requires.txt
[4.763s] writing top-level names to ../../build/r_arm_description/r_arm_description.egg-info/top_level.txt
[4.953s] reading manifest file '../../build/r_arm_description/r_arm_description.egg-info/SOURCES.txt'
[4.955s] writing manifest file '../../build/r_arm_description/r_arm_description.egg-info/SOURCES.txt'
[4.957s] running build
[4.957s] running build_py
[4.957s] running install
[4.968s] running install_lib
[5.068s] running install_data
[5.069s] copying launch/gazebo.launch.py -> /home/user/ros2_ws/install/r_arm_description/share/r_arm_description/launch
[5.069s] running install_egg_info
[5.165s] removing '/home/user/ros2_ws/install/r_arm_description/lib/python3.12/site-packages/r_arm_description-0.0.0-py3.12.egg-info' (and everything under it)
[5.165s] Copying ../../build/r_arm_description/r_arm_description.egg-info to /home/user/ros2_ws/install/r_arm_description/lib/python3.12/site-packages/r_arm_description-0.0.0-py3.12.egg-info
[5.167s] running install_scripts
[5.515s] writing list of installed files to '/home/user/ros2_ws/build/r_arm_description/install.log'
[5.554s] Invoked command in '/home/user/ros2_ws/src/r_arm_description' returned '0': PYTHONPATH=/home/user/ros2_ws/build/r_arm_description/prefix_override:/usr/lib/python3/dist-packages/colcon_core/task/python/colcon_distutils_commands:/home/user/ros2_ws/install/r_arm_description/lib/python3.12/site-packages:${PYTHONPATH} _=/usr/bin/env /usr/bin/python3 -W ignore:setup.py install is deprecated -W ignore:easy_install command is deprecated setup.py egg_info --egg-base ../../build/r_arm_description build --build-base /home/user/ros2_ws/build/r_arm_description/build install --record /home/user/ros2_ws/build/r_arm_description/install.log --single-version-externally-managed install_data
