/home/user/ros2_ws/install/oppressor_mk3_description/lib/python3.12/site-packages/oppressor_mk3_description/__init__.py
/home/user/ros2_ws/install/oppressor_mk3_description/lib/python3.12/site-packages/oppressor_mk3_description/__pycache__/__init__.cpython-312.pyc
/home/user/ros2_ws/install/oppressor_mk3_description/share/ament_index/resource_index/packages/oppressor_mk3_description
/home/user/ros2_ws/install/oppressor_mk3_description/share/oppressor_mk3_description/package.xml
/home/user/ros2_ws/install/oppressor_mk3_description/share/oppressor_mk3_description/launch/gazebo.launch.py
/home/user/ros2_ws/install/oppressor_mk3_description/share/oppressor_mk3_description/launch/display.launch.py
/home/user/ros2_ws/install/oppressor_mk3_description/share/oppressor_mk3_description/urdf/oppressor_mk3.xacro
/home/user/ros2_ws/install/oppressor_mk3_description/share/oppressor_mk3_description/urdf/oppressor_mk3.ros2control
/home/user/ros2_ws/install/oppressor_mk3_description/share/oppressor_mk3_description/urdf/materials.xacro
/home/user/ros2_ws/install/oppressor_mk3_description/share/oppressor_mk3_description/urdf/oppressor_mk3.gazebo
/home/user/ros2_ws/install/oppressor_mk3_description/share/oppressor_mk3_description/meshes/camera_1.stl
/home/user/ros2_ws/install/oppressor_mk3_description/share/oppressor_mk3_description/meshes/back_left_wheel_1.stl
/home/user/ros2_ws/install/oppressor_mk3_description/share/oppressor_mk3_description/meshes/front_right_wheel_1.stl
/home/user/ros2_ws/install/oppressor_mk3_description/share/oppressor_mk3_description/meshes/base_link.stl
/home/user/ros2_ws/install/oppressor_mk3_description/share/oppressor_mk3_description/meshes/back_right_wheel_1.stl
/home/user/ros2_ws/install/oppressor_mk3_description/share/oppressor_mk3_description/meshes/front_left_wheel_1.stl
/home/user/ros2_ws/install/oppressor_mk3_description/share/oppressor_mk3_description/meshes/lidar_1.stl
/home/user/ros2_ws/install/oppressor_mk3_description/share/oppressor_mk3_description/config/display.rviz
/home/user/ros2_ws/install/oppressor_mk3_description/share/oppressor_mk3_description/config/controller.yaml
/home/user/ros2_ws/install/oppressor_mk3_description/share/oppressor_mk3_description/config/gazebo.rviz
/home/user/ros2_ws/install/oppressor_mk3_description/share/oppressor_mk3_description/config/ros_gz_bridge_gazebo.yaml
/home/user/ros2_ws/install/oppressor_mk3_description/lib/python3.12/site-packages/oppressor_mk3_description-0.0.0-py3.12.egg-info/PKG-INFO
/home/user/ros2_ws/install/oppressor_mk3_description/lib/python3.12/site-packages/oppressor_mk3_description-0.0.0-py3.12.egg-info/zip-safe
/home/user/ros2_ws/install/oppressor_mk3_description/lib/python3.12/site-packages/oppressor_mk3_description-0.0.0-py3.12.egg-info/top_level.txt
/home/user/ros2_ws/install/oppressor_mk3_description/lib/python3.12/site-packages/oppressor_mk3_description-0.0.0-py3.12.egg-info/requires.txt
/home/user/ros2_ws/install/oppressor_mk3_description/lib/python3.12/site-packages/oppressor_mk3_description-0.0.0-py3.12.egg-info/SOURCES.txt
/home/user/ros2_ws/install/oppressor_mk3_description/lib/python3.12/site-packages/oppressor_mk3_description-0.0.0-py3.12.egg-info/dependency_links.txt
