[2.414s] Invoking command in '/home/user/ros2_ws/src/rosbot_description': PYTHONPATH=/home/user/ros2_ws/src/build/rosbot_description/prefix_override:/usr/lib/python3/dist-packages/colcon_core/task/python/colcon_distutils_commands:/home/user/ros2_ws/src/install/rosbot_description/lib/python3.12/site-packages:${PYTHONPATH} _=/usr/bin/env /usr/bin/python3 -W ignore:setup.py install is deprecated -W ignore:easy_install command is deprecated setup.py egg_info --egg-base ../build/rosbot_description build --build-base /home/user/ros2_ws/src/build/rosbot_description/build install --record /home/user/ros2_ws/src/build/rosbot_description/install.log --single-version-externally-managed install_data
[2.952s] running egg_info
[2.952s] creating ../build/rosbot_description/rosbot_description.egg-info
[3.014s] writing ../build/rosbot_description/rosbot_description.egg-info/PKG-INFO
[3.015s] writing dependency_links to ../build/rosbot_description/rosbot_description.egg-info/dependency_links.txt
[3.015s] writing requirements to ../build/rosbot_description/rosbot_description.egg-info/requires.txt
[3.015s] writing top-level names to ../build/rosbot_description/rosbot_description.egg-info/top_level.txt
[3.015s] writing manifest file '../build/rosbot_description/rosbot_description.egg-info/SOURCES.txt'
[3.110s] reading manifest file '../build/rosbot_description/rosbot_description.egg-info/SOURCES.txt'
[3.112s] writing manifest file '../build/rosbot_description/rosbot_description.egg-info/SOURCES.txt'
[3.113s] running build
[3.113s] running build_py
[3.113s] creating /home/user/ros2_ws/src/build/rosbot_description/build
[3.113s] creating /home/user/ros2_ws/src/build/rosbot_description/build/lib
[3.113s] creating /home/user/ros2_ws/src/build/rosbot_description/build/lib/rosbot_description
[3.115s] copying rosbot_description/__init__.py -> /home/user/ros2_ws/src/build/rosbot_description/build/lib/rosbot_description
[3.115s] running install
[3.122s] running install_lib
[3.146s] creating /home/user/ros2_ws/src/install/rosbot_description/lib/python3.12/site-packages/rosbot_description
[3.146s] copying /home/user/ros2_ws/src/build/rosbot_description/build/lib/rosbot_description/__init__.py -> /home/user/ros2_ws/src/install/rosbot_description/lib/python3.12/site-packages/rosbot_description
[3.147s] byte-compiling /home/user/ros2_ws/src/install/rosbot_description/lib/python3.12/site-packages/rosbot_description/__init__.py to __init__.cpython-312.pyc
[3.148s] running install_data
[3.149s] creating /home/user/ros2_ws/src/install/rosbot_description/share/ament_index
[3.150s] creating /home/user/ros2_ws/src/install/rosbot_description/share/ament_index/resource_index
[3.150s] creating /home/user/ros2_ws/src/install/rosbot_description/share/ament_index/resource_index/packages
[3.150s] copying resource/rosbot_description -> /home/user/ros2_ws/src/install/rosbot_description/share/ament_index/resource_index/packages
[3.150s] copying package.xml -> /home/user/ros2_ws/src/install/rosbot_description/share/rosbot_description
[3.151s] creating /home/user/ros2_ws/src/install/rosbot_description/share/rosbot_description/launch
[3.151s] copying launch/gazebo.launch.py -> /home/user/ros2_ws/src/install/rosbot_description/share/rosbot_description/launch
[3.152s] copying launch/display.launch.py -> /home/user/ros2_ws/src/install/rosbot_description/share/rosbot_description/launch
[3.152s] creating /home/user/ros2_ws/src/install/rosbot_description/share/rosbot_description/urdf
[3.152s] copying urdf/rosbot.gazebo -> /home/user/ros2_ws/src/install/rosbot_description/share/rosbot_description/urdf
[3.152s] copying urdf/rosbot.ros2control -> /home/user/ros2_ws/src/install/rosbot_description/share/rosbot_description/urdf
[3.153s] copying urdf/materials.xacro -> /home/user/ros2_ws/src/install/rosbot_description/share/rosbot_description/urdf
[3.153s] copying urdf/rosbot.xacro -> /home/user/ros2_ws/src/install/rosbot_description/share/rosbot_description/urdf
[3.153s] creating /home/user/ros2_ws/src/install/rosbot_description/share/rosbot_description/meshes
[3.154s] copying meshes/right_wheel_1.stl -> /home/user/ros2_ws/src/install/rosbot_description/share/rosbot_description/meshes
[3.154s] copying meshes/base_link.stl -> /home/user/ros2_ws/src/install/rosbot_description/share/rosbot_description/meshes
[3.154s] copying meshes/left_wheel_1.stl -> /home/user/ros2_ws/src/install/rosbot_description/share/rosbot_description/meshes
[3.155s] copying meshes/lidar_1.stl -> /home/user/ros2_ws/src/install/rosbot_description/share/rosbot_description/meshes
[3.155s] creating /home/user/ros2_ws/src/install/rosbot_description/share/rosbot_description/config
[3.155s] copying config/display.rviz -> /home/user/ros2_ws/src/install/rosbot_description/share/rosbot_description/config
[3.155s] copying config/gazebo.rviz -> /home/user/ros2_ws/src/install/rosbot_description/share/rosbot_description/config
[3.155s] copying config/ros_gz_bridge_gazebo.yaml -> /home/user/ros2_ws/src/install/rosbot_description/share/rosbot_description/config
[3.155s] running install_egg_info
[3.210s] Copying ../build/rosbot_description/rosbot_description.egg-info to /home/user/ros2_ws/src/install/rosbot_description/lib/python3.12/site-packages/rosbot_description-0.0.0-py3.12.egg-info
[3.210s] running install_scripts
[3.453s] writing list of installed files to '/home/user/ros2_ws/src/build/rosbot_description/install.log'
[3.525s] Invoked command in '/home/user/ros2_ws/src/rosbot_description' returned '0': PYTHONPATH=/home/user/ros2_ws/src/build/rosbot_description/prefix_override:/usr/lib/python3/dist-packages/colcon_core/task/python/colcon_distutils_commands:/home/user/ros2_ws/src/install/rosbot_description/lib/python3.12/site-packages:${PYTHONPATH} _=/usr/bin/env /usr/bin/python3 -W ignore:setup.py install is deprecated -W ignore:easy_install command is deprecated setup.py egg_info --egg-base ../build/rosbot_description build --build-base /home/user/ros2_ws/src/build/rosbot_description/build install --record /home/user/ros2_ws/src/build/rosbot_description/install.log --single-version-externally-managed install_data
