[5.976s] Invoking command in '/home/user/ros2_ws/src/robot_mk1_description': PYTHONPATH=/home/user/ros2_ws/build/robot_mk1_description/prefix_override:/usr/lib/python3/dist-packages/colcon_core/task/python/colcon_distutils_commands:/home/user/ros2_ws/install/robot_mk1_description/lib/python3.12/site-packages:${PYTHONPATH} _=/usr/bin/env /usr/bin/python3 -W ignore:setup.py install is deprecated -W ignore:easy_install command is deprecated setup.py egg_info --egg-base ../../build/robot_mk1_description build --build-base /home/user/ros2_ws/build/robot_mk1_description/build install --record /home/user/ros2_ws/build/robot_mk1_description/install.log --single-version-externally-managed install_data
[7.489s] running egg_info
[7.592s] writing ../../build/robot_mk1_description/robot_mk1_description.egg-info/PKG-INFO
[7.593s] writing dependency_links to ../../build/robot_mk1_description/robot_mk1_description.egg-info/dependency_links.txt
[7.593s] writing requirements to ../../build/robot_mk1_description/robot_mk1_description.egg-info/requires.txt
[7.593s] writing top-level names to ../../build/robot_mk1_description/robot_mk1_description.egg-info/top_level.txt
[7.781s] reading manifest file '../../build/robot_mk1_description/robot_mk1_description.egg-info/SOURCES.txt'
[7.782s] writing manifest file '../../build/robot_mk1_description/robot_mk1_description.egg-info/SOURCES.txt'
[7.782s] running build
[7.783s] running build_py
[7.783s] running install
[7.793s] running install_lib
[7.891s] running install_data
[7.891s] copying launch/gazebo.launch.py -> /home/user/ros2_ws/install/robot_mk1_description/share/robot_mk1_description/launch
[7.962s] copying config/display.rviz -> /home/user/ros2_ws/install/robot_mk1_description/share/robot_mk1_description/config
[7.962s] copying config/gazebo.rviz -> /home/user/ros2_ws/install/robot_mk1_description/share/robot_mk1_description/config
[7.963s] running install_egg_info
[8.070s] removing '/home/user/ros2_ws/install/robot_mk1_description/lib/python3.12/site-packages/robot_mk1_description-0.0.0-py3.12.egg-info' (and everything under it)
[8.070s] Copying ../../build/robot_mk1_description/robot_mk1_description.egg-info to /home/user/ros2_ws/install/robot_mk1_description/lib/python3.12/site-packages/robot_mk1_description-0.0.0-py3.12.egg-info
[8.073s] running install_scripts
[8.885s] writing list of installed files to '/home/user/ros2_ws/build/robot_mk1_description/install.log'
[9.068s] Invoked command in '/home/user/ros2_ws/src/robot_mk1_description' returned '0': PYTHONPATH=/home/user/ros2_ws/build/robot_mk1_description/prefix_override:/usr/lib/python3/dist-packages/colcon_core/task/python/colcon_distutils_commands:/home/user/ros2_ws/install/robot_mk1_description/lib/python3.12/site-packages:${PYTHONPATH} _=/usr/bin/env /usr/bin/python3 -W ignore:setup.py install is deprecated -W ignore:easy_install command is deprecated setup.py egg_info --egg-base ../../build/robot_mk1_description build --build-base /home/user/ros2_ws/build/robot_mk1_description/build install --record /home/user/ros2_ws/build/robot_mk1_description/install.log --single-version-externally-managed install_data
