[01m[K/home/user/ros2_ws/src/oppressor_api/src/image_processing.cpp:[m[K In lambda function:
[01m[K/home/user/ros2_ws/src/oppressor_api/src/image_processing.cpp:26:48:[m[K [01;31m[Kerror: [m[Kno matching function for call to '[01m[KImageProcessor::error_callback()[m[K'
   26 |         "/error", 10, [this]() { [01;31m[Kerror_callback()[m[K });
      |                                  [01;31m[K~~~~~~~~~~~~~~^~[m[K
[01m[K/home/user/ros2_ws/src/oppressor_api/src/image_processing.cpp:30:8:[m[K [01;36m[Knote: [m[Kcandidate: '[01m[Kvoid ImageProcessor::[01;32m[Kerror_callback[m[K(sensor_msgs::msg::Image_<std::allocator<void> >::SharedPtr)[m[K'
   30 |   void [01;36m[Kerror_callback[m[K(sensor_msgs::msg::Image::SharedPtr image) {
      |        [01;36m[K^~~~~~~~~~~~~~[m[K
[01m[K/home/user/ros2_ws/src/oppressor_api/src/image_processing.cpp:30:8:[m[K [01;36m[Knote: [m[K  candidate expects 1 argument, 0 provided
[01m[K/home/user/ros2_ws/src/oppressor_api/src/image_processing.cpp:[m[K In constructor '[01m[KImageProcessor::[01;32m[KImageProcessor[m[K()[m[K':
[01m[K/home/user/ros2_ws/src/oppressor_api/src/image_processing.cpp:25:64:[m[K [01;31m[Kerror: [m[Kno matching function for call to '[01m[KImageProcessor::create_publisher<std_msgs::msg::Float64>(const char [7], int, ImageProcessor::ImageProcessor()::<lambda()>)[m[K'
   25 |     error_publisher_ = [01;31m[Kcreate_publisher<std_msgs::msg::Float64>([m[K
      |                        [01;31m[K~~~~~~~~~~~~~~~~~~~~~~~~~~~~~~~~~~~~~~~~^[m[K
   26 | [01;31m[K        "/error", 10, [this]() { error_callback() })[m[K;
      |         [01;31m[K~~~~~~~~~~~~~~~~~~~~~~~~~~~~~~~~~~~~~~~~~~~~[m[K            
In file included from [01m[K/opt/ros/jazzy/include/rclcpp/rclcpp/executors/single_threaded_executor.hpp:28[m[K,
                 from [01m[K/opt/ros/jazzy/include/rclcpp/rclcpp/executors.hpp:22[m[K,
                 from [01m[K/opt/ros/jazzy/include/rclcpp/rclcpp/rclcpp.hpp:172[m[K,
                 from [01m[K/home/user/ros2_ws/src/oppressor_api/src/image_processing.cpp:8[m[K:
[01m[K/opt/ros/jazzy/include/rclcpp/rclcpp/node.hpp:197:3:[m[K [01;36m[Knote: [m[Kcandidate: '[01m[Ktemplate<class MessageT, class AllocatorT, class PublisherT> std::shared_ptr<PublisherT> rclcpp::Node::[01;32m[Kcreate_publisher[m[K(const std::string&, const rclcpp::QoS&, const rclcpp::PublisherOptionsWithAllocator<AllocatorT>&)[m[K'
  197 |   [01;36m[Kcreate_publisher[m[K(
      |   [01;36m[K^~~~~~~~~~~~~~~~[m[K
[01m[K/opt/ros/jazzy/include/rclcpp/rclcpp/node.hpp:197:3:[m[K [01;36m[Knote: [m[K  template argument deduction/substitution failed:
[01m[K/home/user/ros2_ws/src/oppressor_api/src/image_processing.cpp:25:64:[m[K [01;36m[Knote: [m[K  '[01m[KImageProcessor::ImageProcessor()::<lambda()>[m[K' is not derived from '[01m[Kconst rclcpp::PublisherOptionsWithAllocator<AllocatorT>[m[K'
   25 |     error_publisher_ = [01;36m[Kcreate_publisher<std_msgs::msg::Float64>([m[K
      |                        [01;36m[K~~~~~~~~~~~~~~~~~~~~~~~~~~~~~~~~~~~~~~~~^[m[K
   26 | [01;36m[K        "/error", 10, [this]() { error_callback() })[m[K;
      |         [01;36m[K~~~~~~~~~~~~~~~~~~~~~~~~~~~~~~~~~~~~~~~~~~~~[m[K            
gmake[2]: *** [CMakeFiles/image_processing.dir/build.make:76: CMakeFiles/image_processing.dir/src/image_processing.cpp.o] Error 1
gmake[1]: *** [CMakeFiles/Makefile2:137: CMakeFiles/image_processing.dir/all] Error 2
gmake: *** [Makefile:146: all] Error 2
