[1.437s] Invoking command in '/home/user/ros2_ws/src/robot_urdf_description': PYTHONPATH=/home/user/ros2_ws/build/robot_urdf_description/prefix_override:/usr/lib/python3/dist-packages/colcon_core/task/python/colcon_distutils_commands:/home/user/ros2_ws/install/robot_urdf_description/lib/python3.12/site-packages:${PYTHONPATH} _=/usr/bin/env /usr/bin/python3 -W ignore:setup.py install is deprecated -W ignore:easy_install command is deprecated setup.py egg_info --egg-base ../../build/robot_urdf_description build --build-base /home/user/ros2_ws/build/robot_urdf_description/build install --record /home/user/ros2_ws/build/robot_urdf_description/install.log --single-version-externally-managed install_data
[1.733s] running egg_info
[1.733s] creating ../../build/robot_urdf_description/robot_urdf_description.egg-info
[1.755s] writing ../../build/robot_urdf_description/robot_urdf_description.egg-info/PKG-INFO
[1.755s] writing dependency_links to ../../build/robot_urdf_description/robot_urdf_description.egg-info/dependency_links.txt
[1.756s] writing requirements to ../../build/robot_urdf_description/robot_urdf_description.egg-info/requires.txt
[1.756s] writing top-level names to ../../build/robot_urdf_description/robot_urdf_description.egg-info/top_level.txt
[1.756s] writing manifest file '../../build/robot_urdf_description/robot_urdf_description.egg-info/SOURCES.txt'
[1.800s] reading manifest file '../../build/robot_urdf_description/robot_urdf_description.egg-info/SOURCES.txt'
[1.801s] writing manifest file '../../build/robot_urdf_description/robot_urdf_description.egg-info/SOURCES.txt'
[1.802s] running build
[1.802s] running build_py
[1.802s] creating /home/user/ros2_ws/build/robot_urdf_description/build
[1.802s] creating /home/user/ros2_ws/build/robot_urdf_description/build/lib
[1.802s] creating /home/user/ros2_ws/build/robot_urdf_description/build/lib/robot_urdf_description
[1.802s] copying robot_urdf_description/__init__.py -> /home/user/ros2_ws/build/robot_urdf_description/build/lib/robot_urdf_description
[1.803s] running install
[1.810s] running install_lib
[1.832s] creating /home/user/ros2_ws/install/robot_urdf_description/lib/python3.12/site-packages/robot_urdf_description
[1.832s] copying /home/user/ros2_ws/build/robot_urdf_description/build/lib/robot_urdf_description/__init__.py -> /home/user/ros2_ws/install/robot_urdf_description/lib/python3.12/site-packages/robot_urdf_description
[1.833s] byte-compiling /home/user/ros2_ws/install/robot_urdf_description/lib/python3.12/site-packages/robot_urdf_description/__init__.py to __init__.cpython-312.pyc
[1.834s] running install_data
[1.834s] creating /home/user/ros2_ws/install/robot_urdf_description/share/ament_index
[1.834s] creating /home/user/ros2_ws/install/robot_urdf_description/share/ament_index/resource_index
[1.834s] creating /home/user/ros2_ws/install/robot_urdf_description/share/ament_index/resource_index/packages
[1.835s] copying resource/robot_urdf_description -> /home/user/ros2_ws/install/robot_urdf_description/share/ament_index/resource_index/packages
[1.835s] copying package.xml -> /home/user/ros2_ws/install/robot_urdf_description/share/robot_urdf_description
[1.835s] creating /home/user/ros2_ws/install/robot_urdf_description/share/robot_urdf_description/launch
[1.835s] copying launch/gazebo.launch.py -> /home/user/ros2_ws/install/robot_urdf_description/share/robot_urdf_description/launch
[1.835s] copying launch/display.launch.py -> /home/user/ros2_ws/install/robot_urdf_description/share/robot_urdf_description/launch
[1.835s] creating /home/user/ros2_ws/install/robot_urdf_description/share/robot_urdf_description/urdf
[1.835s] copying urdf/robot_urdf.xacro -> /home/user/ros2_ws/install/robot_urdf_description/share/robot_urdf_description/urdf
[1.835s] copying urdf/robot_urdf.gazebo -> /home/user/ros2_ws/install/robot_urdf_description/share/robot_urdf_description/urdf
[1.836s] copying urdf/materials.xacro -> /home/user/ros2_ws/install/robot_urdf_description/share/robot_urdf_description/urdf
[1.836s] copying urdf/robot_urdf.ros2control -> /home/user/ros2_ws/install/robot_urdf_description/share/robot_urdf_description/urdf
[1.836s] creating /home/user/ros2_ws/install/robot_urdf_description/share/robot_urdf_description/meshes
[1.836s] copying meshes/right_wheel_1.stl -> /home/user/ros2_ws/install/robot_urdf_description/share/robot_urdf_description/meshes
[1.836s] copying meshes/base_link.stl -> /home/user/ros2_ws/install/robot_urdf_description/share/robot_urdf_description/meshes
[1.836s] copying meshes/left_wheel_1.stl -> /home/user/ros2_ws/install/robot_urdf_description/share/robot_urdf_description/meshes
[1.836s] copying meshes/lidar_1.stl -> /home/user/ros2_ws/install/robot_urdf_description/share/robot_urdf_description/meshes
[1.837s] creating /home/user/ros2_ws/install/robot_urdf_description/share/robot_urdf_description/config
[1.837s] copying config/display.rviz -> /home/user/ros2_ws/install/robot_urdf_description/share/robot_urdf_description/config
[1.837s] copying config/gazebo.rviz -> /home/user/ros2_ws/install/robot_urdf_description/share/robot_urdf_description/config
[1.837s] copying config/ros_gz_bridge_gazebo.yaml -> /home/user/ros2_ws/install/robot_urdf_description/share/robot_urdf_description/config
[1.837s] running install_egg_info
[1.859s] Copying ../../build/robot_urdf_description/robot_urdf_description.egg-info to /home/user/ros2_ws/install/robot_urdf_description/lib/python3.12/site-packages/robot_urdf_description-0.0.0-py3.12.egg-info
[1.859s] running install_scripts
[2.004s] writing list of installed files to '/home/user/ros2_ws/build/robot_urdf_description/install.log'
[2.035s] Invoked command in '/home/user/ros2_ws/src/robot_urdf_description' returned '0': PYTHONPATH=/home/user/ros2_ws/build/robot_urdf_description/prefix_override:/usr/lib/python3/dist-packages/colcon_core/task/python/colcon_distutils_commands:/home/user/ros2_ws/install/robot_urdf_description/lib/python3.12/site-packages:${PYTHONPATH} _=/usr/bin/env /usr/bin/python3 -W ignore:setup.py install is deprecated -W ignore:easy_install command is deprecated setup.py egg_info --egg-base ../../build/robot_urdf_description build --build-base /home/user/ros2_ws/build/robot_urdf_description/build install --record /home/user/ros2_ws/build/robot_urdf_description/install.log --single-version-externally-managed install_data
