[5.812s] Invoking command in '/home/user/ros2_ws/src/rosbot_mk3_description': PYTHONPATH=/home/user/ros2_ws/build/rosbot_mk3_description/prefix_override:/usr/lib/python3/dist-packages/colcon_core/task/python/colcon_distutils_commands:/home/user/ros2_ws/install/rosbot_mk3_description/lib/python3.12/site-packages:${PYTHONPATH} _=/usr/bin/env /usr/bin/python3 -W ignore:setup.py install is deprecated -W ignore:easy_install command is deprecated setup.py egg_info --egg-base ../../build/rosbot_mk3_description build --build-base /home/user/ros2_ws/build/rosbot_mk3_description/build install --record /home/user/ros2_ws/build/rosbot_mk3_description/install.log --single-version-externally-managed install_data
[7.034s] running egg_info
[7.063s] writing ../../build/rosbot_mk3_description/rosbot_mk3_description.egg-info/PKG-INFO
[7.064s] writing dependency_links to ../../build/rosbot_mk3_description/rosbot_mk3_description.egg-info/dependency_links.txt
[7.064s] writing requirements to ../../build/rosbot_mk3_description/rosbot_mk3_description.egg-info/requires.txt
[7.064s] writing top-level names to ../../build/rosbot_mk3_description/rosbot_mk3_description.egg-info/top_level.txt
[7.124s] reading manifest file '../../build/rosbot_mk3_description/rosbot_mk3_description.egg-info/SOURCES.txt'
[7.126s] writing manifest file '../../build/rosbot_mk3_description/rosbot_mk3_description.egg-info/SOURCES.txt'
[7.126s] running build
[7.126s] running build_py
[7.126s] running install
[7.137s] running install_lib
[7.166s] running install_data
[7.166s] copying launch/gazebo.launch.py -> /home/user/ros2_ws/install/rosbot_mk3_description/share/rosbot_mk3_description/launch
[7.167s] running install_egg_info
[7.200s] removing '/home/user/ros2_ws/install/rosbot_mk3_description/lib/python3.12/site-packages/rosbot_mk3_description-0.0.0-py3.12.egg-info' (and everything under it)
[7.201s] Copying ../../build/rosbot_mk3_description/rosbot_mk3_description.egg-info to /home/user/ros2_ws/install/rosbot_mk3_description/lib/python3.12/site-packages/rosbot_mk3_description-0.0.0-py3.12.egg-info
[7.202s] running install_scripts
[7.405s] writing list of installed files to '/home/user/ros2_ws/build/rosbot_mk3_description/install.log'
[7.448s] Invoked command in '/home/user/ros2_ws/src/rosbot_mk3_description' returned '0': PYTHONPATH=/home/user/ros2_ws/build/rosbot_mk3_description/prefix_override:/usr/lib/python3/dist-packages/colcon_core/task/python/colcon_distutils_commands:/home/user/ros2_ws/install/rosbot_mk3_description/lib/python3.12/site-packages:${PYTHONPATH} _=/usr/bin/env /usr/bin/python3 -W ignore:setup.py install is deprecated -W ignore:easy_install command is deprecated setup.py egg_info --egg-base ../../build/rosbot_mk3_description build --build-base /home/user/ros2_ws/build/rosbot_mk3_description/build install --record /home/user/ros2_ws/build/rosbot_mk3_description/install.log --single-version-externally-managed install_data
