[1.464s] Invoking command in '/home/user/ros2_ws/build/rosbot_api': CMAKE_PREFIX_PATH=${CMAKE_PREFIX_PATH}:/home/user/ros2_ws/install/rosbot_mk3_description:/home/user/ros2_ws/install/rosbot_description:/home/user/ros2_ws/install/robot_urdf_description:/home/user/ros2_ws/install/robot_mk1_description:/home/user/ros2_ws/install/qube_1_description:/home/user/ros2_ws/install/bullet_arm_description:/home/user/ros2_ws/install/ARM_MK1_description:/opt/ros/jazzy _=/usr/bin/env /usr/bin/cmake --build /home/user/ros2_ws/build/rosbot_api -- -j8 -l8
[1.572s] [100%] Built target lidar_r
[1.840s] Invoked command in '/home/user/ros2_ws/build/rosbot_api' returned '0': CMAKE_PREFIX_PATH=${CMAKE_PREFIX_PATH}:/home/user/ros2_ws/install/rosbot_mk3_description:/home/user/ros2_ws/install/rosbot_description:/home/user/ros2_ws/install/robot_urdf_description:/home/user/ros2_ws/install/robot_mk1_description:/home/user/ros2_ws/install/qube_1_description:/home/user/ros2_ws/install/bullet_arm_description:/home/user/ros2_ws/install/ARM_MK1_description:/opt/ros/jazzy _=/usr/bin/env /usr/bin/cmake --build /home/user/ros2_ws/build/rosbot_api -- -j8 -l8
[1.945s] Invoking command in '/home/user/ros2_ws/build/rosbot_api': CMAKE_PREFIX_PATH=${CMAKE_PREFIX_PATH}:/home/user/ros2_ws/install/rosbot_mk3_description:/home/user/ros2_ws/install/rosbot_description:/home/user/ros2_ws/install/robot_urdf_description:/home/user/ros2_ws/install/robot_mk1_description:/home/user/ros2_ws/install/qube_1_description:/home/user/ros2_ws/install/bullet_arm_description:/home/user/ros2_ws/install/ARM_MK1_description:/opt/ros/jazzy _=/usr/bin/env /usr/bin/cmake --install /home/user/ros2_ws/build/rosbot_api
[2.033s] -- Install configuration: ""
[2.034s] -- Up-to-date: /home/user/ros2_ws/install/rosbot_api/lib/rosbot_api/lidar_r
[2.034s] -- Up-to-date: /home/user/ros2_ws/install/rosbot_api/share/ament_index/resource_index/package_run_dependencies/rosbot_api
[2.035s] -- Up-to-date: /home/user/ros2_ws/install/rosbot_api/share/ament_index/resource_index/parent_prefix_path/rosbot_api
[2.036s] -- Up-to-date: /home/user/ros2_ws/install/rosbot_api/share/rosbot_api/environment/ament_prefix_path.sh
[2.037s] -- Up-to-date: /home/user/ros2_ws/install/rosbot_api/share/rosbot_api/environment/ament_prefix_path.dsv
[2.038s] -- Up-to-date: /home/user/ros2_ws/install/rosbot_api/share/rosbot_api/environment/path.sh
[2.038s] -- Up-to-date: /home/user/ros2_ws/install/rosbot_api/share/rosbot_api/environment/path.dsv
[2.038s] -- Up-to-date: /home/user/ros2_ws/install/rosbot_api/share/rosbot_api/local_setup.bash
[2.038s] -- Up-to-date: /home/user/ros2_ws/install/rosbot_api/share/rosbot_api/local_setup.sh
[2.039s] -- Up-to-date: /home/user/ros2_ws/install/rosbot_api/share/rosbot_api/local_setup.zsh
[2.039s] -- Up-to-date: /home/user/ros2_ws/install/rosbot_api/share/rosbot_api/local_setup.dsv
[2.039s] -- Installing: /home/user/ros2_ws/install/rosbot_api/share/rosbot_api/package.dsv
[2.039s] -- Up-to-date: /home/user/ros2_ws/install/rosbot_api/share/ament_index/resource_index/packages/rosbot_api
[2.039s] -- Up-to-date: /home/user/ros2_ws/install/rosbot_api/share/rosbot_api/cmake/rosbot_apiConfig.cmake
[2.044s] -- Up-to-date: /home/user/ros2_ws/install/rosbot_api/share/rosbot_api/cmake/rosbot_apiConfig-version.cmake
[2.044s] -- Up-to-date: /home/user/ros2_ws/install/rosbot_api/share/rosbot_api/package.xml
[2.058s] Invoked command in '/home/user/ros2_ws/build/rosbot_api' returned '0': CMAKE_PREFIX_PATH=${CMAKE_PREFIX_PATH}:/home/user/ros2_ws/install/rosbot_mk3_description:/home/user/ros2_ws/install/rosbot_description:/home/user/ros2_ws/install/robot_urdf_description:/home/user/ros2_ws/install/robot_mk1_description:/home/user/ros2_ws/install/qube_1_description:/home/user/ros2_ws/install/bullet_arm_description:/home/user/ros2_ws/install/ARM_MK1_description:/opt/ros/jazzy _=/usr/bin/env /usr/bin/cmake --install /home/user/ros2_ws/build/rosbot_api
