[0.944s] Invoking command in '/home/user/ros2_ws/src/oppressor_mk3_description': PYTHONPATH=/home/user/ros2_ws/build/oppressor_mk3_description/prefix_override:/usr/lib/python3/dist-packages/colcon_core/task/python/colcon_distutils_commands:/home/user/ros2_ws/install/oppressor_mk3_description/lib/python3.12/site-packages:${PYTHONPATH} _=/usr/bin/env /usr/bin/python3 -W ignore:setup.py install is deprecated -W ignore:easy_install command is deprecated setup.py egg_info --egg-base ../../build/oppressor_mk3_description build --build-base /home/user/ros2_ws/build/oppressor_mk3_description/build install --record /home/user/ros2_ws/build/oppressor_mk3_description/install.log --single-version-externally-managed install_data
[1.253s] running egg_info
[1.274s] writing ../../build/oppressor_mk3_description/oppressor_mk3_description.egg-info/PKG-INFO
[1.275s] writing dependency_links to ../../build/oppressor_mk3_description/oppressor_mk3_description.egg-info/dependency_links.txt
[1.275s] writing requirements to ../../build/oppressor_mk3_description/oppressor_mk3_description.egg-info/requires.txt
[1.275s] writing top-level names to ../../build/oppressor_mk3_description/oppressor_mk3_description.egg-info/top_level.txt
[1.321s] reading manifest file '../../build/oppressor_mk3_description/oppressor_mk3_description.egg-info/SOURCES.txt'
[1.323s] writing manifest file '../../build/oppressor_mk3_description/oppressor_mk3_description.egg-info/SOURCES.txt'
[1.323s] running build
[1.323s] running build_py
[1.324s] running install
[1.331s] running install_lib
[1.353s] running install_data
[1.353s] copying launch/gazebo.launch.py -> /home/user/ros2_ws/install/oppressor_mk3_description/share/oppressor_mk3_description/launch
[1.354s] running install_egg_info
[1.377s] removing '/home/user/ros2_ws/install/oppressor_mk3_description/lib/python3.12/site-packages/oppressor_mk3_description-0.0.0-py3.12.egg-info' (and everything under it)
[1.377s] Copying ../../build/oppressor_mk3_description/oppressor_mk3_description.egg-info to /home/user/ros2_ws/install/oppressor_mk3_description/lib/python3.12/site-packages/oppressor_mk3_description-0.0.0-py3.12.egg-info
[1.378s] running install_scripts
[1.542s] writing list of installed files to '/home/user/ros2_ws/build/oppressor_mk3_description/install.log'
[1.576s] Invoked command in '/home/user/ros2_ws/src/oppressor_mk3_description' returned '0': PYTHONPATH=/home/user/ros2_ws/build/oppressor_mk3_description/prefix_override:/usr/lib/python3/dist-packages/colcon_core/task/python/colcon_distutils_commands:/home/user/ros2_ws/install/oppressor_mk3_description/lib/python3.12/site-packages:${PYTHONPATH} _=/usr/bin/env /usr/bin/python3 -W ignore:setup.py install is deprecated -W ignore:easy_install command is deprecated setup.py egg_info --egg-base ../../build/oppressor_mk3_description build --build-base /home/user/ros2_ws/build/oppressor_mk3_description/build install --record /home/user/ros2_ws/build/oppressor_mk3_description/install.log --single-version-externally-managed install_data
