[1.959s] Invoking command in '/home/user/ros2_ws/build/rosbot_api': CMAKE_PREFIX_PATH=${CMAKE_PREFIX_PATH}:/home/user/ros2_ws/install/rosbot_mk3_description:/home/user/ros2_ws/install/rosbot_description:/home/user/ros2_ws/install/robot_urdf_description:/home/user/ros2_ws/install/robot_mk1_description:/home/user/ros2_ws/install/qube_1_description:/home/user/ros2_ws/install/bullet_arm_description:/home/user/ros2_ws/install/ARM_MK1_description:/opt/ros/jazzy _=/usr/bin/env /usr/bin/cmake --build /home/user/ros2_ws/build/rosbot_api -- -j8 -l8
[6.816s] [100%] Built target lidar_r
[6.831s] Invoked command in '/home/user/ros2_ws/build/rosbot_api' returned '0': CMAKE_PREFIX_PATH=${CMAKE_PREFIX_PATH}:/home/user/ros2_ws/install/rosbot_mk3_description:/home/user/ros2_ws/install/rosbot_description:/home/user/ros2_ws/install/robot_urdf_description:/home/user/ros2_ws/install/robot_mk1_description:/home/user/ros2_ws/install/qube_1_description:/home/user/ros2_ws/install/bullet_arm_description:/home/user/ros2_ws/install/ARM_MK1_description:/opt/ros/jazzy _=/usr/bin/env /usr/bin/cmake --build /home/user/ros2_ws/build/rosbot_api -- -j8 -l8
[6.844s] Invoking command in '/home/user/ros2_ws/build/rosbot_api': CMAKE_PREFIX_PATH=${CMAKE_PREFIX_PATH}:/home/user/ros2_ws/install/rosbot_mk3_description:/home/user/ros2_ws/install/rosbot_description:/home/user/ros2_ws/install/robot_urdf_description:/home/user/ros2_ws/install/robot_mk1_description:/home/user/ros2_ws/install/qube_1_description:/home/user/ros2_ws/install/bullet_arm_description:/home/user/ros2_ws/install/ARM_MK1_description:/opt/ros/jazzy _=/usr/bin/env /usr/bin/cmake --install /home/user/ros2_ws/build/rosbot_api
[6.854s] -- Install configuration: ""
[6.857s] -- Up-to-date: /home/user/ros2_ws/install/rosbot_api/lib/rosbot_api/lidar_r
[6.857s] -- Up-to-date: /home/user/ros2_ws/install/rosbot_api/share/ament_index/resource_index/package_run_dependencies/rosbot_api
[6.857s] -- Up-to-date: /home/user/ros2_ws/install/rosbot_api/share/ament_index/resource_index/parent_prefix_path/rosbot_api
[6.857s] -- Up-to-date: /home/user/ros2_ws/install/rosbot_api/share/rosbot_api/environment/ament_prefix_path.sh
[6.857s] -- Up-to-date: /home/user/ros2_ws/install/rosbot_api/share/rosbot_api/environment/ament_prefix_path.dsv
[6.860s] -- Up-to-date: /home/user/ros2_ws/install/rosbot_api/share/rosbot_api/environment/path.sh
[6.861s] -- Up-to-date: /home/user/ros2_ws/install/rosbot_api/share/rosbot_api/environment/path.dsv
[6.861s] -- Up-to-date: /home/user/ros2_ws/install/rosbot_api/share/rosbot_api/local_setup.bash
[6.861s] -- Up-to-date: /home/user/ros2_ws/install/rosbot_api/share/rosbot_api/local_setup.sh
[6.861s] -- Up-to-date: /home/user/ros2_ws/install/rosbot_api/share/rosbot_api/local_setup.zsh
[6.861s] -- Up-to-date: /home/user/ros2_ws/install/rosbot_api/share/rosbot_api/local_setup.dsv
[6.861s] -- Installing: /home/user/ros2_ws/install/rosbot_api/share/rosbot_api/package.dsv
[6.862s] -- Up-to-date: /home/user/ros2_ws/install/rosbot_api/share/ament_index/resource_index/packages/rosbot_api
[6.862s] -- Up-to-date: /home/user/ros2_ws/install/rosbot_api/share/rosbot_api/cmake/rosbot_apiConfig.cmake
[6.862s] -- Up-to-date: /home/user/ros2_ws/install/rosbot_api/share/rosbot_api/cmake/rosbot_apiConfig-version.cmake
[6.862s] -- Up-to-date: /home/user/ros2_ws/install/rosbot_api/share/rosbot_api/package.xml
[6.863s] Invoked command in '/home/user/ros2_ws/build/rosbot_api' returned '0': CMAKE_PREFIX_PATH=${CMAKE_PREFIX_PATH}:/home/user/ros2_ws/install/rosbot_mk3_description:/home/user/ros2_ws/install/rosbot_description:/home/user/ros2_ws/install/robot_urdf_description:/home/user/ros2_ws/install/robot_mk1_description:/home/user/ros2_ws/install/qube_1_description:/home/user/ros2_ws/install/bullet_arm_description:/home/user/ros2_ws/install/ARM_MK1_description:/opt/ros/jazzy _=/usr/bin/env /usr/bin/cmake --install /home/user/ros2_ws/build/rosbot_api
