[1.575s] Invoking command in '/home/user/ros2_ws/build/rosbot_api': CMAKE_PREFIX_PATH=${CMAKE_PREFIX_PATH}:/home/user/ros2_ws/install/rosbot_mk3_description:/home/user/ros2_ws/install/rosbot_description:/home/user/ros2_ws/install/robot_urdf_description:/home/user/ros2_ws/install/robot_mk1_description:/home/user/ros2_ws/install/qube_1_description:/home/user/ros2_ws/install/bullet_arm_description:/home/user/ros2_ws/install/ARM_MK1_description:/opt/ros/jazzy _=/usr/bin/env /usr/bin/cmake --build /home/user/ros2_ws/build/rosbot_api -- -j8 -l8
[1.621s] -- Found ament_cmake: 2.5.6 (/opt/ros/jazzy/share/ament_cmake/cmake)
[1.988s] -- Found rclcpp: 28.1.18 (/opt/ros/jazzy/share/rclcpp/cmake)
[2.032s] -- Found rosidl_generator_c: 4.6.7 (/opt/ros/jazzy/share/rosidl_generator_c/cmake)
[2.045s] -- Found rosidl_generator_cpp: 4.6.7 (/opt/ros/jazzy/share/rosidl_generator_cpp/cmake)
[2.104s] -- Using all available rosidl_typesupport_c: rosidl_typesupport_fastrtps_c;rosidl_typesupport_introspection_c
[2.129s] -- Using all available rosidl_typesupport_cpp: rosidl_typesupport_fastrtps_cpp;rosidl_typesupport_introspection_cpp
[2.606s] -- Found rmw_implementation_cmake: 7.3.3 (/opt/ros/jazzy/share/rmw_implementation_cmake/cmake)
[2.610s] -- Found rmw_fastrtps_cpp: 8.4.3 (/opt/ros/jazzy/share/rmw_fastrtps_cpp/cmake)
[3.207s] -- Using RMW implementation 'rmw_fastrtps_cpp' as default
[3.709s] -- Found sensor_msgs: 5.3.7 (/opt/ros/jazzy/share/sensor_msgs/cmake)
[4.898s] -- Configuring done (3.2s)
[4.916s] -- Generating done (0.0s)
[4.998s] -- Build files have been written to: /home/user/ros2_ws/build/rosbot_api
[5.306s] [ 50%] [32mBuilding CXX object CMakeFiles/lidar_r.dir/src/lidar_r.cpp.o[0m
[14.183s] In file included from [01m[K/opt/ros/jazzy/include/rclcpp/rclcpp/logging.hpp:24[m[K,
[14.183s]                  from [01m[K/opt/ros/jazzy/include/rclcpp/rclcpp/copy_all_parameter_values.hpp:27[m[K,
[14.183s]                  from [01m[K/opt/ros/jazzy/include/rclcpp/rclcpp/rclcpp.hpp:171[m[K,
[14.184s]                  from [01m[K/home/user/ros2_ws/src/rosbot_api/src/lidar_r.cpp:5[m[K:
[14.184s] [01m[K/home/user/ros2_ws/src/rosbot_api/src/lidar_r.cpp:[m[K In member function '[01m[Kvoid LidarInspect::[01;32m[Klidar_calback[m[K(sensor_msgs::msg::LaserScan_<std::allocator<void> >::SharedPtr)[m[K':
[14.184s] [01m[K/home/user/ros2_ws/src/rosbot_api/src/lidar_r.cpp:21:24:[m[K [01;31m[Kerror: [m[K'[01m[Kusing std::__shared_ptr_access<sensor_msgs::msg::LaserScan_<std::allocator<void> >, __gnu_cxx::_S_atomic, false, false>::element_type = struct sensor_msgs::msg::LaserScan_<std::allocator<void> >[m[K' {aka '[01m[Kstruct sensor_msgs::msg::LaserScan_<std::allocator<void> >[m[K'} has no member named '[01m[KRanges[m[K'; did you mean '[01m[Kranges[m[K'?
[14.184s]    21 |                   msg->[01;31m[KRanges[m[K[i]);
[14.184s]       |                        [01;31m[K^~~~~~[m[K
[14.189s] [01m[K/home/user/ros2_ws/src/rosbot_api/src/lidar_r.cpp:[m[K In function '[01m[Kint[01;32m[K main[m[K(int, char**)[m[K':
[14.189s] [01m[K/home/user/ros2_ws/src/rosbot_api/src/lidar_r.cpp:31:16:[m[K [01;31m[Kerror: [m[K'[01m[Klidar_hub[m[K' was not declared in this scope; did you mean '[01m[Klidar_sub[m[K'?
[14.190s]    31 |   rclcpp::spin([01;31m[Klidar_hub[m[K);
[14.190s]       |                [01;31m[K^~~~~~~~~[m[K
[14.190s]       |                [32m[Klidar_sub[m[K
[14.190s] [01m[K/home/user/ros2_ws/src/rosbot_api/src/lidar_r.cpp:32:11:[m[K [01;31m[Kerror: [m[K'[01m[Kshutdow[m[K' is not a member of '[01m[Krclcpp[m[K'; did you mean '[01m[Kshutdown[m[K'?
[14.190s]    32 |   rclcpp::[01;31m[Kshutdow[m[K();
[14.190s]       |           [01;31m[K^~~~~~~[m[K
[14.190s]       |           [32m[Kshutdown[m[K
[16.585s] gmake[2]: *** [CMakeFiles/lidar_r.dir/build.make:76: CMakeFiles/lidar_r.dir/src/lidar_r.cpp.o] Error 1
[16.586s] gmake[1]: *** [CMakeFiles/Makefile2:137: CMakeFiles/lidar_r.dir/all] Error 2
[16.586s] gmake: *** [Makefile:146: all] Error 2
[16.588s] Invoked command in '/home/user/ros2_ws/build/rosbot_api' returned '2': CMAKE_PREFIX_PATH=${CMAKE_PREFIX_PATH}:/home/user/ros2_ws/install/rosbot_mk3_description:/home/user/ros2_ws/install/rosbot_description:/home/user/ros2_ws/install/robot_urdf_description:/home/user/ros2_ws/install/robot_mk1_description:/home/user/ros2_ws/install/qube_1_description:/home/user/ros2_ws/install/bullet_arm_description:/home/user/ros2_ws/install/ARM_MK1_description:/opt/ros/jazzy _=/usr/bin/env /usr/bin/cmake --build /home/user/ros2_ws/build/rosbot_api -- -j8 -l8
