[5.103s] Invoking command in '/home/user/ros2_ws/src/rosbot_description': PYTHONPATH=/home/user/ros2_ws/build/rosbot_description/prefix_override:/usr/lib/python3/dist-packages/colcon_core/task/python/colcon_distutils_commands:/home/user/ros2_ws/install/rosbot_description/lib/python3.12/site-packages:${PYTHONPATH} _=/usr/bin/env /usr/bin/python3 -W ignore:setup.py install is deprecated -W ignore:easy_install command is deprecated setup.py egg_info --egg-base ../../build/rosbot_description build --build-base /home/user/ros2_ws/build/rosbot_description/build install --record /home/user/ros2_ws/build/rosbot_description/install.log --single-version-externally-managed install_data
[6.886s] running egg_info
[6.990s] writing ../../build/rosbot_description/rosbot_description.egg-info/PKG-INFO
[6.990s] writing dependency_links to ../../build/rosbot_description/rosbot_description.egg-info/dependency_links.txt
[6.991s] writing requirements to ../../build/rosbot_description/rosbot_description.egg-info/requires.txt
[6.991s] writing top-level names to ../../build/rosbot_description/rosbot_description.egg-info/top_level.txt
[7.196s] reading manifest file '../../build/rosbot_description/rosbot_description.egg-info/SOURCES.txt'
[7.198s] writing manifest file '../../build/rosbot_description/rosbot_description.egg-info/SOURCES.txt'
[7.198s] running build
[7.198s] running build_py
[7.198s] running install
[7.281s] running install_lib
[7.384s] running install_data
[7.384s] copying urdf/rosbot.gazebo -> /home/user/ros2_ws/install/rosbot_description/share/rosbot_description/urdf
[7.385s] running install_egg_info
[7.490s] removing '/home/user/ros2_ws/install/rosbot_description/lib/python3.12/site-packages/rosbot_description-0.0.0-py3.12.egg-info' (and everything under it)
[7.491s] Copying ../../build/rosbot_description/rosbot_description.egg-info to /home/user/ros2_ws/install/rosbot_description/lib/python3.12/site-packages/rosbot_description-0.0.0-py3.12.egg-info
[7.493s] running install_scripts
[7.901s] writing list of installed files to '/home/user/ros2_ws/build/rosbot_description/install.log'
[7.936s] Invoked command in '/home/user/ros2_ws/src/rosbot_description' returned '0': PYTHONPATH=/home/user/ros2_ws/build/rosbot_description/prefix_override:/usr/lib/python3/dist-packages/colcon_core/task/python/colcon_distutils_commands:/home/user/ros2_ws/install/rosbot_description/lib/python3.12/site-packages:${PYTHONPATH} _=/usr/bin/env /usr/bin/python3 -W ignore:setup.py install is deprecated -W ignore:easy_install command is deprecated setup.py egg_info --egg-base ../../build/rosbot_description build --build-base /home/user/ros2_ws/build/rosbot_description/build install --record /home/user/ros2_ws/build/rosbot_description/install.log --single-version-externally-managed install_data
