[3.189s] Invoking command in '/home/user/ros2_ws/build/r_arm_description': PYTHONPATH=/home/user/ros2_ws/build/r_arm_description/prefix_override:/usr/lib/python3/dist-packages/colcon_core/task/python/colcon_distutils_commands:/home/user/ros2_ws/install/r_arm_description/lib/python3.12/site-packages:${PYTHONPATH} _=/usr/bin/env /usr/bin/python3 -W ignore:setup.py install is deprecated -W ignore:easy_install command is deprecated setup.py develop --editable --build-directory /home/user/ros2_ws/build/r_arm_description/build --no-deps symlink_data --force
[4.578s] running develop
[5.487s] running egg_info
[5.586s] writing r_arm_description.egg-info/PKG-INFO
[5.587s] writing dependency_links to r_arm_description.egg-info/dependency_links.txt
[5.587s] writing requirements to r_arm_description.egg-info/requires.txt
[5.588s] writing top-level names to r_arm_description.egg-info/top_level.txt
[5.783s] reading manifest file 'r_arm_description.egg-info/SOURCES.txt'
[5.783s] writing manifest file 'r_arm_description.egg-info/SOURCES.txt'
[5.879s] running build_ext
[5.879s] Creating /home/user/ros2_ws/install/r_arm_description/lib/python3.12/site-packages/r-arm-description.egg-link (link to .)
[5.879s] 
[5.881s] Installed /home/user/ros2_ws/build/r_arm_description
[5.881s] running symlink_data
[5.882s] symbolically linking /home/user/ros2_ws/build/r_arm_description/resource/r_arm_description -> /home/user/ros2_ws/install/r_arm_description/share/ament_index/resource_index/packages
[5.882s] symbolically linking /home/user/ros2_ws/build/r_arm_description/package.xml -> /home/user/ros2_ws/install/r_arm_description/share/r_arm_description
[5.882s] symbolically linking /home/user/ros2_ws/build/r_arm_description/launch/gazebo.launch.py -> /home/user/ros2_ws/install/r_arm_description/share/r_arm_description/launch
[5.882s] symbolically linking /home/user/ros2_ws/build/r_arm_description/launch/display.launch.py -> /home/user/ros2_ws/install/r_arm_description/share/r_arm_description/launch
[5.882s] symbolically linking /home/user/ros2_ws/build/r_arm_description/urdf/r_arm.ros2control -> /home/user/ros2_ws/install/r_arm_description/share/r_arm_description/urdf
[5.882s] symbolically linking /home/user/ros2_ws/build/r_arm_description/urdf/r_arm.xacro -> /home/user/ros2_ws/install/r_arm_description/share/r_arm_description/urdf
[5.883s] symbolically linking /home/user/ros2_ws/build/r_arm_description/urdf/r_arm.gazebo -> /home/user/ros2_ws/install/r_arm_description/share/r_arm_description/urdf
[5.883s] symbolically linking /home/user/ros2_ws/build/r_arm_description/urdf/materials.xacro -> /home/user/ros2_ws/install/r_arm_description/share/r_arm_description/urdf
[5.883s] symbolically linking /home/user/ros2_ws/build/r_arm_description/meshes/link1_1.stl -> /home/user/ros2_ws/install/r_arm_description/share/r_arm_description/meshes
[5.884s] symbolically linking /home/user/ros2_ws/build/r_arm_description/meshes/base_link.stl -> /home/user/ros2_ws/install/r_arm_description/share/r_arm_description/meshes
[5.885s] symbolically linking /home/user/ros2_ws/build/r_arm_description/meshes/link2_1.stl -> /home/user/ros2_ws/install/r_arm_description/share/r_arm_description/meshes
[5.886s] symbolically linking /home/user/ros2_ws/build/r_arm_description/config/display.rviz -> /home/user/ros2_ws/install/r_arm_description/share/r_arm_description/config
[5.886s] symbolically linking /home/user/ros2_ws/build/r_arm_description/config/controller.yaml -> /home/user/ros2_ws/install/r_arm_description/share/r_arm_description/config
[5.887s] symbolically linking /home/user/ros2_ws/build/r_arm_description/config/gazebo.rviz -> /home/user/ros2_ws/install/r_arm_description/share/r_arm_description/config
[5.887s] symbolically linking /home/user/ros2_ws/build/r_arm_description/config/ros_gz_bridge_gazebo.yaml -> /home/user/ros2_ws/install/r_arm_description/share/r_arm_description/config
[6.056s] Invoked command in '/home/user/ros2_ws/build/r_arm_description' returned '0': PYTHONPATH=/home/user/ros2_ws/build/r_arm_description/prefix_override:/usr/lib/python3/dist-packages/colcon_core/task/python/colcon_distutils_commands:/home/user/ros2_ws/install/r_arm_description/lib/python3.12/site-packages:${PYTHONPATH} _=/usr/bin/env /usr/bin/python3 -W ignore:setup.py install is deprecated -W ignore:easy_install command is deprecated setup.py develop --editable --build-directory /home/user/ros2_ws/build/r_arm_description/build --no-deps symlink_data --force
