[3.471s] Invoking command in '/home/user/ros2_ws/build/robot_mk1_description': PYTHONPATH=/home/user/ros2_ws/build/robot_mk1_description/prefix_override:/usr/lib/python3/dist-packages/colcon_core/task/python/colcon_distutils_commands:/home/user/ros2_ws/install/robot_mk1_description/lib/python3.12/site-packages:${PYTHONPATH} _=/usr/bin/env /usr/bin/python3 -W ignore:setup.py install is deprecated -W ignore:easy_install command is deprecated setup.py develop --editable --build-directory /home/user/ros2_ws/build/robot_mk1_description/build --no-deps symlink_data --force
[4.749s] running develop
[5.655s] running egg_info
[5.680s] writing robot_mk1_description.egg-info/PKG-INFO
[5.681s] writing dependency_links to robot_mk1_description.egg-info/dependency_links.txt
[5.681s] writing requirements to robot_mk1_description.egg-info/requires.txt
[5.681s] writing top-level names to robot_mk1_description.egg-info/top_level.txt
[5.879s] reading manifest file 'robot_mk1_description.egg-info/SOURCES.txt'
[5.880s] writing manifest file 'robot_mk1_description.egg-info/SOURCES.txt'
[5.962s] running build_ext
[5.962s] Creating /home/user/ros2_ws/install/robot_mk1_description/lib/python3.12/site-packages/robot-mk1-description.egg-link (link to .)
[5.963s] 
[5.963s] Installed /home/user/ros2_ws/build/robot_mk1_description
[5.963s] running symlink_data
[5.964s] symbolically linking /home/user/ros2_ws/build/robot_mk1_description/resource/robot_mk1_description -> /home/user/ros2_ws/install/robot_mk1_description/share/ament_index/resource_index/packages
[5.964s] symbolically linking /home/user/ros2_ws/build/robot_mk1_description/package.xml -> /home/user/ros2_ws/install/robot_mk1_description/share/robot_mk1_description
[5.964s] symbolically linking /home/user/ros2_ws/build/robot_mk1_description/launch/gazebo.launch.py -> /home/user/ros2_ws/install/robot_mk1_description/share/robot_mk1_description/launch
[5.964s] symbolically linking /home/user/ros2_ws/build/robot_mk1_description/launch/display.launch.py -> /home/user/ros2_ws/install/robot_mk1_description/share/robot_mk1_description/launch
[5.964s] symbolically linking /home/user/ros2_ws/build/robot_mk1_description/urdf/robot_mk1.gazebo -> /home/user/ros2_ws/install/robot_mk1_description/share/robot_mk1_description/urdf
[5.965s] symbolically linking /home/user/ros2_ws/build/robot_mk1_description/urdf/robot_mk1.xacro -> /home/user/ros2_ws/install/robot_mk1_description/share/robot_mk1_description/urdf
[5.965s] symbolically linking /home/user/ros2_ws/build/robot_mk1_description/urdf/materials.xacro -> /home/user/ros2_ws/install/robot_mk1_description/share/robot_mk1_description/urdf
[5.965s] symbolically linking /home/user/ros2_ws/build/robot_mk1_description/urdf/robot_mk1.ros2control -> /home/user/ros2_ws/install/robot_mk1_description/share/robot_mk1_description/urdf
[5.965s] symbolically linking /home/user/ros2_ws/build/robot_mk1_description/meshes/right_wheel_1.stl -> /home/user/ros2_ws/install/robot_mk1_description/share/robot_mk1_description/meshes
[5.966s] symbolically linking /home/user/ros2_ws/build/robot_mk1_description/meshes/base_link.stl -> /home/user/ros2_ws/install/robot_mk1_description/share/robot_mk1_description/meshes
[5.966s] symbolically linking /home/user/ros2_ws/build/robot_mk1_description/meshes/left_wheel_1.stl -> /home/user/ros2_ws/install/robot_mk1_description/share/robot_mk1_description/meshes
[5.966s] symbolically linking /home/user/ros2_ws/build/robot_mk1_description/meshes/lidar_1.stl -> /home/user/ros2_ws/install/robot_mk1_description/share/robot_mk1_description/meshes
[5.966s] symbolically linking /home/user/ros2_ws/build/robot_mk1_description/config/display.rviz -> /home/user/ros2_ws/install/robot_mk1_description/share/robot_mk1_description/config
[5.966s] symbolically linking /home/user/ros2_ws/build/robot_mk1_description/config/gazebo.rviz -> /home/user/ros2_ws/install/robot_mk1_description/share/robot_mk1_description/config
[5.966s] symbolically linking /home/user/ros2_ws/build/robot_mk1_description/config/ros_gz_bridge_gazebo.yaml -> /home/user/ros2_ws/install/robot_mk1_description/share/robot_mk1_description/config
[6.078s] Invoked command in '/home/user/ros2_ws/build/robot_mk1_description' returned '0': PYTHONPATH=/home/user/ros2_ws/build/robot_mk1_description/prefix_override:/usr/lib/python3/dist-packages/colcon_core/task/python/colcon_distutils_commands:/home/user/ros2_ws/install/robot_mk1_description/lib/python3.12/site-packages:${PYTHONPATH} _=/usr/bin/env /usr/bin/python3 -W ignore:setup.py install is deprecated -W ignore:easy_install command is deprecated setup.py develop --editable --build-directory /home/user/ros2_ws/build/robot_mk1_description/build --no-deps symlink_data --force
