[0.532s] Invoking command in '/home/user/ros2_ws/build/oppressor_api': CMAKE_PREFIX_PATH=${CMAKE_PREFIX_PATH}:/home/user/ros2_ws/install/rosbot_mk3_description:/home/user/ros2_ws/install/rosbot_description:/home/user/ros2_ws/install/robot_urdf_description:/home/user/ros2_ws/install/robot_mk1_description:/home/user/ros2_ws/install/qube_1_description:/home/user/ros2_ws/install/oppressor_mk3_description:/home/user/ros2_ws/install/oppressor_mk1_description:/home/user/ros2_ws/install/bullet_arm_description:/home/user/ros2_ws/install/ARM_MK1_description:/opt/ros/jazzy _=/usr/bin/env /usr/bin/cmake --build /home/user/ros2_ws/build/oppressor_api -- -j8 -l8
[1.769s] [01m[K/home/user/ros2_ws/src/oppressor_api/src/pid.cpp:21:6:[m[K [01;31m[Kerror: [m[Kno declaration matches '[01m[Kvoid PIDController::[01;32m[KsetGains[m[K(double*, double*, double*)[m[K'
[1.770s]    21 | void [01;31m[KPIDController[m[K::setGains(double *new_Kp, double *new_Ki, double *new_Kd) {
[1.770s]       |      [01;31m[K^~~~~~~~~~~~~[m[K
[1.771s] In file included from [01m[K/home/user/ros2_ws/src/oppressor_api/src/pid.cpp:1[m[K:
[1.771s] [01m[K/home/user/ros2_ws/src/oppressor_api/include/pid.h:7:8:[m[K [01;36m[Knote: [m[Kcandidate is: '[01m[Kvoid PIDController::[01;32m[KsetGains[m[K(float*, float*, float*)[m[K'
[1.771s]     7 |   void [01;36m[KsetGains[m[K(float *new_Kp, float *new_Ki, float *new_Kd);
[1.772s]       |        [01;36m[K^~~~~~~~[m[K
[1.772s] [01m[K/home/user/ros2_ws/src/oppressor_api/include/pid.h:2:7:[m[K [01;36m[Knote: [m[K'[01m[Kclass PIDController[m[K' defined here
[1.772s]     2 | class [01;36m[KPIDController[m[K {
[1.772s]       |       [01;36m[K^~~~~~~~~~~~~[m[K
[1.772s] gmake[2]: *** [CMakeFiles/controller.dir/build.make:90: CMakeFiles/controller.dir/src/pid.cpp.o] Error 1
[1.772s] gmake[2]: *** Waiting for unfinished jobs....
[1.773s] [ 40%] Built target image_processing
[1.773s] [ 60%] [32mBuilding CXX object CMakeFiles/controller.dir/src/controller.cpp.o[0m
[1.773s] [ 80%] [32mBuilding CXX object CMakeFiles/controller.dir/src/pid.cpp.o[0m
[9.914s] [01m[K/home/user/ros2_ws/src/oppressor_api/src/controller.cpp:[m[K In member function '[01m[Kvoid controller::[01;32m[Kcallback[m[K(std_msgs::msg::Float64_<std::allocator<void> >::SharedPtr)[m[K':
[9.914s] [01m[K/home/user/ros2_ws/src/oppressor_api/src/controller.cpp:37:29:[m[K [01;31m[Kerror: [m[Kcannot convert '[01m[Kdouble[m[K' to '[01m[Kfloat*[m[K'
[9.914s]    37 |     PIDController::setGains([01;31m[Kkp_[m[K, ki_, kd_);
[9.914s]       |                             [01;31m[K^~~[m[K
[9.914s]       |                             [01;31m[K|[m[K
[9.915s]       |                             [01;31m[Kdouble[m[K
[9.915s] In file included from [01m[K/home/user/ros2_ws/src/oppressor_api/src/controller.cpp:10[m[K:
[9.915s] [01m[K/home/user/ros2_ws/src/oppressor_api/include/pid.h:7:24:[m[K [01;36m[Knote: [m[K  initializing argument 1 of '[01m[Kvoid PIDController::[01;32m[KsetGains[m[K(float*, float*, float*)[m[K'
[9.915s]     7 |   void setGains([01;36m[Kfloat *new_Kp[m[K, float *new_Ki, float *new_Kd);
[9.915s]       |                 [01;36m[K~~~~~~~^~~~~~[m[K
[14.552s] gmake[2]: *** [CMakeFiles/controller.dir/build.make:76: CMakeFiles/controller.dir/src/controller.cpp.o] Error 1
[14.552s] gmake[1]: *** [CMakeFiles/Makefile2:165: CMakeFiles/controller.dir/all] Error 2
[14.552s] gmake: *** [Makefile:146: all] Error 2
[14.554s] Invoked command in '/home/user/ros2_ws/build/oppressor_api' returned '2': CMAKE_PREFIX_PATH=${CMAKE_PREFIX_PATH}:/home/user/ros2_ws/install/rosbot_mk3_description:/home/user/ros2_ws/install/rosbot_description:/home/user/ros2_ws/install/robot_urdf_description:/home/user/ros2_ws/install/robot_mk1_description:/home/user/ros2_ws/install/qube_1_description:/home/user/ros2_ws/install/oppressor_mk3_description:/home/user/ros2_ws/install/oppressor_mk1_description:/home/user/ros2_ws/install/bullet_arm_description:/home/user/ros2_ws/install/ARM_MK1_description:/opt/ros/jazzy _=/usr/bin/env /usr/bin/cmake --build /home/user/ros2_ws/build/oppressor_api -- -j8 -l8
