[1.019s] Invoking command in '/home/user/ros2_ws/src/robot_urdf_description': PYTHONPATH=/home/user/ros2_ws/build/robot_urdf_description/prefix_override:/usr/lib/python3/dist-packages/colcon_core/task/python/colcon_distutils_commands:/home/user/ros2_ws/install/robot_urdf_description/lib/python3.12/site-packages:${PYTHONPATH} _=/usr/bin/env /usr/bin/python3 -W ignore:setup.py install is deprecated -W ignore:easy_install command is deprecated setup.py egg_info --egg-base ../../build/robot_urdf_description build --build-base /home/user/ros2_ws/build/robot_urdf_description/build install --record /home/user/ros2_ws/build/robot_urdf_description/install.log --single-version-externally-managed install_data
[1.338s] running egg_info
[1.358s] writing ../../build/robot_urdf_description/robot_urdf_description.egg-info/PKG-INFO
[1.358s] writing dependency_links to ../../build/robot_urdf_description/robot_urdf_description.egg-info/dependency_links.txt
[1.358s] writing requirements to ../../build/robot_urdf_description/robot_urdf_description.egg-info/requires.txt
[1.358s] writing top-level names to ../../build/robot_urdf_description/robot_urdf_description.egg-info/top_level.txt
[1.411s] reading manifest file '../../build/robot_urdf_description/robot_urdf_description.egg-info/SOURCES.txt'
[1.412s] writing manifest file '../../build/robot_urdf_description/robot_urdf_description.egg-info/SOURCES.txt'
[1.413s] running build
[1.413s] running build_py
[1.413s] running install
[1.420s] running install_lib
[1.440s] running install_data
[1.441s] copying config/ros_gz_bridge_gazebo.yaml -> /home/user/ros2_ws/install/robot_urdf_description/share/robot_urdf_description/config
[1.441s] running install_egg_info
[1.462s] removing '/home/user/ros2_ws/install/robot_urdf_description/lib/python3.12/site-packages/robot_urdf_description-0.0.0-py3.12.egg-info' (and everything under it)
[1.462s] Copying ../../build/robot_urdf_description/robot_urdf_description.egg-info to /home/user/ros2_ws/install/robot_urdf_description/lib/python3.12/site-packages/robot_urdf_description-0.0.0-py3.12.egg-info
[1.463s] running install_scripts
[1.624s] writing list of installed files to '/home/user/ros2_ws/build/robot_urdf_description/install.log'
[1.656s] Invoked command in '/home/user/ros2_ws/src/robot_urdf_description' returned '0': PYTHONPATH=/home/user/ros2_ws/build/robot_urdf_description/prefix_override:/usr/lib/python3/dist-packages/colcon_core/task/python/colcon_distutils_commands:/home/user/ros2_ws/install/robot_urdf_description/lib/python3.12/site-packages:${PYTHONPATH} _=/usr/bin/env /usr/bin/python3 -W ignore:setup.py install is deprecated -W ignore:easy_install command is deprecated setup.py egg_info --egg-base ../../build/robot_urdf_description build --build-base /home/user/ros2_ws/build/robot_urdf_description/build install --record /home/user/ros2_ws/build/robot_urdf_description/install.log --single-version-externally-managed install_data
