[0.605s] Invoking command in '/home/user/ros2_ws/build/oppressor_api': CMAKE_PREFIX_PATH=${CMAKE_PREFIX_PATH}:/home/user/ros2_ws/install/rosbot_mk3_description:/home/user/ros2_ws/install/rosbot_description:/home/user/ros2_ws/install/robot_urdf_description:/home/user/ros2_ws/install/robot_mk1_description:/home/user/ros2_ws/install/qube_1_description:/home/user/ros2_ws/install/oppressor_mk3_description:/home/user/ros2_ws/install/oppressor_mk1_description:/home/user/ros2_ws/install/bullet_arm_description:/home/user/ros2_ws/install/ARM_MK1_description:/opt/ros/jazzy _=/usr/bin/env /usr/bin/cmake --build /home/user/ros2_ws/build/oppressor_api -- -j8 -l8
[1.889s] -- Found ament_cmake: 2.5.6 (/opt/ros/jazzy/share/ament_cmake/cmake)
[1.890s] -- Found rclcpp: 28.1.18 (/opt/ros/jazzy/share/rclcpp/cmake)
[1.890s] -- Found rosidl_generator_c: 4.6.7 (/opt/ros/jazzy/share/rosidl_generator_c/cmake)
[1.890s] -- Found rosidl_generator_cpp: 4.6.7 (/opt/ros/jazzy/share/rosidl_generator_cpp/cmake)
[1.890s] -- Using all available rosidl_typesupport_c: rosidl_typesupport_fastrtps_c;rosidl_typesupport_introspection_c
[1.890s] -- Using all available rosidl_typesupport_cpp: rosidl_typesupport_fastrtps_cpp;rosidl_typesupport_introspection_cpp
[1.890s] -- Found rmw_implementation_cmake: 7.3.3 (/opt/ros/jazzy/share/rmw_implementation_cmake/cmake)
[1.891s] -- Found rmw_fastrtps_cpp: 8.4.3 (/opt/ros/jazzy/share/rmw_fastrtps_cpp/cmake)
[1.891s] -- Using RMW implementation 'rmw_fastrtps_cpp' as default
[1.891s] -- Found geometry_msgs: 5.3.7 (/opt/ros/jazzy/share/geometry_msgs/cmake)
[1.891s] -- Found sensor_msgs: 5.3.7 (/opt/ros/jazzy/share/sensor_msgs/cmake)
[1.891s] -- Found nav_msgs: 5.3.7 (/opt/ros/jazzy/share/nav_msgs/cmake)
[1.891s] -- Found cv_bridge: 4.1.0 (/opt/ros/jazzy/share/cv_bridge/cmake)
[1.892s] -- Found image_transport: 5.1.7 (/opt/ros/jazzy/share/image_transport/cmake)
[1.892s] -- Configuring done (1.1s)
[1.892s] -- Generating done (0.0s)
[1.892s] -- Build files have been written to: /home/user/ros2_ws/build/oppressor_api
[1.958s] [ 42%] Built target controller
[1.958s] [ 57%] [32mBuilding CXX object CMakeFiles/complementary_filter.dir/src/complementary_filter_node.cpp.o[0m
[1.966s] [ 85%] Built target image_processing
[12.867s] [01m[K/home/user/ros2_ws/src/oppressor_api/src/complementary_filter_node.cpp:16:105:[m[K [01;31m[Kerror: [m[Kinvalid declarator before '[01m[KSyncPolicy[m[K'
[12.867s]    16 | typedef message_filters::sync_policies::ApproximateTime<sensor_msgs::msg::Imu, nav_msgs::msg::Odometry> [01;31m[KSyncPolicy[m[K;
[12.868s]       |                                                                                                         [01;31m[K^~~~~~~~~~[m[K
[12.868s] [01m[K/home/user/ros2_ws/src/oppressor_api/src/complementary_filter_node.cpp:21:7:[m[K [01;31m[Kerror: [m[Kredefinition of '[01m[Kclass ComplementaryFilter[m[K'
[12.868s]    21 | class [01;31m[KComplementaryFilter[m[K : public rclcpp::Node {
[12.869s]       |       [01;31m[K^~~~~~~~~~~~~~~~~~~[m[K
[12.869s] In file included from [01m[K/home/user/ros2_ws/src/oppressor_api/src/complementary_filter_node.cpp:13[m[K:
[12.869s] [01m[K/home/user/ros2_ws/src/oppressor_api/include/oppressor_api/complementary_filter.h:3:7:[m[K [01;36m[Knote: [m[Kprevious definition of '[01m[Kclass ComplementaryFilter[m[K'
[12.869s]     3 | class [01;36m[KComplementaryFilter[m[K {
[12.869s]       |       [01;36m[K^~~~~~~~~~~~~~~~~~~[m[K
[12.871s] [01m[K/home/user/ros2_ws/src/oppressor_api/src/complementary_filter_node.cpp:[m[K In function '[01m[Kint[01;32m[K main[m[K(int, char**)[m[K':
[12.871s] [01m[K/home/user/ros2_ws/src/oppressor_api/src/complementary_filter_node.cpp:57:15:[m[K [01;31m[Kerror: [m[Kno matching function for call to '[01m[Kspin(std::shared_ptr<ComplementaryFilter>&)[m[K'
[12.872s]    57 |   [01;31m[Krclcpp::spin(sub_node)[m[K;
[12.872s]       |   [01;31m[K~~~~~~~~~~~~^~~~~~~~~~[m[K
[12.872s] In file included from [01m[K/opt/ros/jazzy/include/rclcpp/rclcpp/rclcpp.hpp:172[m[K,
[12.872s]                  from [01m[K/home/user/ros2_ws/src/oppressor_api/src/complementary_filter_node.cpp:6[m[K:
[12.873s] [01m[K/opt/ros/jazzy/include/rclcpp/rclcpp/executors.hpp:58:1:[m[K [01;36m[Knote: [m[Kcandidate: '[01m[Kvoid rclcpp::[01;32m[Kspin[m[K(node_interfaces::NodeBaseInterface::SharedPtr)[m[K'
[12.873s]    58 | [01;36m[Kspin[m[K(rclcpp::node_interfaces::NodeBaseInterface::SharedPtr node_ptr);
[12.873s]       | [01;36m[K^~~~[m[K
[12.873s] [01m[K/opt/ros/jazzy/include/rclcpp/rclcpp/executors.hpp:58:60:[m[K [01;36m[Knote: [m[K  no known conversion for argument 1 from '[01m[Kshared_ptr<[01;32m[KComplementaryFilter[m[K>[m[K' to '[01m[Kshared_ptr<[01;32m[Krclcpp::node_interfaces::NodeBaseInterface[m[K>[m[K'
[12.873s]    58 | spin([01;36m[Krclcpp::node_interfaces::NodeBaseInterface::SharedPtr node_ptr[m[K);
[12.873s]       |      [01;36m[K~~~~~~~~~~~~~~~~~~~~~~~~~~~~~~~~~~~~~~~~~~~~~~~~~~~~~~^~~~~~~~[m[K
[12.874s] [01m[K/opt/ros/jazzy/include/rclcpp/rclcpp/executors.hpp:62:1:[m[K [01;36m[Knote: [m[Kcandidate: '[01m[Kvoid rclcpp::[01;32m[Kspin[m[K(Node::SharedPtr)[m[K'
[12.874s]    62 | [01;36m[Kspin[m[K(rclcpp::Node::SharedPtr node_ptr);
[12.874s]       | [01;36m[K^~~~[m[K
[12.874s] [01m[K/opt/ros/jazzy/include/rclcpp/rclcpp/executors.hpp:62:30:[m[K [01;36m[Knote: [m[K  no known conversion for argument 1 from '[01m[Kshared_ptr<[01;32m[KComplementaryFilter[m[K>[m[K' to '[01m[Kshared_ptr<[01;32m[Krclcpp::Node[m[K>[m[K'
[12.874s]    62 | spin([01;36m[Krclcpp::Node::SharedPtr node_ptr[m[K);
[12.875s]       |      [01;36m[K~~~~~~~~~~~~~~~~~~~~~~~~^~~~~~~~[m[K
[14.473s] In file included from [01m[K/usr/include/c++/13/bits/alloc_traits.h:33[m[K,
[14.473s]                  from [01m[K/usr/include/c++/13/ext/alloc_traits.h:34[m[K,
[14.473s]                  from [01m[K/usr/include/c++/13/bits/hashtable_policy.h:39[m[K,
[14.473s]                  from [01m[K/usr/include/c++/13/bits/hashtable.h:35[m[K,
[14.473s]                  from [01m[K/usr/include/c++/13/bits/unordered_map.h:33[m[K,
[14.473s]                  from [01m[K/usr/include/c++/13/unordered_map:41[m[K,
[14.473s]                  from [01m[K/usr/include/c++/13/functional:63[m[K,
[14.473s]                  from [01m[K/home/user/ros2_ws/src/oppressor_api/src/complementary_filter_node.cpp:2[m[K:
[14.474s] /usr/include/c++/13/bits/stl_construct.h: In instantiation of '[01m[Kvoid std::[01;32m[K_Construct[m[K(_Tp*, _Args&& ...) [35m[K[with _Tp = ComplementaryFilter; _Args = {}][m[K[m[K':
[14.474s] [01m[K/usr/include/c++/13/bits/alloc_traits.h:661:19:[m[K   required from '[01m[Kstatic void std::allocator_traits<std::allocator<void> >::[01;32m[Kconstruct[m[K(allocator_type&, _Up*, _Args&& ...) [35m[K[with _Up = ComplementaryFilter; _Args = {}; allocator_type = std::allocator<void>][m[K[m[K'
[14.474s] [01m[K/usr/include/c++/13/bits/shared_ptr_base.h:604:39:[m[K   required from '[01m[Kstd::_Sp_counted_ptr_inplace<_Tp, _Alloc, _Lp>::[01;32m[K_Sp_counted_ptr_inplace[m[K(_Alloc, _Args&& ...) [35m[K[with _Args = {}; _Tp = ComplementaryFilter; _Alloc = std::allocator<void>; __gnu_cxx::_Lock_policy _Lp = __gnu_cxx::_S_atomic][m[K[m[K'
[14.474s] [01m[K/usr/include/c++/13/bits/shared_ptr_base.h:971:16:[m[K   required from '[01m[Kstd::__shared_count<_Lp>::[01;32m[K__shared_count[m[K(_Tp*&, std::_Sp_alloc_shared_tag<_Alloc>, _Args&& ...) [35m[K[with _Tp = ComplementaryFilter; _Alloc = std::allocator<void>; _Args = {}; __gnu_cxx::_Lock_policy _Lp = __gnu_cxx::_S_atomic][m[K[m[K'
[14.474s] [01m[K/usr/include/c++/13/bits/shared_ptr_base.h:1712:14:[m[K   required from '[01m[Kstd::__shared_ptr<_Tp, _Lp>::[01;32m[K__shared_ptr[m[K(std::_Sp_alloc_shared_tag<_Tp>, _Args&& ...) [35m[K[with _Alloc = std::allocator<void>; _Args = {}; _Tp = ComplementaryFilter; __gnu_cxx::_Lock_policy _Lp = __gnu_cxx::_S_atomic][m[K[m[K'
[14.475s] [01m[K/usr/include/c++/13/bits/shared_ptr.h:464:59:[m[K   required from '[01m[Kstd::shared_ptr<_Tp>::[01;32m[Kshared_ptr[m[K(std::_Sp_alloc_shared_tag<_Tp>, _Args&& ...) [35m[K[with _Alloc = std::allocator<void>; _Args = {}; _Tp = ComplementaryFilter][m[K[m[K'
[14.475s] [01m[K/usr/include/c++/13/bits/shared_ptr.h:1009:14:[m[K   required from '[01m[Kstd::shared_ptr<typename std::enable_if<(! std::is_array< <template-parameter-1-1> >::value), _Tp>::type> std::[01;32m[Kmake_shared[m[K(_Args&& ...) [35m[K[with _Tp = ComplementaryFilter; _Args = {}; typename enable_if<(! is_array< <template-parameter-1-1> >::value), _Tp>::type = ComplementaryFilter][m[K[m[K'
[14.475s] [01m[K/home/user/ros2_ws/src/oppressor_api/src/complementary_filter_node.cpp:56:56:[m[K   required from here
[14.475s] [01m[K/usr/include/c++/13/bits/stl_construct.h:119:7:[m[K [01;31m[Kerror: [m[Kno matching function for call to '[01m[KComplementaryFilter::ComplementaryFilter()[m[K'
[14.475s]   119 |       [01;31m[K::new((void*)__p) _Tp(std::forward<_Args>(__args)...)[m[K;
[14.475s]       |       [01;31m[K^~~~~~~~~~~~~~~~~~~~~~~~~~~~~~~~~~~~~~~~~~~~~~~~~~~~~[m[K
[14.475s] [01m[K/home/user/ros2_ws/src/oppressor_api/include/oppressor_api/complementary_filter.h:5:3:[m[K [01;36m[Knote: [m[Kcandidate: '[01m[KComplementaryFilter::[01;32m[KComplementaryFilter[m[K(double)[m[K'
[14.476s]     5 |   [01;36m[KComplementaryFilter[m[K(double alpha);
[14.476s]       |   [01;36m[K^~~~~~~~~~~~~~~~~~~[m[K
[14.476s] [01m[K/home/user/ros2_ws/src/oppressor_api/include/oppressor_api/complementary_filter.h:5:3:[m[K [01;36m[Knote: [m[K  candidate expects 1 argument, 0 provided
[14.476s] [01m[K/home/user/ros2_ws/src/oppressor_api/include/oppressor_api/complementary_filter.h:3:7:[m[K [01;36m[Knote: [m[Kcandidate: '[01m[Kconstexpr ComplementaryFilter::[01;32m[KComplementaryFilter[m[K(const ComplementaryFilter&)[m[K'
[14.476s]     3 | class [01;36m[KComplementaryFilter[m[K {
[14.476s]       |       [01;36m[K^~~~~~~~~~~~~~~~~~~[m[K
[14.477s] [01m[K/home/user/ros2_ws/src/oppressor_api/include/oppressor_api/complementary_filter.h:3:7:[m[K [01;36m[Knote: [m[K  candidate expects 1 argument, 0 provided
[14.477s] [01m[K/home/user/ros2_ws/src/oppressor_api/include/oppressor_api/complementary_filter.h:3:7:[m[K [01;36m[Knote: [m[Kcandidate: '[01m[Kconstexpr ComplementaryFilter::[01;32m[KComplementaryFilter[m[K(ComplementaryFilter&&)[m[K'
[14.477s] [01m[K/home/user/ros2_ws/src/oppressor_api/include/oppressor_api/complementary_filter.h:3:7:[m[K [01;36m[Knote: [m[K  candidate expects 1 argument, 0 provided
[14.670s] gmake[2]: *** [CMakeFiles/complementary_filter.dir/build.make:76: CMakeFiles/complementary_filter.dir/src/complementary_filter_node.cpp.o] Error 1
[14.670s] gmake[1]: *** [CMakeFiles/Makefile2:193: CMakeFiles/complementary_filter.dir/all] Error 2
[14.670s] gmake: *** [Makefile:146: all] Error 2
[14.673s] Invoked command in '/home/user/ros2_ws/build/oppressor_api' returned '2': CMAKE_PREFIX_PATH=${CMAKE_PREFIX_PATH}:/home/user/ros2_ws/install/rosbot_mk3_description:/home/user/ros2_ws/install/rosbot_description:/home/user/ros2_ws/install/robot_urdf_description:/home/user/ros2_ws/install/robot_mk1_description:/home/user/ros2_ws/install/qube_1_description:/home/user/ros2_ws/install/oppressor_mk3_description:/home/user/ros2_ws/install/oppressor_mk1_description:/home/user/ros2_ws/install/bullet_arm_description:/home/user/ros2_ws/install/ARM_MK1_description:/opt/ros/jazzy _=/usr/bin/env /usr/bin/cmake --build /home/user/ros2_ws/build/oppressor_api -- -j8 -l8
