running develop
running egg_info
writing rosbot_description.egg-info/PKG-INFO
writing dependency_links to rosbot_description.egg-info/dependency_links.txt
writing requirements to rosbot_description.egg-info/requires.txt
writing top-level names to rosbot_description.egg-info/top_level.txt
reading manifest file 'rosbot_description.egg-info/SOURCES.txt'
writing manifest file 'rosbot_description.egg-info/SOURCES.txt'
running build_ext
Creating /home/user/ros2_ws/install/rosbot_description/lib/python3.12/site-packages/rosbot-description.egg-link (link to .)

Installed /home/user/ros2_ws/build/rosbot_description
running symlink_data
symbolically linking /home/user/ros2_ws/build/rosbot_description/resource/rosbot_description -> /home/user/ros2_ws/install/rosbot_description/share/ament_index/resource_index/packages
symbolically linking /home/user/ros2_ws/build/rosbot_description/package.xml -> /home/user/ros2_ws/install/rosbot_description/share/rosbot_description
symbolically linking /home/user/ros2_ws/build/rosbot_description/launch/gazebo.launch.py -> /home/user/ros2_ws/install/rosbot_description/share/rosbot_description/launch
symbolically linking /home/user/ros2_ws/build/rosbot_description/launch/display.launch.py -> /home/user/ros2_ws/install/rosbot_description/share/rosbot_description/launch
symbolically linking /home/user/ros2_ws/build/rosbot_description/urdf/rosbot.gazebo -> /home/user/ros2_ws/install/rosbot_description/share/rosbot_description/urdf
symbolically linking /home/user/ros2_ws/build/rosbot_description/urdf/rosbot.ros2control -> /home/user/ros2_ws/install/rosbot_description/share/rosbot_description/urdf
symbolically linking /home/user/ros2_ws/build/rosbot_description/urdf/materials.xacro -> /home/user/ros2_ws/install/rosbot_description/share/rosbot_description/urdf
symbolically linking /home/user/ros2_ws/build/rosbot_description/urdf/rosbot.xacro -> /home/user/ros2_ws/install/rosbot_description/share/rosbot_description/urdf
symbolically linking /home/user/ros2_ws/build/rosbot_description/meshes/right_wheel_1.stl -> /home/user/ros2_ws/install/rosbot_description/share/rosbot_description/meshes
symbolically linking /home/user/ros2_ws/build/rosbot_description/meshes/base_link.stl -> /home/user/ros2_ws/install/rosbot_description/share/rosbot_description/meshes
symbolically linking /home/user/ros2_ws/build/rosbot_description/meshes/left_wheel_1.stl -> /home/user/ros2_ws/install/rosbot_description/share/rosbot_description/meshes
symbolically linking /home/user/ros2_ws/build/rosbot_description/meshes/lidar_1.stl -> /home/user/ros2_ws/install/rosbot_description/share/rosbot_description/meshes
symbolically linking /home/user/ros2_ws/build/rosbot_description/config/display.rviz -> /home/user/ros2_ws/install/rosbot_description/share/rosbot_description/config
symbolically linking /home/user/ros2_ws/build/rosbot_description/config/gazebo.rviz -> /home/user/ros2_ws/install/rosbot_description/share/rosbot_description/config
symbolically linking /home/user/ros2_ws/build/rosbot_description/config/ros_gz_bridge_gazebo.yaml -> /home/user/ros2_ws/install/rosbot_description/share/rosbot_description/config
