[0.677s] Invoking command in '/home/user/ros2_ws/build/oppressor_api': CMAKE_PREFIX_PATH=${CMAKE_PREFIX_PATH}:/home/user/ros2_ws/install/rosbot_mk3_description:/home/user/ros2_ws/install/rosbot_description:/home/user/ros2_ws/install/robot_urdf_description:/home/user/ros2_ws/install/robot_mk1_description:/home/user/ros2_ws/install/qube_1_description:/home/user/ros2_ws/install/oppressor_mk3_description:/home/user/ros2_ws/install/oppressor_mk1_description:/home/user/ros2_ws/install/bullet_arm_description:/home/user/ros2_ws/install/ARM_MK1_description:/opt/ros/jazzy _=/usr/bin/env /usr/bin/cmake --build /home/user/ros2_ws/build/oppressor_api -- -j8 -l8
[1.984s] [ 50%] [32mBuilding CXX object CMakeFiles/image_processing.dir/src/image_processing.cpp.o[0m
[15.373s] [01m[K/home/user/ros2_ws/src/oppressor_api/src/image_processing.cpp:[m[K In lambda function:
[15.373s] [01m[K/home/user/ros2_ws/src/oppressor_api/src/image_processing.cpp:26:32:[m[K [01;31m[Kerror: [m[Kexpected '[01m[K{[m[K' before '[01m[Kerror_callback[m[K'
[15.373s]    26 |         "/error", 10, [this]() [01;31m[Kerror_callback[m[K());
[15.373s]       |                                [01;31m[K^~~~~~~~~~~~~~[m[K
[15.373s] [01m[K/home/user/ros2_ws/src/oppressor_api/src/image_processing.cpp:[m[K In constructor '[01m[KImageProcessor::[01;32m[KImageProcessor[m[K()[m[K':
[15.374s] [01m[K/home/user/ros2_ws/src/oppressor_api/src/image_processing.cpp:26:32:[m[K [01;31m[Kerror: [m[Kexpected '[01m[K)[m[K' before '[01m[Kerror_callback[m[K'
[15.374s] [01m[K/home/user/ros2_ws/src/oppressor_api/src/image_processing.cpp:25:64:[m[K [01;36m[Knote: [m[Kto match this '[01m[K([m[K'
[15.374s]    25 |     error_publisher_ = create_publisher<std_msgs::msg::Float64>[01;36m[K([m[K
[15.374s]       |                                                                [01;36m[K^[m[K
[15.374s] [01m[K/home/user/ros2_ws/src/oppressor_api/src/image_processing.cpp:25:64:[m[K [01;31m[Kerror: [m[Kno matching function for call to '[01m[KImageProcessor::create_publisher<std_msgs::msg::Float64>(const char [7], int, ImageProcessor::ImageProcessor()::<lambda()>)[m[K'
[15.374s]    25 |     error_publisher_ = [01;31m[Kcreate_publisher<std_msgs::msg::Float64>([m[K
[15.374s]       |                        [01;31m[K~~~~~~~~~~~~~~~~~~~~~~~~~~~~~~~~~~~~~~~~^[m[K
[15.374s]    26 | [01;31m[K        "/error", 10, [this]() error_callback[m[K());
[15.375s]       |         [01;31m[K~~~~~~~~~~~~~~~~~~~~~~~~~~~~~~~~~~~~~[m[K                   
[15.375s] In file included from [01m[K/opt/ros/jazzy/include/rclcpp/rclcpp/executors/single_threaded_executor.hpp:28[m[K,
[15.375s]                  from [01m[K/opt/ros/jazzy/include/rclcpp/rclcpp/executors.hpp:22[m[K,
[15.375s]                  from [01m[K/opt/ros/jazzy/include/rclcpp/rclcpp/rclcpp.hpp:172[m[K,
[15.375s]                  from [01m[K/home/user/ros2_ws/src/oppressor_api/src/image_processing.cpp:8[m[K:
[15.375s] [01m[K/opt/ros/jazzy/include/rclcpp/rclcpp/node.hpp:197:3:[m[K [01;36m[Knote: [m[Kcandidate: '[01m[Ktemplate<class MessageT, class AllocatorT, class PublisherT> std::shared_ptr<PublisherT> rclcpp::Node::[01;32m[Kcreate_publisher[m[K(const std::string&, const rclcpp::QoS&, const rclcpp::PublisherOptionsWithAllocator<AllocatorT>&)[m[K'
[15.375s]   197 |   [01;36m[Kcreate_publisher[m[K(
[15.375s]       |   [01;36m[K^~~~~~~~~~~~~~~~[m[K
[15.376s] [01m[K/opt/ros/jazzy/include/rclcpp/rclcpp/node.hpp:197:3:[m[K [01;36m[Knote: [m[K  template argument deduction/substitution failed:
[15.376s] [01m[K/home/user/ros2_ws/src/oppressor_api/src/image_processing.cpp:25:64:[m[K [01;36m[Knote: [m[K  '[01m[KImageProcessor::ImageProcessor()::<lambda()>[m[K' is not derived from '[01m[Kconst rclcpp::PublisherOptionsWithAllocator<AllocatorT>[m[K'
[15.376s]    25 |     error_publisher_ = [01;36m[Kcreate_publisher<std_msgs::msg::Float64>([m[K
[15.376s]       |                        [01;36m[K~~~~~~~~~~~~~~~~~~~~~~~~~~~~~~~~~~~~~~~~^[m[K
[15.377s]    26 | [01;36m[K        "/error", 10, [this]() error_callback[m[K());
[15.377s]       |         [01;36m[K~~~~~~~~~~~~~~~~~~~~~~~~~~~~~~~~~~~~~[m[K                   
[19.197s] gmake[2]: *** [CMakeFiles/image_processing.dir/build.make:76: CMakeFiles/image_processing.dir/src/image_processing.cpp.o] Error 1
[19.197s] gmake[1]: *** [CMakeFiles/Makefile2:137: CMakeFiles/image_processing.dir/all] Error 2
[19.197s] gmake: *** [Makefile:146: all] Error 2
[19.199s] Invoked command in '/home/user/ros2_ws/build/oppressor_api' returned '2': CMAKE_PREFIX_PATH=${CMAKE_PREFIX_PATH}:/home/user/ros2_ws/install/rosbot_mk3_description:/home/user/ros2_ws/install/rosbot_description:/home/user/ros2_ws/install/robot_urdf_description:/home/user/ros2_ws/install/robot_mk1_description:/home/user/ros2_ws/install/qube_1_description:/home/user/ros2_ws/install/oppressor_mk3_description:/home/user/ros2_ws/install/oppressor_mk1_description:/home/user/ros2_ws/install/bullet_arm_description:/home/user/ros2_ws/install/ARM_MK1_description:/opt/ros/jazzy _=/usr/bin/env /usr/bin/cmake --build /home/user/ros2_ws/build/oppressor_api -- -j8 -l8
