[0.165s] Invoking command in '/home/user/ros2_ws/build/oppressor_api': CMAKE_PREFIX_PATH=${CMAKE_PREFIX_PATH}:/home/user/ros2_ws/install/rosbot_mk3_description:/home/user/ros2_ws/install/rosbot_description:/home/user/ros2_ws/install/robot_urdf_description:/home/user/ros2_ws/install/robot_mk1_description:/home/user/ros2_ws/install/qube_1_description:/home/user/ros2_ws/install/oppressor_mk3_description:/home/user/ros2_ws/install/oppressor_mk1_description:/home/user/ros2_ws/install/bullet_arm_description:/home/user/ros2_ws/install/ARM_MK1_description:/opt/ros/jazzy _=/usr/bin/env /usr/bin/cmake --build /home/user/ros2_ws/build/oppressor_api -- -j8 -l8
[0.979s] [ 28%] Built target image_processing
[1.201s] [ 42%] [32mBuilding CXX object CMakeFiles/complementary_filter.dir/src/complementary_filter_node.cpp.o[0m
[73.798s] [ 57%] [32m[1mLinking CXX executable complementary_filter[0m
[76.793s] [ 57%] Built target complementary_filter
[77.096s] [100%] Built target controller
[77.190s] Invoked command in '/home/user/ros2_ws/build/oppressor_api' returned '0': CMAKE_PREFIX_PATH=${CMAKE_PREFIX_PATH}:/home/user/ros2_ws/install/rosbot_mk3_description:/home/user/ros2_ws/install/rosbot_description:/home/user/ros2_ws/install/robot_urdf_description:/home/user/ros2_ws/install/robot_mk1_description:/home/user/ros2_ws/install/qube_1_description:/home/user/ros2_ws/install/oppressor_mk3_description:/home/user/ros2_ws/install/oppressor_mk1_description:/home/user/ros2_ws/install/bullet_arm_description:/home/user/ros2_ws/install/ARM_MK1_description:/opt/ros/jazzy _=/usr/bin/env /usr/bin/cmake --build /home/user/ros2_ws/build/oppressor_api -- -j8 -l8
[77.286s] Invoking command in '/home/user/ros2_ws/build/oppressor_api': CMAKE_PREFIX_PATH=${CMAKE_PREFIX_PATH}:/home/user/ros2_ws/install/rosbot_mk3_description:/home/user/ros2_ws/install/rosbot_description:/home/user/ros2_ws/install/robot_urdf_description:/home/user/ros2_ws/install/robot_mk1_description:/home/user/ros2_ws/install/qube_1_description:/home/user/ros2_ws/install/oppressor_mk3_description:/home/user/ros2_ws/install/oppressor_mk1_description:/home/user/ros2_ws/install/bullet_arm_description:/home/user/ros2_ws/install/ARM_MK1_description:/opt/ros/jazzy _=/usr/bin/env /usr/bin/cmake --install /home/user/ros2_ws/build/oppressor_api
[77.299s] -- Install configuration: ""
[77.300s] -- Up-to-date: /home/user/ros2_ws/install/oppressor_api/lib/oppressor_api/image_processing
[77.365s] -- Up-to-date: /home/user/ros2_ws/install/oppressor_api/lib/oppressor_api/controller
[77.365s] -- Installing: /home/user/ros2_ws/install/oppressor_api/lib/oppressor_api/complementary_filter
[77.383s] -- Set non-toolchain portion of runtime path of "/home/user/ros2_ws/install/oppressor_api/lib/oppressor_api/complementary_filter" to ""
[77.384s] -- Up-to-date: /home/user/ros2_ws/install/oppressor_api/share/ament_index/resource_index/package_run_dependencies/oppressor_api
[77.384s] -- Up-to-date: /home/user/ros2_ws/install/oppressor_api/share/ament_index/resource_index/parent_prefix_path/oppressor_api
[77.385s] -- Up-to-date: /home/user/ros2_ws/install/oppressor_api/share/oppressor_api/environment/ament_prefix_path.sh
[77.385s] -- Up-to-date: /home/user/ros2_ws/install/oppressor_api/share/oppressor_api/environment/ament_prefix_path.dsv
[77.385s] -- Up-to-date: /home/user/ros2_ws/install/oppressor_api/share/oppressor_api/environment/path.sh
[77.385s] -- Up-to-date: /home/user/ros2_ws/install/oppressor_api/share/oppressor_api/environment/path.dsv
[77.385s] -- Up-to-date: /home/user/ros2_ws/install/oppressor_api/share/oppressor_api/local_setup.bash
[77.386s] -- Up-to-date: /home/user/ros2_ws/install/oppressor_api/share/oppressor_api/local_setup.sh
[77.386s] -- Up-to-date: /home/user/ros2_ws/install/oppressor_api/share/oppressor_api/local_setup.zsh
[77.386s] -- Up-to-date: /home/user/ros2_ws/install/oppressor_api/share/oppressor_api/local_setup.dsv
[77.386s] -- Installing: /home/user/ros2_ws/install/oppressor_api/share/oppressor_api/package.dsv
[77.387s] -- Up-to-date: /home/user/ros2_ws/install/oppressor_api/share/ament_index/resource_index/packages/oppressor_api
[77.387s] -- Up-to-date: /home/user/ros2_ws/install/oppressor_api/share/oppressor_api/cmake/oppressor_apiConfig.cmake
[77.394s] -- Up-to-date: /home/user/ros2_ws/install/oppressor_api/share/oppressor_api/cmake/oppressor_apiConfig-version.cmake
[77.394s] -- Up-to-date: /home/user/ros2_ws/install/oppressor_api/share/oppressor_api/package.xml
[77.394s] Invoked command in '/home/user/ros2_ws/build/oppressor_api' returned '0': CMAKE_PREFIX_PATH=${CMAKE_PREFIX_PATH}:/home/user/ros2_ws/install/rosbot_mk3_description:/home/user/ros2_ws/install/rosbot_description:/home/user/ros2_ws/install/robot_urdf_description:/home/user/ros2_ws/install/robot_mk1_description:/home/user/ros2_ws/install/qube_1_description:/home/user/ros2_ws/install/oppressor_mk3_description:/home/user/ros2_ws/install/oppressor_mk1_description:/home/user/ros2_ws/install/bullet_arm_description:/home/user/ros2_ws/install/ARM_MK1_description:/opt/ros/jazzy _=/usr/bin/env /usr/bin/cmake --install /home/user/ros2_ws/build/oppressor_api
