[0.014s] Invoking command in '/home/user/ros2_ws/build/oppressor_api': CMAKE_PREFIX_PATH=${CMAKE_PREFIX_PATH}:/home/user/ros2_ws/install/rosbot_mk3_description:/home/user/ros2_ws/install/rosbot_description:/home/user/ros2_ws/install/robot_urdf_description:/home/user/ros2_ws/install/robot_mk1_description:/home/user/ros2_ws/install/qube_1_description:/home/user/ros2_ws/install/oppressor_mk3_description:/home/user/ros2_ws/install/oppressor_mk1_description:/home/user/ros2_ws/install/bullet_arm_description:/home/user/ros2_ws/install/ARM_MK1_description:/opt/ros/jazzy _=/usr/bin/env /usr/bin/cmake --build /home/user/ros2_ws/build/oppressor_api -- -j8 -l8
[0.097s] [ 28%] Built target image_processing
[0.097s] [ 71%] Built target controller
[0.100s] [ 85%] [32mBuilding CXX object CMakeFiles/complementary_filter.dir/src/complementary_filter.cpp.o[0m
[2.467s] [01m[K/home/user/ros2_ws/src/oppressor_api/src/complementary_filter.cpp:[m[K In constructor '[01m[KComplementaryFilter::[01;32m[KComplementaryFilter[m[K()[m[K':
[2.467s] [01m[K/home/user/ros2_ws/src/oppressor_api/src/complementary_filter.cpp:18:6:[m[K [01;31m[Kerror: [m[Kno match for '[01m[Koperator=[m[K' (operand types are '[01m[Krclcpp::Subscription<nav_msgs::msg::Odometry_<std::allocator<void> > >::SharedPtr[m[K' {aka '[01m[Kstd::shared_ptr<rclcpp::Subscription<nav_msgs::msg::Odometry_<std::allocator<void> > > >[m[K'} and '[01m[Kstd::shared_ptr<rclcpp::Subscription<std::shared_ptr<nav_msgs::msg::Odometry_<std::allocator<void> > >, std::allocator<void>, std::shared_ptr<nav_msgs::msg::Odometry_<std::allocator<void> > >, std::shared_ptr<nav_msgs::msg::Odometry_<std::allocator<void> > >, rclcpp::message_memory_strategy::MessageMemoryStrategy<std::shared_ptr<nav_msgs::msg::Odometry_<std::allocator<void> > >, std::allocator<void> > > >[m[K')
[2.467s]    18 |     }[01;31m[K)[m[K;
[2.467s]       |      [01;31m[K^[m[K
[2.468s] In file included from [01m[K/usr/include/c++/13/memory:80[m[K,
[2.468s]                  from [01m[K/home/user/ros2_ws/src/oppressor_api/src/complementary_filter.cpp:3[m[K:
[2.468s] [01m[K/usr/include/c++/13/bits/shared_ptr.h:418:9:[m[K [01;36m[Knote: [m[Kcandidate: '[01m[Ktemplate<class _Yp> std::shared_ptr<_Tp>::_Assignable<const std::shared_ptr<_Yp>&> std::shared_ptr<_Tp>::[01;32m[Koperator=[m[K(const std::shared_ptr<_Yp>&) [35m[K[with _Tp = rclcpp::Subscription<nav_msgs::msg::Odometry_<std::allocator<void> > >][m[K[m[K'
[2.468s]   418 |         [01;36m[Koperator[m[K=(const shared_ptr<_Yp>& __r) noexcept
[2.468s]       |         [01;36m[K^~~~~~~~[m[K
[2.468s] [01m[K/usr/include/c++/13/bits/shared_ptr.h:418:9:[m[K [01;36m[Knote: [m[K  template argument deduction/substitution failed:
[2.469s] /usr/include/c++/13/bits/shared_ptr.h: In substitution of '[01m[Ktemplate<class _Tp> template<class _Arg> using std::shared_ptr<_Tp>::_Assignable = typename std::enable_if<std::is_assignable<std::__shared_ptr<_Tp>&, _Arg>::value, std::shared_ptr<_Tp>&>::type [35m[K[with _Arg = const std::shared_ptr<rclcpp::Subscription<std::shared_ptr<nav_msgs::msg::Odometry_<std::allocator<void> > >, std::allocator<void>, std::shared_ptr<nav_msgs::msg::Odometry_<std::allocator<void> > >, std::shared_ptr<nav_msgs::msg::Odometry_<std::allocator<void> > >, rclcpp::message_memory_strategy::MessageMemoryStrategy<std::shared_ptr<nav_msgs::msg::Odometry_<std::allocator<void> > >, std::allocator<void> > > >&; _Tp = rclcpp::Subscription<nav_msgs::msg::Odometry_<std::allocator<void> > >][m[K[m[K':
[2.469s] [01m[K/usr/include/c++/13/bits/shared_ptr.h:418:2:[m[K   required by substitution of '[01m[Ktemplate<class _Yp> std::shared_ptr<rclcpp::Subscription<nav_msgs::msg::Odometry_<std::allocator<void> > > >::_Assignable<const std::shared_ptr<_Tp>&> std::shared_ptr<rclcpp::Subscription<nav_msgs::msg::Odometry_<std::allocator<void> > > >::[01;32m[Koperator=[m[K(const std::shared_ptr<_Tp>&) [35m[K[with _Yp = rclcpp::Subscription<std::shared_ptr<nav_msgs::msg::Odometry_<std::allocator<void> > >, std::allocator<void>, std::shared_ptr<nav_msgs::msg::Odometry_<std::allocator<void> > >, std::shared_ptr<nav_msgs::msg::Odometry_<std::allocator<void> > >, rclcpp::message_memory_strategy::MessageMemoryStrategy<std::shared_ptr<nav_msgs::msg::Odometry_<std::allocator<void> > >, std::allocator<void> > >][m[K[m[K'
[2.469s] [01m[K/home/user/ros2_ws/src/oppressor_api/src/complementary_filter.cpp:18:6:[m[K   required from here
[2.469s] [01m[K/usr/include/c++/13/bits/shared_ptr.h:183:15:[m[K [01;31m[Kerror: [m[Kno type named '[01m[Ktype[m[K' in '[01m[Kstruct std::enable_if<false, std::shared_ptr<rclcpp::Subscription<nav_msgs::msg::Odometry_<std::allocator<void> > > >&>[m[K'
[2.469s]   183 |         using [01;31m[K_Assignable[m[K = typename enable_if<
[2.469s]       |               [01;31m[K^~~~~~~~~~~[m[K
[2.469s] [01m[K/usr/include/c++/13/bits/shared_ptr.h:429:9:[m[K [01;36m[Knote: [m[Kcandidate: '[01m[Ktemplate<class _Yp> std::shared_ptr<_Tp>::_Assignable<std::auto_ptr<_Up> > std::shared_ptr<_Tp>::[01;32m[Koperator=[m[K(std::auto_ptr<_Up>&&) [35m[K[with _Tp = rclcpp::Subscription<nav_msgs::msg::Odometry_<std::allocator<void> > >][m[K[m[K'
[2.469s]   429 |         [01;36m[Koperator[m[K=(auto_ptr<_Yp>&& __r)
[2.470s]       |         [01;36m[K^~~~~~~~[m[K
[2.470s] [01m[K/usr/include/c++/13/bits/shared_ptr.h:429:9:[m[K [01;36m[Knote: [m[K  template argument deduction/substitution failed:
[2.470s] [01m[K/home/user/ros2_ws/src/oppressor_api/src/complementary_filter.cpp:18:6:[m[K [01;36m[Knote: [m[K  '[01m[Kstd::shared_ptr<rclcpp::Subscription<std::shared_ptr<nav_msgs::msg::Odometry_<std::allocator<void> > >, std::allocator<void>, std::shared_ptr<nav_msgs::msg::Odometry_<std::allocator<void> > >, std::shared_ptr<nav_msgs::msg::Odometry_<std::allocator<void> > >, rclcpp::message_memory_strategy::MessageMemoryStrategy<std::shared_ptr<nav_msgs::msg::Odometry_<std::allocator<void> > >, std::allocator<void> > > >[m[K' is not derived from '[01m[Kstd::auto_ptr<_Up>[m[K'
[2.470s]    18 |     }[01;36m[K)[m[K;
[2.470s]       |      [01;36m[K^[m[K
[2.470s] [01m[K/usr/include/c++/13/bits/shared_ptr.h:446:9:[m[K [01;36m[Knote: [m[Kcandidate: '[01m[Ktemplate<class _Yp> std::shared_ptr<_Tp>::_Assignable<std::shared_ptr<_Yp> > std::shared_ptr<_Tp>::[01;32m[Koperator=[m[K(std::shared_ptr<_Yp>&&) [35m[K[with _Tp = rclcpp::Subscription<nav_msgs::msg::Odometry_<std::allocator<void> > >][m[K[m[K'
[2.470s]   446 |         [01;36m[Koperator[m[K=(shared_ptr<_Yp>&& __r) noexcept
[2.470s]       |         [01;36m[K^~~~~~~~[m[K
[2.471s] [01m[K/usr/include/c++/13/bits/shared_ptr.h:446:9:[m[K [01;36m[Knote: [m[K  template argument deduction/substitution failed:
[2.471s] /usr/include/c++/13/bits/shared_ptr.h: In substitution of '[01m[Ktemplate<class _Tp> template<class _Arg> using std::shared_ptr<_Tp>::_Assignable = typename std::enable_if<std::is_assignable<std::__shared_ptr<_Tp>&, _Arg>::value, std::shared_ptr<_Tp>&>::type [35m[K[with _Arg = std::shared_ptr<rclcpp::Subscription<std::shared_ptr<nav_msgs::msg::Odometry_<std::allocator<void> > >, std::allocator<void>, std::shared_ptr<nav_msgs::msg::Odometry_<std::allocator<void> > >, std::shared_ptr<nav_msgs::msg::Odometry_<std::allocator<void> > >, rclcpp::message_memory_strategy::MessageMemoryStrategy<std::shared_ptr<nav_msgs::msg::Odometry_<std::allocator<void> > >, std::allocator<void> > > >; _Tp = rclcpp::Subscription<nav_msgs::msg::Odometry_<std::allocator<void> > >][m[K[m[K':
[2.471s] [01m[K/usr/include/c++/13/bits/shared_ptr.h:446:2:[m[K   required by substitution of '[01m[Ktemplate<class _Yp> std::shared_ptr<rclcpp::Subscription<nav_msgs::msg::Odometry_<std::allocator<void> > > >::_Assignable<std::shared_ptr<_Tp> > std::shared_ptr<rclcpp::Subscription<nav_msgs::msg::Odometry_<std::allocator<void> > > >::[01;32m[Koperator=[m[K(std::shared_ptr<_Tp>&&) [35m[K[with _Yp = rclcpp::Subscription<std::shared_ptr<nav_msgs::msg::Odometry_<std::allocator<void> > >, std::allocator<void>, std::shared_ptr<nav_msgs::msg::Odometry_<std::allocator<void> > >, std::shared_ptr<nav_msgs::msg::Odometry_<std::allocator<void> > >, rclcpp::message_memory_strategy::MessageMemoryStrategy<std::shared_ptr<nav_msgs::msg::Odometry_<std::allocator<void> > >, std::allocator<void> > >][m[K[m[K'
[2.471s] [01m[K/home/user/ros2_ws/src/oppressor_api/src/complementary_filter.cpp:18:6:[m[K   required from here
[2.472s] [01m[K/usr/include/c++/13/bits/shared_ptr.h:183:15:[m[K [01;31m[Kerror: [m[Kno type named '[01m[Ktype[m[K' in '[01m[Kstruct std::enable_if<false, std::shared_ptr<rclcpp::Subscription<nav_msgs::msg::Odometry_<std::allocator<void> > > >&>[m[K'
[2.472s]   183 |         using [01;31m[K_Assignable[m[K = typename enable_if<
[2.472s]       |               [01;31m[K^~~~~~~~~~~[m[K
[2.472s] [01m[K/usr/include/c++/13/bits/shared_ptr.h:454:9:[m[K [01;36m[Knote: [m[Kcandidate: '[01m[Ktemplate<class _Yp, class _Del> std::shared_ptr<_Tp>::_Assignable<std::unique_ptr<_Up, _Ep> > std::shared_ptr<_Tp>::[01;32m[Koperator=[m[K(std::unique_ptr<_Up, _Ep>&&) [35m[K[with _Del = _Yp; _Tp = rclcpp::Subscription<nav_msgs::msg::Odometry_<std::allocator<void> > >][m[K[m[K'
[2.473s]   454 |         [01;36m[Koperator[m[K=(unique_ptr<_Yp, _Del>&& __r)
[2.473s]       |         [01;36m[K^~~~~~~~[m[K
[2.473s] [01m[K/usr/include/c++/13/bits/shared_ptr.h:454:9:[m[K [01;36m[Knote: [m[K  template argument deduction/substitution failed:
[2.473s] [01m[K/home/user/ros2_ws/src/oppressor_api/src/complementary_filter.cpp:18:6:[m[K [01;36m[Knote: [m[K  '[01m[Kstd::shared_ptr<rclcpp::Subscription<std::shared_ptr<nav_msgs::msg::Odometry_<std::allocator<void> > >, std::allocator<void>, std::shared_ptr<nav_msgs::msg::Odometry_<std::allocator<void> > >, std::shared_ptr<nav_msgs::msg::Odometry_<std::allocator<void> > >, rclcpp::message_memory_strategy::MessageMemoryStrategy<std::shared_ptr<nav_msgs::msg::Odometry_<std::allocator<void> > >, std::allocator<void> > > >[m[K' is not derived from '[01m[Kstd::unique_ptr<_Tp, _Dp>[m[K'
[2.473s]    18 |     }[01;36m[K)[m[K;
[2.473s]       |      [01;36m[K^[m[K
[2.473s] [01m[K/usr/include/c++/13/bits/shared_ptr.h:414:19:[m[K [01;36m[Knote: [m[Kcandidate: '[01m[Kstd::shared_ptr<_Tp>& std::shared_ptr<_Tp>::[01;32m[Koperator=[m[K(const std::shared_ptr<_Tp>&) [35m[K[with _Tp = rclcpp::Subscription<nav_msgs::msg::Odometry_<std::allocator<void> > >][m[K[m[K'
[2.473s]   414 |       shared_ptr& [01;36m[Koperator[m[K=(const shared_ptr&) noexcept = default;
[2.474s]       |                   [01;36m[K^~~~~~~~[m[K
[2.474s] [01m[K/usr/include/c++/13/bits/shared_ptr.h:414:29:[m[K [01;36m[Knote: [m[K  no known conversion for argument 1 from '[01m[Kstd::shared_ptr<rclcpp::Subscription<std::shared_ptr<nav_msgs::msg::Odometry_<std::allocator<void> > >, std::allocator<void>, std::shared_ptr<nav_msgs::msg::Odometry_<std::allocator<void> > >, std::shared_ptr<nav_msgs::msg::Odometry_<std::allocator<void> > >, rclcpp::message_memory_strategy::MessageMemoryStrategy<std::shared_ptr<nav_msgs::msg::Odometry_<std::allocator<void> > >, std::allocator<void> > > >[m[K' to '[01m[Kconst std::shared_ptr<rclcpp::Subscription<nav_msgs::msg::Odometry_<std::allocator<void> > > >&[m[K'
[2.474s]   414 |       shared_ptr& operator=([01;36m[Kconst shared_ptr&[m[K) noexcept = default;
[2.474s]       |                             [01;36m[K^~~~~~~~~~~~~~~~~[m[K
[2.474s] [01m[K/usr/include/c++/13/bits/shared_ptr.h:438:7:[m[K [01;36m[Knote: [m[Kcandidate: '[01m[Kstd::shared_ptr<_Tp>& std::shared_ptr<_Tp>::[01;32m[Koperator=[m[K(std::shared_ptr<_Tp>&&) [35m[K[with _Tp = rclcpp::Subscription<nav_msgs::msg::Odometry_<std::allocator<void> > >][m[K[m[K'
[2.474s]   438 |       [01;36m[Koperator[m[K=(shared_ptr&& __r) noexcept
[2.474s]       |       [01;36m[K^~~~~~~~[m[K
[2.475s] [01m[K/usr/include/c++/13/bits/shared_ptr.h:438:30:[m[K [01;36m[Knote: [m[K  no known conversion for argument 1 from '[01m[Kstd::shared_ptr<rclcpp::Subscription<std::shared_ptr<nav_msgs::msg::Odometry_<std::allocator<void> > >, std::allocator<void>, std::shared_ptr<nav_msgs::msg::Odometry_<std::allocator<void> > >, std::shared_ptr<nav_msgs::msg::Odometry_<std::allocator<void> > >, rclcpp::message_memory_strategy::MessageMemoryStrategy<std::shared_ptr<nav_msgs::msg::Odometry_<std::allocator<void> > >, std::allocator<void> > > >[m[K' to '[01m[Kstd::shared_ptr<rclcpp::Subscription<nav_msgs::msg::Odometry_<std::allocator<void> > > >&&[m[K'
[2.475s]   438 |       operator=([01;36m[Kshared_ptr&& __r[m[K) noexcept
[2.475s]       |                 [01;36m[K~~~~~~~~~~~~~^~~[m[K
[5.304s] gmake[2]: *** [CMakeFiles/complementary_filter.dir/build.make:76: CMakeFiles/complementary_filter.dir/src/complementary_filter.cpp.o] Error 1
[5.304s] gmake[1]: *** [CMakeFiles/Makefile2:193: CMakeFiles/complementary_filter.dir/all] Error 2
[5.304s] gmake: *** [Makefile:146: all] Error 2
[5.306s] Invoked command in '/home/user/ros2_ws/build/oppressor_api' returned '2': CMAKE_PREFIX_PATH=${CMAKE_PREFIX_PATH}:/home/user/ros2_ws/install/rosbot_mk3_description:/home/user/ros2_ws/install/rosbot_description:/home/user/ros2_ws/install/robot_urdf_description:/home/user/ros2_ws/install/robot_mk1_description:/home/user/ros2_ws/install/qube_1_description:/home/user/ros2_ws/install/oppressor_mk3_description:/home/user/ros2_ws/install/oppressor_mk1_description:/home/user/ros2_ws/install/bullet_arm_description:/home/user/ros2_ws/install/ARM_MK1_description:/opt/ros/jazzy _=/usr/bin/env /usr/bin/cmake --build /home/user/ros2_ws/build/oppressor_api -- -j8 -l8
