[2.015s] Invoking command in '/home/user/ros2_ws/build/rosbot_api': CMAKE_PREFIX_PATH=${CMAKE_PREFIX_PATH}:/home/user/ros2_ws/install/rosbot_mk3_description:/home/user/ros2_ws/install/rosbot_description:/home/user/ros2_ws/install/robot_urdf_description:/home/user/ros2_ws/install/robot_mk1_description:/home/user/ros2_ws/install/qube_1_description:/home/user/ros2_ws/install/bullet_arm_description:/home/user/ros2_ws/install/ARM_MK1_description:/opt/ros/jazzy _=/usr/bin/env /usr/bin/cmake --build /home/user/ros2_ws/build/rosbot_api -- -j8 -l8
[2.188s] [100%] Built target lidar_r
[2.463s] Invoked command in '/home/user/ros2_ws/build/rosbot_api' returned '0': CMAKE_PREFIX_PATH=${CMAKE_PREFIX_PATH}:/home/user/ros2_ws/install/rosbot_mk3_description:/home/user/ros2_ws/install/rosbot_description:/home/user/ros2_ws/install/robot_urdf_description:/home/user/ros2_ws/install/robot_mk1_description:/home/user/ros2_ws/install/qube_1_description:/home/user/ros2_ws/install/bullet_arm_description:/home/user/ros2_ws/install/ARM_MK1_description:/opt/ros/jazzy _=/usr/bin/env /usr/bin/cmake --build /home/user/ros2_ws/build/rosbot_api -- -j8 -l8
[2.573s] Invoking command in '/home/user/ros2_ws/build/rosbot_api': CMAKE_PREFIX_PATH=${CMAKE_PREFIX_PATH}:/home/user/ros2_ws/install/rosbot_mk3_description:/home/user/ros2_ws/install/rosbot_description:/home/user/ros2_ws/install/robot_urdf_description:/home/user/ros2_ws/install/robot_mk1_description:/home/user/ros2_ws/install/qube_1_description:/home/user/ros2_ws/install/bullet_arm_description:/home/user/ros2_ws/install/ARM_MK1_description:/opt/ros/jazzy _=/usr/bin/env /usr/bin/cmake --install /home/user/ros2_ws/build/rosbot_api
[2.622s] -- Install configuration: ""
[2.626s] -- Up-to-date: /home/user/ros2_ws/install/rosbot_api/lib/rosbot_api/lidar_r
[2.666s] -- Up-to-date: /home/user/ros2_ws/install/rosbot_api/share/ament_index/resource_index/package_run_dependencies/rosbot_api
[2.667s] -- Up-to-date: /home/user/ros2_ws/install/rosbot_api/share/ament_index/resource_index/parent_prefix_path/rosbot_api
[2.667s] -- Up-to-date: /home/user/ros2_ws/install/rosbot_api/share/rosbot_api/environment/ament_prefix_path.sh
[2.667s] -- Up-to-date: /home/user/ros2_ws/install/rosbot_api/share/rosbot_api/environment/ament_prefix_path.dsv
[2.667s] -- Up-to-date: /home/user/ros2_ws/install/rosbot_api/share/rosbot_api/environment/path.sh
[2.668s] -- Up-to-date: /home/user/ros2_ws/install/rosbot_api/share/rosbot_api/environment/path.dsv
[2.668s] -- Up-to-date: /home/user/ros2_ws/install/rosbot_api/share/rosbot_api/local_setup.bash
[2.668s] -- Up-to-date: /home/user/ros2_ws/install/rosbot_api/share/rosbot_api/local_setup.sh
[2.668s] -- Up-to-date: /home/user/ros2_ws/install/rosbot_api/share/rosbot_api/local_setup.zsh
[2.668s] -- Up-to-date: /home/user/ros2_ws/install/rosbot_api/share/rosbot_api/local_setup.dsv
[2.669s] -- Installing: /home/user/ros2_ws/install/rosbot_api/share/rosbot_api/package.dsv
[2.669s] -- Up-to-date: /home/user/ros2_ws/install/rosbot_api/share/ament_index/resource_index/packages/rosbot_api
[2.669s] -- Up-to-date: /home/user/ros2_ws/install/rosbot_api/share/rosbot_api/cmake/rosbot_apiConfig.cmake
[2.669s] -- Up-to-date: /home/user/ros2_ws/install/rosbot_api/share/rosbot_api/cmake/rosbot_apiConfig-version.cmake
[2.680s] -- Up-to-date: /home/user/ros2_ws/install/rosbot_api/share/rosbot_api/package.xml
[2.684s] Invoked command in '/home/user/ros2_ws/build/rosbot_api' returned '0': CMAKE_PREFIX_PATH=${CMAKE_PREFIX_PATH}:/home/user/ros2_ws/install/rosbot_mk3_description:/home/user/ros2_ws/install/rosbot_description:/home/user/ros2_ws/install/robot_urdf_description:/home/user/ros2_ws/install/robot_mk1_description:/home/user/ros2_ws/install/qube_1_description:/home/user/ros2_ws/install/bullet_arm_description:/home/user/ros2_ws/install/ARM_MK1_description:/opt/ros/jazzy _=/usr/bin/env /usr/bin/cmake --install /home/user/ros2_ws/build/rosbot_api
