[ 28%] Built target complementary_filter
[ 42%] [32mBuilding CXX object CMakeFiles/controller.dir/src/controller.cpp.o[0m
[ 71%] Built target image_processing
[ 85%] [32mBuilding CXX object CMakeFiles/controller.dir/src/pid.cpp.o[0m
[100%] [32m[1mLinking CXX executable controller[0m
[100%] Built target controller
-- Install configuration: ""
-- Up-to-date: /home/user/ros2_ws/install/oppressor_api/lib/oppressor_api/image_processing
-- Installing: /home/user/ros2_ws/install/oppressor_api/lib/oppressor_api/controller
-- Set non-toolchain portion of runtime path of "/home/user/ros2_ws/install/oppressor_api/lib/oppressor_api/controller" to ""
-- Up-to-date: /home/user/ros2_ws/install/oppressor_api/lib/oppressor_api/complementary_filter
-- Up-to-date: /home/user/ros2_ws/install/oppressor_api/share/ament_index/resource_index/package_run_dependencies/oppressor_api
-- Up-to-date: /home/user/ros2_ws/install/oppressor_api/share/ament_index/resource_index/parent_prefix_path/oppressor_api
-- Up-to-date: /home/user/ros2_ws/install/oppressor_api/share/oppressor_api/environment/ament_prefix_path.sh
-- Up-to-date: /home/user/ros2_ws/install/oppressor_api/share/oppressor_api/environment/ament_prefix_path.dsv
-- Up-to-date: /home/user/ros2_ws/install/oppressor_api/share/oppressor_api/environment/path.sh
-- Up-to-date: /home/user/ros2_ws/install/oppressor_api/share/oppressor_api/environment/path.dsv
-- Up-to-date: /home/user/ros2_ws/install/oppressor_api/share/oppressor_api/local_setup.bash
-- Up-to-date: /home/user/ros2_ws/install/oppressor_api/share/oppressor_api/local_setup.sh
-- Up-to-date: /home/user/ros2_ws/install/oppressor_api/share/oppressor_api/local_setup.zsh
-- Up-to-date: /home/user/ros2_ws/install/oppressor_api/share/oppressor_api/local_setup.dsv
-- Installing: /home/user/ros2_ws/install/oppressor_api/share/oppressor_api/package.dsv
-- Up-to-date: /home/user/ros2_ws/install/oppressor_api/share/ament_index/resource_index/packages/oppressor_api
-- Up-to-date: /home/user/ros2_ws/install/oppressor_api/share/oppressor_api/cmake/oppressor_apiConfig.cmake
-- Up-to-date: /home/user/ros2_ws/install/oppressor_api/share/oppressor_api/cmake/oppressor_apiConfig-version.cmake
-- Up-to-date: /home/user/ros2_ws/install/oppressor_api/share/oppressor_api/package.xml
