[1.419s] Invoking command in '/home/user/ros2_ws/src/r_arm_description': PYTHONPATH=/home/user/ros2_ws/build/r_arm_description/prefix_override:/usr/lib/python3/dist-packages/colcon_core/task/python/colcon_distutils_commands:/home/user/ros2_ws/install/r_arm_description/lib/python3.12/site-packages:${PYTHONPATH} _=/usr/bin/env /usr/bin/python3 -W ignore:setup.py install is deprecated -W ignore:easy_install command is deprecated setup.py egg_info --egg-base ../../build/r_arm_description build --build-base /home/user/ros2_ws/build/r_arm_description/build install --record /home/user/ros2_ws/build/r_arm_description/install.log --single-version-externally-managed install_data
[2.621s] running egg_info
[2.724s] writing ../../build/r_arm_description/r_arm_description.egg-info/PKG-INFO
[2.796s] writing dependency_links to ../../build/r_arm_description/r_arm_description.egg-info/dependency_links.txt
[2.796s] writing requirements to ../../build/r_arm_description/r_arm_description.egg-info/requires.txt
[2.797s] writing top-level names to ../../build/r_arm_description/r_arm_description.egg-info/top_level.txt
[2.996s] reading manifest file '../../build/r_arm_description/r_arm_description.egg-info/SOURCES.txt'
[2.997s] writing manifest file '../../build/r_arm_description/r_arm_description.egg-info/SOURCES.txt'
[2.997s] running build
[2.997s] running build_py
[2.998s] running install
[3.009s] running install_lib
[3.109s] running install_data
[3.109s] copying launch/gazebo.launch.py -> /home/user/ros2_ws/install/r_arm_description/share/r_arm_description/launch
[3.110s] running install_egg_info
[3.209s] removing '/home/user/ros2_ws/install/r_arm_description/lib/python3.12/site-packages/r_arm_description-0.0.0-py3.12.egg-info' (and everything under it)
[3.210s] Copying ../../build/r_arm_description/r_arm_description.egg-info to /home/user/ros2_ws/install/r_arm_description/lib/python3.12/site-packages/r_arm_description-0.0.0-py3.12.egg-info
[3.211s] running install_scripts
[3.921s] writing list of installed files to '/home/user/ros2_ws/build/r_arm_description/install.log'
[4.114s] Invoked command in '/home/user/ros2_ws/src/r_arm_description' returned '0': PYTHONPATH=/home/user/ros2_ws/build/r_arm_description/prefix_override:/usr/lib/python3/dist-packages/colcon_core/task/python/colcon_distutils_commands:/home/user/ros2_ws/install/r_arm_description/lib/python3.12/site-packages:${PYTHONPATH} _=/usr/bin/env /usr/bin/python3 -W ignore:setup.py install is deprecated -W ignore:easy_install command is deprecated setup.py egg_info --egg-base ../../build/r_arm_description build --build-base /home/user/ros2_ws/build/r_arm_description/build install --record /home/user/ros2_ws/build/r_arm_description/install.log --single-version-externally-managed install_data
