[0.984s] Invoking command in '/home/user/ros2_ws/src/oppressor_mk3_description': PYTHONPATH=/home/user/ros2_ws/build/oppressor_mk3_description/prefix_override:/usr/lib/python3/dist-packages/colcon_core/task/python/colcon_distutils_commands:/home/user/ros2_ws/install/oppressor_mk3_description/lib/python3.12/site-packages:${PYTHONPATH} _=/usr/bin/env /usr/bin/python3 -W ignore:setup.py install is deprecated -W ignore:easy_install command is deprecated setup.py egg_info --egg-base ../../build/oppressor_mk3_description build --build-base /home/user/ros2_ws/build/oppressor_mk3_description/build install --record /home/user/ros2_ws/build/oppressor_mk3_description/install.log --single-version-externally-managed install_data
[1.303s] running egg_info
[1.326s] writing ../../build/oppressor_mk3_description/oppressor_mk3_description.egg-info/PKG-INFO
[1.326s] writing dependency_links to ../../build/oppressor_mk3_description/oppressor_mk3_description.egg-info/dependency_links.txt
[1.326s] writing requirements to ../../build/oppressor_mk3_description/oppressor_mk3_description.egg-info/requires.txt
[1.326s] writing top-level names to ../../build/oppressor_mk3_description/oppressor_mk3_description.egg-info/top_level.txt
[1.371s] reading manifest file '../../build/oppressor_mk3_description/oppressor_mk3_description.egg-info/SOURCES.txt'
[1.372s] writing manifest file '../../build/oppressor_mk3_description/oppressor_mk3_description.egg-info/SOURCES.txt'
[1.373s] running build
[1.373s] running build_py
[1.373s] running install
[1.380s] running install_lib
[1.402s] running install_data
[1.403s] copying launch/gazebo.launch.py -> /home/user/ros2_ws/install/oppressor_mk3_description/share/oppressor_mk3_description/launch
[1.403s] copying config/controller.yaml -> /home/user/ros2_ws/install/oppressor_mk3_description/share/oppressor_mk3_description/config
[1.403s] running install_egg_info
[1.427s] removing '/home/user/ros2_ws/install/oppressor_mk3_description/lib/python3.12/site-packages/oppressor_mk3_description-0.0.0-py3.12.egg-info' (and everything under it)
[1.428s] Copying ../../build/oppressor_mk3_description/oppressor_mk3_description.egg-info to /home/user/ros2_ws/install/oppressor_mk3_description/lib/python3.12/site-packages/oppressor_mk3_description-0.0.0-py3.12.egg-info
[1.429s] running install_scripts
[1.588s] writing list of installed files to '/home/user/ros2_ws/build/oppressor_mk3_description/install.log'
[1.618s] Invoked command in '/home/user/ros2_ws/src/oppressor_mk3_description' returned '0': PYTHONPATH=/home/user/ros2_ws/build/oppressor_mk3_description/prefix_override:/usr/lib/python3/dist-packages/colcon_core/task/python/colcon_distutils_commands:/home/user/ros2_ws/install/oppressor_mk3_description/lib/python3.12/site-packages:${PYTHONPATH} _=/usr/bin/env /usr/bin/python3 -W ignore:setup.py install is deprecated -W ignore:easy_install command is deprecated setup.py egg_info --egg-base ../../build/oppressor_mk3_description build --build-base /home/user/ros2_ws/build/oppressor_mk3_description/build install --record /home/user/ros2_ws/build/oppressor_mk3_description/install.log --single-version-externally-managed install_data
