[4.234s] Invoking command in '/home/user/ros2_ws/src/qube_1_description': PYTHONPATH=/home/user/ros2_ws/build/qube_1_description/prefix_override:/usr/lib/python3/dist-packages/colcon_core/task/python/colcon_distutils_commands:/home/user/ros2_ws/install/qube_1_description/lib/python3.12/site-packages:${PYTHONPATH} _=/usr/bin/env /usr/bin/python3 -W ignore:setup.py install is deprecated -W ignore:easy_install command is deprecated setup.py egg_info --egg-base ../../build/qube_1_description build --build-base /home/user/ros2_ws/build/qube_1_description/build install --record /home/user/ros2_ws/build/qube_1_description/install.log --single-version-externally-managed install_data
[5.260s] running egg_info
[5.338s] writing ../../build/qube_1_description/qube_1_description.egg-info/PKG-INFO
[5.338s] writing dependency_links to ../../build/qube_1_description/qube_1_description.egg-info/dependency_links.txt
[5.338s] writing requirements to ../../build/qube_1_description/qube_1_description.egg-info/requires.txt
[5.339s] writing top-level names to ../../build/qube_1_description/qube_1_description.egg-info/top_level.txt
[5.446s] reading manifest file '../../build/qube_1_description/qube_1_description.egg-info/SOURCES.txt'
[5.533s] writing manifest file '../../build/qube_1_description/qube_1_description.egg-info/SOURCES.txt'
[5.533s] running build
[5.533s] running build_py
[5.533s] running install
[5.540s] running install_lib
[5.561s] running install_data
[5.561s] copying urdf/qube_1.xacro -> /home/user/ros2_ws/install/qube_1_description/share/qube_1_description/urdf
[5.561s] copying config/controller.yaml -> /home/user/ros2_ws/install/qube_1_description/share/qube_1_description/config
[5.562s] running install_egg_info
[5.632s] removing '/home/user/ros2_ws/install/qube_1_description/lib/python3.12/site-packages/qube_1_description-0.0.0-py3.12.egg-info' (and everything under it)
[5.632s] Copying ../../build/qube_1_description/qube_1_description.egg-info to /home/user/ros2_ws/install/qube_1_description/lib/python3.12/site-packages/qube_1_description-0.0.0-py3.12.egg-info
[5.633s] running install_scripts
[5.861s] writing list of installed files to '/home/user/ros2_ws/build/qube_1_description/install.log'
[5.930s] Invoked command in '/home/user/ros2_ws/src/qube_1_description' returned '0': PYTHONPATH=/home/user/ros2_ws/build/qube_1_description/prefix_override:/usr/lib/python3/dist-packages/colcon_core/task/python/colcon_distutils_commands:/home/user/ros2_ws/install/qube_1_description/lib/python3.12/site-packages:${PYTHONPATH} _=/usr/bin/env /usr/bin/python3 -W ignore:setup.py install is deprecated -W ignore:easy_install command is deprecated setup.py egg_info --egg-base ../../build/qube_1_description build --build-base /home/user/ros2_ws/build/qube_1_description/build install --record /home/user/ros2_ws/build/qube_1_description/install.log --single-version-externally-managed install_data
