running egg_info
writing ../../build/rosbot_mk3_description/rosbot_mk3_description.egg-info/PKG-INFO
writing dependency_links to ../../build/rosbot_mk3_description/rosbot_mk3_description.egg-info/dependency_links.txt
writing requirements to ../../build/rosbot_mk3_description/rosbot_mk3_description.egg-info/requires.txt
writing top-level names to ../../build/rosbot_mk3_description/rosbot_mk3_description.egg-info/top_level.txt
reading manifest file '../../build/rosbot_mk3_description/rosbot_mk3_description.egg-info/SOURCES.txt'
writing manifest file '../../build/rosbot_mk3_description/rosbot_mk3_description.egg-info/SOURCES.txt'
running build
running build_py
copying rosbot_mk3_description/__init__.py -> /home/user/ros2_ws/build/rosbot_mk3_description/build/lib/rosbot_mk3_description
running install
running install_lib
copying /home/user/ros2_ws/build/rosbot_mk3_description/build/lib/rosbot_mk3_description/__init__.py -> /home/user/ros2_ws/install/rosbot_mk3_description/lib/python3.12/site-packages/rosbot_mk3_description
byte-compiling /home/user/ros2_ws/install/rosbot_mk3_description/lib/python3.12/site-packages/rosbot_mk3_description/__init__.py to __init__.cpython-312.pyc
running install_data
copying resource/rosbot_mk3_description -> /home/user/ros2_ws/install/rosbot_mk3_description/share/ament_index/resource_index/packages
copying package.xml -> /home/user/ros2_ws/install/rosbot_mk3_description/share/rosbot_mk3_description
copying launch/gazebo.launch.py -> /home/user/ros2_ws/install/rosbot_mk3_description/share/rosbot_mk3_description/launch
copying launch/display.launch.py -> /home/user/ros2_ws/install/rosbot_mk3_description/share/rosbot_mk3_description/launch
copying urdf/rosbot_mk3.xacro -> /home/user/ros2_ws/install/rosbot_mk3_description/share/rosbot_mk3_description/urdf
copying urdf/rosbot_mk3.ros2control -> /home/user/ros2_ws/install/rosbot_mk3_description/share/rosbot_mk3_description/urdf
copying urdf/materials.xacro -> /home/user/ros2_ws/install/rosbot_mk3_description/share/rosbot_mk3_description/urdf
copying urdf/rosbot_mk3.gazebo -> /home/user/ros2_ws/install/rosbot_mk3_description/share/rosbot_mk3_description/urdf
copying meshes/right_wheel_1.stl -> /home/user/ros2_ws/install/rosbot_mk3_description/share/rosbot_mk3_description/meshes
copying meshes/camera_1.stl -> /home/user/ros2_ws/install/rosbot_mk3_description/share/rosbot_mk3_description/meshes
copying meshes/base_link.stl -> /home/user/ros2_ws/install/rosbot_mk3_description/share/rosbot_mk3_description/meshes
copying meshes/left_wheel_1.stl -> /home/user/ros2_ws/install/rosbot_mk3_description/share/rosbot_mk3_description/meshes
copying meshes/lidar_1.stl -> /home/user/ros2_ws/install/rosbot_mk3_description/share/rosbot_mk3_description/meshes
copying config/display.rviz -> /home/user/ros2_ws/install/rosbot_mk3_description/share/rosbot_mk3_description/config
copying config/gazebo.rviz -> /home/user/ros2_ws/install/rosbot_mk3_description/share/rosbot_mk3_description/config
copying config/ros_gz_bridge_gazebo.yaml -> /home/user/ros2_ws/install/rosbot_mk3_description/share/rosbot_mk3_description/config
running install_egg_info
removing '/home/user/ros2_ws/install/rosbot_mk3_description/lib/python3.12/site-packages/rosbot_mk3_description-0.0.0-py3.12.egg-info' (and everything under it)
Copying ../../build/rosbot_mk3_description/rosbot_mk3_description.egg-info to /home/user/ros2_ws/install/rosbot_mk3_description/lib/python3.12/site-packages/rosbot_mk3_description-0.0.0-py3.12.egg-info
running install_scripts
writing list of installed files to '/home/user/ros2_ws/build/rosbot_mk3_description/install.log'
