[6.778s] Invoking command in '/home/user/ros2_ws/src/rosbot_mk3_description': PYTHONPATH=/home/user/ros2_ws/build/rosbot_mk3_description/prefix_override:/usr/lib/python3/dist-packages/colcon_core/task/python/colcon_distutils_commands:/home/user/ros2_ws/install/rosbot_mk3_description/lib/python3.12/site-packages:${PYTHONPATH} _=/usr/bin/env /usr/bin/python3 -W ignore:setup.py install is deprecated -W ignore:easy_install command is deprecated setup.py egg_info --egg-base ../../build/rosbot_mk3_description build --build-base /home/user/ros2_ws/build/rosbot_mk3_description/build install --record /home/user/ros2_ws/build/rosbot_mk3_description/install.log --single-version-externally-managed install_data
[7.746s] running egg_info
[7.768s] writing ../../build/rosbot_mk3_description/rosbot_mk3_description.egg-info/PKG-INFO
[7.768s] writing dependency_links to ../../build/rosbot_mk3_description/rosbot_mk3_description.egg-info/dependency_links.txt
[7.768s] writing requirements to ../../build/rosbot_mk3_description/rosbot_mk3_description.egg-info/requires.txt
[7.769s] writing top-level names to ../../build/rosbot_mk3_description/rosbot_mk3_description.egg-info/top_level.txt
[7.830s] reading manifest file '../../build/rosbot_mk3_description/rosbot_mk3_description.egg-info/SOURCES.txt'
[7.831s] writing manifest file '../../build/rosbot_mk3_description/rosbot_mk3_description.egg-info/SOURCES.txt'
[7.831s] running build
[7.831s] running build_py
[7.831s] copying rosbot_mk3_description/__init__.py -> /home/user/ros2_ws/build/rosbot_mk3_description/build/lib/rosbot_mk3_description
[7.832s] running install
[7.839s] running install_lib
[7.862s] copying /home/user/ros2_ws/build/rosbot_mk3_description/build/lib/rosbot_mk3_description/__init__.py -> /home/user/ros2_ws/install/rosbot_mk3_description/lib/python3.12/site-packages/rosbot_mk3_description
[7.862s] byte-compiling /home/user/ros2_ws/install/rosbot_mk3_description/lib/python3.12/site-packages/rosbot_mk3_description/__init__.py to __init__.cpython-312.pyc
[7.863s] running install_data
[7.863s] copying resource/rosbot_mk3_description -> /home/user/ros2_ws/install/rosbot_mk3_description/share/ament_index/resource_index/packages
[7.863s] copying package.xml -> /home/user/ros2_ws/install/rosbot_mk3_description/share/rosbot_mk3_description
[7.863s] copying launch/gazebo.launch.py -> /home/user/ros2_ws/install/rosbot_mk3_description/share/rosbot_mk3_description/launch
[7.864s] copying launch/display.launch.py -> /home/user/ros2_ws/install/rosbot_mk3_description/share/rosbot_mk3_description/launch
[7.864s] copying urdf/rosbot_mk3.xacro -> /home/user/ros2_ws/install/rosbot_mk3_description/share/rosbot_mk3_description/urdf
[7.864s] copying urdf/rosbot_mk3.ros2control -> /home/user/ros2_ws/install/rosbot_mk3_description/share/rosbot_mk3_description/urdf
[7.865s] copying urdf/materials.xacro -> /home/user/ros2_ws/install/rosbot_mk3_description/share/rosbot_mk3_description/urdf
[7.865s] copying urdf/rosbot_mk3.gazebo -> /home/user/ros2_ws/install/rosbot_mk3_description/share/rosbot_mk3_description/urdf
[7.865s] copying meshes/right_wheel_1.stl -> /home/user/ros2_ws/install/rosbot_mk3_description/share/rosbot_mk3_description/meshes
[7.865s] copying meshes/camera_1.stl -> /home/user/ros2_ws/install/rosbot_mk3_description/share/rosbot_mk3_description/meshes
[7.866s] copying meshes/base_link.stl -> /home/user/ros2_ws/install/rosbot_mk3_description/share/rosbot_mk3_description/meshes
[7.866s] copying meshes/left_wheel_1.stl -> /home/user/ros2_ws/install/rosbot_mk3_description/share/rosbot_mk3_description/meshes
[7.866s] copying meshes/lidar_1.stl -> /home/user/ros2_ws/install/rosbot_mk3_description/share/rosbot_mk3_description/meshes
[7.866s] copying config/display.rviz -> /home/user/ros2_ws/install/rosbot_mk3_description/share/rosbot_mk3_description/config
[7.867s] copying config/gazebo.rviz -> /home/user/ros2_ws/install/rosbot_mk3_description/share/rosbot_mk3_description/config
[7.867s] copying config/ros_gz_bridge_gazebo.yaml -> /home/user/ros2_ws/install/rosbot_mk3_description/share/rosbot_mk3_description/config
[7.867s] running install_egg_info
[7.902s] removing '/home/user/ros2_ws/install/rosbot_mk3_description/lib/python3.12/site-packages/rosbot_mk3_description-0.0.0-py3.12.egg-info' (and everything under it)
[7.902s] Copying ../../build/rosbot_mk3_description/rosbot_mk3_description.egg-info to /home/user/ros2_ws/install/rosbot_mk3_description/lib/python3.12/site-packages/rosbot_mk3_description-0.0.0-py3.12.egg-info
[7.903s] running install_scripts
[8.126s] writing list of installed files to '/home/user/ros2_ws/build/rosbot_mk3_description/install.log'
[8.163s] Invoked command in '/home/user/ros2_ws/src/rosbot_mk3_description' returned '0': PYTHONPATH=/home/user/ros2_ws/build/rosbot_mk3_description/prefix_override:/usr/lib/python3/dist-packages/colcon_core/task/python/colcon_distutils_commands:/home/user/ros2_ws/install/rosbot_mk3_description/lib/python3.12/site-packages:${PYTHONPATH} _=/usr/bin/env /usr/bin/python3 -W ignore:setup.py install is deprecated -W ignore:easy_install command is deprecated setup.py egg_info --egg-base ../../build/rosbot_mk3_description build --build-base /home/user/ros2_ws/build/rosbot_mk3_description/build install --record /home/user/ros2_ws/build/rosbot_mk3_description/install.log --single-version-externally-managed install_data
