[4.366s] Invoking command in '/home/user/ros2_ws/src/qube_1_description': PYTHONPATH=/home/user/ros2_ws/build/qube_1_description/prefix_override:/usr/lib/python3/dist-packages/colcon_core/task/python/colcon_distutils_commands:/home/user/ros2_ws/install/qube_1_description/lib/python3.12/site-packages:${PYTHONPATH} _=/usr/bin/env /usr/bin/python3 -W ignore:setup.py install is deprecated -W ignore:easy_install command is deprecated setup.py egg_info --egg-base ../../build/qube_1_description build --build-base /home/user/ros2_ws/build/qube_1_description/build install --record /home/user/ros2_ws/build/qube_1_description/install.log --single-version-externally-managed install_data
[5.163s] running egg_info
[5.184s] writing ../../build/qube_1_description/qube_1_description.egg-info/PKG-INFO
[5.184s] writing dependency_links to ../../build/qube_1_description/qube_1_description.egg-info/dependency_links.txt
[5.185s] writing requirements to ../../build/qube_1_description/qube_1_description.egg-info/requires.txt
[5.185s] writing top-level names to ../../build/qube_1_description/qube_1_description.egg-info/top_level.txt
[5.295s] reading manifest file '../../build/qube_1_description/qube_1_description.egg-info/SOURCES.txt'
[5.296s] writing manifest file '../../build/qube_1_description/qube_1_description.egg-info/SOURCES.txt'
[5.296s] running build
[5.296s] running build_py
[5.296s] running install
[5.364s] running install_lib
[5.385s] running install_data
[5.385s] copying launch/gazebo.launch.py -> /home/user/ros2_ws/install/qube_1_description/share/qube_1_description/launch
[5.386s] running install_egg_info
[5.465s] removing '/home/user/ros2_ws/install/qube_1_description/lib/python3.12/site-packages/qube_1_description-0.0.0-py3.12.egg-info' (and everything under it)
[5.466s] Copying ../../build/qube_1_description/qube_1_description.egg-info to /home/user/ros2_ws/install/qube_1_description/lib/python3.12/site-packages/qube_1_description-0.0.0-py3.12.egg-info
[5.467s] running install_scripts
[5.791s] writing list of installed files to '/home/user/ros2_ws/build/qube_1_description/install.log'
[5.880s] Invoked command in '/home/user/ros2_ws/src/qube_1_description' returned '0': PYTHONPATH=/home/user/ros2_ws/build/qube_1_description/prefix_override:/usr/lib/python3/dist-packages/colcon_core/task/python/colcon_distutils_commands:/home/user/ros2_ws/install/qube_1_description/lib/python3.12/site-packages:${PYTHONPATH} _=/usr/bin/env /usr/bin/python3 -W ignore:setup.py install is deprecated -W ignore:easy_install command is deprecated setup.py egg_info --egg-base ../../build/qube_1_description build --build-base /home/user/ros2_ws/build/qube_1_description/build install --record /home/user/ros2_ws/build/qube_1_description/install.log --single-version-externally-managed install_data
