[0.507s] Invoking command in '/home/user/ros2_ws/build/oppressor_api': CMAKE_PREFIX_PATH=${CMAKE_PREFIX_PATH}:/home/user/ros2_ws/install/rosbot_mk3_description:/home/user/ros2_ws/install/rosbot_description:/home/user/ros2_ws/install/robot_urdf_description:/home/user/ros2_ws/install/robot_mk1_description:/home/user/ros2_ws/install/qube_1_description:/home/user/ros2_ws/install/oppressor_mk3_description:/home/user/ros2_ws/install/oppressor_mk1_description:/home/user/ros2_ws/install/bullet_arm_description:/home/user/ros2_ws/install/ARM_MK1_description:/opt/ros/jazzy _=/usr/bin/env /usr/bin/cmake --build /home/user/ros2_ws/build/oppressor_api -- -j8 -l8
[4.155s] [ 37%] Built target controller
[4.156s] [ 75%] Built target complementary_filter
[4.189s] [100%] Built target image_processing
[4.201s] Invoked command in '/home/user/ros2_ws/build/oppressor_api' returned '0': CMAKE_PREFIX_PATH=${CMAKE_PREFIX_PATH}:/home/user/ros2_ws/install/rosbot_mk3_description:/home/user/ros2_ws/install/rosbot_description:/home/user/ros2_ws/install/robot_urdf_description:/home/user/ros2_ws/install/robot_mk1_description:/home/user/ros2_ws/install/qube_1_description:/home/user/ros2_ws/install/oppressor_mk3_description:/home/user/ros2_ws/install/oppressor_mk1_description:/home/user/ros2_ws/install/bullet_arm_description:/home/user/ros2_ws/install/ARM_MK1_description:/opt/ros/jazzy _=/usr/bin/env /usr/bin/cmake --build /home/user/ros2_ws/build/oppressor_api -- -j8 -l8
[4.212s] Invoking command in '/home/user/ros2_ws/build/oppressor_api': CMAKE_PREFIX_PATH=${CMAKE_PREFIX_PATH}:/home/user/ros2_ws/install/rosbot_mk3_description:/home/user/ros2_ws/install/rosbot_description:/home/user/ros2_ws/install/robot_urdf_description:/home/user/ros2_ws/install/robot_mk1_description:/home/user/ros2_ws/install/qube_1_description:/home/user/ros2_ws/install/oppressor_mk3_description:/home/user/ros2_ws/install/oppressor_mk1_description:/home/user/ros2_ws/install/bullet_arm_description:/home/user/ros2_ws/install/ARM_MK1_description:/opt/ros/jazzy _=/usr/bin/env /usr/bin/cmake --install /home/user/ros2_ws/build/oppressor_api
[4.221s] -- Install configuration: ""
[4.223s] -- Up-to-date: /home/user/ros2_ws/install/oppressor_api/lib/oppressor_api/image_processing
[4.224s] -- Up-to-date: /home/user/ros2_ws/install/oppressor_api/lib/oppressor_api/controller
[4.224s] -- Up-to-date: /home/user/ros2_ws/install/oppressor_api/lib/oppressor_api/complementary_filter
[4.224s] -- Up-to-date: /home/user/ros2_ws/install/oppressor_api/share/ament_index/resource_index/package_run_dependencies/oppressor_api
[4.225s] -- Up-to-date: /home/user/ros2_ws/install/oppressor_api/share/ament_index/resource_index/parent_prefix_path/oppressor_api
[4.225s] -- Up-to-date: /home/user/ros2_ws/install/oppressor_api/share/oppressor_api/environment/ament_prefix_path.sh
[4.225s] -- Up-to-date: /home/user/ros2_ws/install/oppressor_api/share/oppressor_api/environment/ament_prefix_path.dsv
[4.225s] -- Up-to-date: /home/user/ros2_ws/install/oppressor_api/share/oppressor_api/environment/path.sh
[4.225s] -- Up-to-date: /home/user/ros2_ws/install/oppressor_api/share/oppressor_api/environment/path.dsv
[4.225s] -- Up-to-date: /home/user/ros2_ws/install/oppressor_api/share/oppressor_api/local_setup.bash
[4.226s] -- Up-to-date: /home/user/ros2_ws/install/oppressor_api/share/oppressor_api/local_setup.sh
[4.226s] -- Up-to-date: /home/user/ros2_ws/install/oppressor_api/share/oppressor_api/local_setup.zsh
[4.226s] -- Up-to-date: /home/user/ros2_ws/install/oppressor_api/share/oppressor_api/local_setup.dsv
[4.226s] -- Installing: /home/user/ros2_ws/install/oppressor_api/share/oppressor_api/package.dsv
[4.227s] -- Up-to-date: /home/user/ros2_ws/install/oppressor_api/share/ament_index/resource_index/packages/oppressor_api
[4.227s] -- Up-to-date: /home/user/ros2_ws/install/oppressor_api/share/oppressor_api/cmake/oppressor_apiConfig.cmake
[4.227s] -- Up-to-date: /home/user/ros2_ws/install/oppressor_api/share/oppressor_api/cmake/oppressor_apiConfig-version.cmake
[4.228s] -- Up-to-date: /home/user/ros2_ws/install/oppressor_api/share/oppressor_api/package.xml
[4.228s] Invoked command in '/home/user/ros2_ws/build/oppressor_api' returned '0': CMAKE_PREFIX_PATH=${CMAKE_PREFIX_PATH}:/home/user/ros2_ws/install/rosbot_mk3_description:/home/user/ros2_ws/install/rosbot_description:/home/user/ros2_ws/install/robot_urdf_description:/home/user/ros2_ws/install/robot_mk1_description:/home/user/ros2_ws/install/qube_1_description:/home/user/ros2_ws/install/oppressor_mk3_description:/home/user/ros2_ws/install/oppressor_mk1_description:/home/user/ros2_ws/install/bullet_arm_description:/home/user/ros2_ws/install/ARM_MK1_description:/opt/ros/jazzy _=/usr/bin/env /usr/bin/cmake --install /home/user/ros2_ws/build/oppressor_api
