running egg_info
creating ../../build/oppressor_mk3_description/oppressor_mk3_description.egg-info
writing ../../build/oppressor_mk3_description/oppressor_mk3_description.egg-info/PKG-INFO
writing dependency_links to ../../build/oppressor_mk3_description/oppressor_mk3_description.egg-info/dependency_links.txt
writing requirements to ../../build/oppressor_mk3_description/oppressor_mk3_description.egg-info/requires.txt
writing top-level names to ../../build/oppressor_mk3_description/oppressor_mk3_description.egg-info/top_level.txt
writing manifest file '../../build/oppressor_mk3_description/oppressor_mk3_description.egg-info/SOURCES.txt'
reading manifest file '../../build/oppressor_mk3_description/oppressor_mk3_description.egg-info/SOURCES.txt'
writing manifest file '../../build/oppressor_mk3_description/oppressor_mk3_description.egg-info/SOURCES.txt'
running build
running build_py
creating /home/user/ros2_ws/build/oppressor_mk3_description/build
creating /home/user/ros2_ws/build/oppressor_mk3_description/build/lib
creating /home/user/ros2_ws/build/oppressor_mk3_description/build/lib/oppressor_mk3_description
copying oppressor_mk3_description/__init__.py -> /home/user/ros2_ws/build/oppressor_mk3_description/build/lib/oppressor_mk3_description
running install
running install_lib
creating /home/user/ros2_ws/install/oppressor_mk3_description/lib/python3.12/site-packages/oppressor_mk3_description
copying /home/user/ros2_ws/build/oppressor_mk3_description/build/lib/oppressor_mk3_description/__init__.py -> /home/user/ros2_ws/install/oppressor_mk3_description/lib/python3.12/site-packages/oppressor_mk3_description
byte-compiling /home/user/ros2_ws/install/oppressor_mk3_description/lib/python3.12/site-packages/oppressor_mk3_description/__init__.py to __init__.cpython-312.pyc
running install_data
creating /home/user/ros2_ws/install/oppressor_mk3_description/share/ament_index
creating /home/user/ros2_ws/install/oppressor_mk3_description/share/ament_index/resource_index
creating /home/user/ros2_ws/install/oppressor_mk3_description/share/ament_index/resource_index/packages
copying resource/oppressor_mk3_description -> /home/user/ros2_ws/install/oppressor_mk3_description/share/ament_index/resource_index/packages
copying package.xml -> /home/user/ros2_ws/install/oppressor_mk3_description/share/oppressor_mk3_description
creating /home/user/ros2_ws/install/oppressor_mk3_description/share/oppressor_mk3_description/launch
copying launch/gazebo.launch.py -> /home/user/ros2_ws/install/oppressor_mk3_description/share/oppressor_mk3_description/launch
copying launch/display.launch.py -> /home/user/ros2_ws/install/oppressor_mk3_description/share/oppressor_mk3_description/launch
creating /home/user/ros2_ws/install/oppressor_mk3_description/share/oppressor_mk3_description/urdf
copying urdf/oppressor_mk3.xacro -> /home/user/ros2_ws/install/oppressor_mk3_description/share/oppressor_mk3_description/urdf
copying urdf/oppressor_mk3.ros2control -> /home/user/ros2_ws/install/oppressor_mk3_description/share/oppressor_mk3_description/urdf
copying urdf/materials.xacro -> /home/user/ros2_ws/install/oppressor_mk3_description/share/oppressor_mk3_description/urdf
copying urdf/oppressor_mk3.gazebo -> /home/user/ros2_ws/install/oppressor_mk3_description/share/oppressor_mk3_description/urdf
creating /home/user/ros2_ws/install/oppressor_mk3_description/share/oppressor_mk3_description/meshes
copying meshes/camera_1.stl -> /home/user/ros2_ws/install/oppressor_mk3_description/share/oppressor_mk3_description/meshes
copying meshes/back_left_wheel_1.stl -> /home/user/ros2_ws/install/oppressor_mk3_description/share/oppressor_mk3_description/meshes
copying meshes/front_right_wheel_1.stl -> /home/user/ros2_ws/install/oppressor_mk3_description/share/oppressor_mk3_description/meshes
copying meshes/base_link.stl -> /home/user/ros2_ws/install/oppressor_mk3_description/share/oppressor_mk3_description/meshes
copying meshes/back_right_wheel_1.stl -> /home/user/ros2_ws/install/oppressor_mk3_description/share/oppressor_mk3_description/meshes
copying meshes/front_left_wheel_1.stl -> /home/user/ros2_ws/install/oppressor_mk3_description/share/oppressor_mk3_description/meshes
copying meshes/lidar_1.stl -> /home/user/ros2_ws/install/oppressor_mk3_description/share/oppressor_mk3_description/meshes
creating /home/user/ros2_ws/install/oppressor_mk3_description/share/oppressor_mk3_description/config
copying config/display.rviz -> /home/user/ros2_ws/install/oppressor_mk3_description/share/oppressor_mk3_description/config
copying config/gazebo.rviz -> /home/user/ros2_ws/install/oppressor_mk3_description/share/oppressor_mk3_description/config
copying config/ros_gz_bridge_gazebo.yaml -> /home/user/ros2_ws/install/oppressor_mk3_description/share/oppressor_mk3_description/config
running install_egg_info
Copying ../../build/oppressor_mk3_description/oppressor_mk3_description.egg-info to /home/user/ros2_ws/install/oppressor_mk3_description/lib/python3.12/site-packages/oppressor_mk3_description-0.0.0-py3.12.egg-info
running install_scripts
writing list of installed files to '/home/user/ros2_ws/build/oppressor_mk3_description/install.log'
