[2.503s] Invoking command in '/home/user/ros2_ws/src/rosbot_mk3_description': PYTHONPATH=/home/user/ros2_ws/build/rosbot_mk3_description/prefix_override:/usr/lib/python3/dist-packages/colcon_core/task/python/colcon_distutils_commands:/home/user/ros2_ws/install/rosbot_mk3_description/lib/python3.12/site-packages:${PYTHONPATH} _=/usr/bin/env /usr/bin/python3 -W ignore:setup.py install is deprecated -W ignore:easy_install command is deprecated setup.py egg_info --egg-base ../../build/rosbot_mk3_description build --build-base /home/user/ros2_ws/build/rosbot_mk3_description/build install --record /home/user/ros2_ws/build/rosbot_mk3_description/install.log --single-version-externally-managed install_data
[4.103s] running egg_info
[4.282s] writing ../../build/rosbot_mk3_description/rosbot_mk3_description.egg-info/PKG-INFO
[4.283s] writing dependency_links to ../../build/rosbot_mk3_description/rosbot_mk3_description.egg-info/dependency_links.txt
[4.291s] writing requirements to ../../build/rosbot_mk3_description/rosbot_mk3_description.egg-info/requires.txt
[4.291s] writing top-level names to ../../build/rosbot_mk3_description/rosbot_mk3_description.egg-info/top_level.txt
[4.790s] reading manifest file '../../build/rosbot_mk3_description/rosbot_mk3_description.egg-info/SOURCES.txt'
[4.792s] writing manifest file '../../build/rosbot_mk3_description/rosbot_mk3_description.egg-info/SOURCES.txt'
[4.792s] running build
[4.793s] running build_py
[4.793s] running install
[4.887s] running install_lib
[5.099s] running install_data
[5.099s] copying launch/gazebo.launch.py -> /home/user/ros2_ws/install/rosbot_mk3_description/share/rosbot_mk3_description/launch
[5.100s] copying config/controller_manager.yaml -> /home/user/ros2_ws/install/rosbot_mk3_description/share/rosbot_mk3_description/config
[5.100s] running install_egg_info
[5.388s] removing '/home/user/ros2_ws/install/rosbot_mk3_description/lib/python3.12/site-packages/rosbot_mk3_description-0.0.0-py3.12.egg-info' (and everything under it)
[5.390s] Copying ../../build/rosbot_mk3_description/rosbot_mk3_description.egg-info to /home/user/ros2_ws/install/rosbot_mk3_description/lib/python3.12/site-packages/rosbot_mk3_description-0.0.0-py3.12.egg-info
[5.395s] running install_scripts
[6.279s] writing list of installed files to '/home/user/ros2_ws/build/rosbot_mk3_description/install.log'
[6.381s] Invoked command in '/home/user/ros2_ws/src/rosbot_mk3_description' returned '0': PYTHONPATH=/home/user/ros2_ws/build/rosbot_mk3_description/prefix_override:/usr/lib/python3/dist-packages/colcon_core/task/python/colcon_distutils_commands:/home/user/ros2_ws/install/rosbot_mk3_description/lib/python3.12/site-packages:${PYTHONPATH} _=/usr/bin/env /usr/bin/python3 -W ignore:setup.py install is deprecated -W ignore:easy_install command is deprecated setup.py egg_info --egg-base ../../build/rosbot_mk3_description build --build-base /home/user/ros2_ws/build/rosbot_mk3_description/build install --record /home/user/ros2_ws/build/rosbot_mk3_description/install.log --single-version-externally-managed install_data
