/home/user/ros2_ws/src/install/bullet_arm_description/lib/python3.12/site-packages/bullet_arm_description/__init__.py
/home/user/ros2_ws/src/install/bullet_arm_description/lib/python3.12/site-packages/bullet_arm_description/__pycache__/__init__.cpython-312.pyc
/home/user/ros2_ws/src/install/bullet_arm_description/share/ament_index/resource_index/packages/bullet_arm_description
/home/user/ros2_ws/src/install/bullet_arm_description/share/bullet_arm_description/package.xml
/home/user/ros2_ws/src/install/bullet_arm_description/share/bullet_arm_description/launch/gazebo.launch.py
/home/user/ros2_ws/src/install/bullet_arm_description/share/bullet_arm_description/launch/display.launch.py
/home/user/ros2_ws/src/install/bullet_arm_description/share/bullet_arm_description/urdf/bullet_arm.gazebo
/home/user/ros2_ws/src/install/bullet_arm_description/share/bullet_arm_description/urdf/bullet_arm.xacro
/home/user/ros2_ws/src/install/bullet_arm_description/share/bullet_arm_description/urdf/materials.xacro
/home/user/ros2_ws/src/install/bullet_arm_description/share/bullet_arm_description/urdf/bullet_arm.ros2control
/home/user/ros2_ws/src/install/bullet_arm_description/share/bullet_arm_description/meshes/base_link.stl
/home/user/ros2_ws/src/install/bullet_arm_description/share/bullet_arm_description/meshes/joint_1_1.stl
/home/user/ros2_ws/src/install/bullet_arm_description/share/bullet_arm_description/meshes/joint_2_1.stl
/home/user/ros2_ws/src/install/bullet_arm_description/share/bullet_arm_description/config/display.rviz
/home/user/ros2_ws/src/install/bullet_arm_description/share/bullet_arm_description/config/gazebo.rviz
/home/user/ros2_ws/src/install/bullet_arm_description/share/bullet_arm_description/config/ros_gz_bridge_gazebo.yaml
/home/user/ros2_ws/src/install/bullet_arm_description/lib/python3.12/site-packages/bullet_arm_description-0.0.0-py3.12.egg-info/PKG-INFO
/home/user/ros2_ws/src/install/bullet_arm_description/lib/python3.12/site-packages/bullet_arm_description-0.0.0-py3.12.egg-info/zip-safe
/home/user/ros2_ws/src/install/bullet_arm_description/lib/python3.12/site-packages/bullet_arm_description-0.0.0-py3.12.egg-info/top_level.txt
/home/user/ros2_ws/src/install/bullet_arm_description/lib/python3.12/site-packages/bullet_arm_description-0.0.0-py3.12.egg-info/requires.txt
/home/user/ros2_ws/src/install/bullet_arm_description/lib/python3.12/site-packages/bullet_arm_description-0.0.0-py3.12.egg-info/SOURCES.txt
/home/user/ros2_ws/src/install/bullet_arm_description/lib/python3.12/site-packages/bullet_arm_description-0.0.0-py3.12.egg-info/dependency_links.txt
