[0.097s] Invoking command in '/home/user/ros2_ws/build/rosbot_api': CMAKE_PREFIX_PATH=${CMAKE_PREFIX_PATH}:/home/user/ros2_ws/install/rosbot_description:/home/user/ros2_ws/install/robot_urdf_description:/home/user/ros2_ws/install/robot_mk1_description:/home/user/ros2_ws/install/bullet_arm_description:/opt/ros/jazzy _=/usr/bin/env /usr/bin/cmake --build /home/user/ros2_ws/build/rosbot_api -- -j8 -l8
[1.105s] [100%] Built target lidar_r
[1.231s] Invoked command in '/home/user/ros2_ws/build/rosbot_api' returned '0': CMAKE_PREFIX_PATH=${CMAKE_PREFIX_PATH}:/home/user/ros2_ws/install/rosbot_description:/home/user/ros2_ws/install/robot_urdf_description:/home/user/ros2_ws/install/robot_mk1_description:/home/user/ros2_ws/install/bullet_arm_description:/opt/ros/jazzy _=/usr/bin/env /usr/bin/cmake --build /home/user/ros2_ws/build/rosbot_api -- -j8 -l8
[1.232s] Invoking command in '/home/user/ros2_ws/build/rosbot_api': CMAKE_PREFIX_PATH=${CMAKE_PREFIX_PATH}:/home/user/ros2_ws/install/rosbot_description:/home/user/ros2_ws/install/robot_urdf_description:/home/user/ros2_ws/install/robot_mk1_description:/home/user/ros2_ws/install/bullet_arm_description:/opt/ros/jazzy _=/usr/bin/env /usr/bin/cmake --install /home/user/ros2_ws/build/rosbot_api
[1.971s] -- Install configuration: ""
[1.972s] -- Up-to-date: /home/user/ros2_ws/install/rosbot_api/lib/rosbot_api/lidar_r
[1.972s] -- Up-to-date: /home/user/ros2_ws/install/rosbot_api/share/ament_index/resource_index/package_run_dependencies/rosbot_api
[1.972s] -- Up-to-date: /home/user/ros2_ws/install/rosbot_api/share/ament_index/resource_index/parent_prefix_path/rosbot_api
[1.973s] -- Up-to-date: /home/user/ros2_ws/install/rosbot_api/share/rosbot_api/environment/ament_prefix_path.sh
[1.973s] -- Up-to-date: /home/user/ros2_ws/install/rosbot_api/share/rosbot_api/environment/ament_prefix_path.dsv
[1.973s] -- Up-to-date: /home/user/ros2_ws/install/rosbot_api/share/rosbot_api/environment/path.sh
[1.973s] -- Up-to-date: /home/user/ros2_ws/install/rosbot_api/share/rosbot_api/environment/path.dsv
[1.974s] -- Up-to-date: /home/user/ros2_ws/install/rosbot_api/share/rosbot_api/local_setup.bash
[1.974s] -- Up-to-date: /home/user/ros2_ws/install/rosbot_api/share/rosbot_api/local_setup.sh
[1.974s] -- Up-to-date: /home/user/ros2_ws/install/rosbot_api/share/rosbot_api/local_setup.zsh
[1.974s] -- Up-to-date: /home/user/ros2_ws/install/rosbot_api/share/rosbot_api/local_setup.dsv
[1.974s] -- Installing: /home/user/ros2_ws/install/rosbot_api/share/rosbot_api/package.dsv
[1.974s] -- Up-to-date: /home/user/ros2_ws/install/rosbot_api/share/ament_index/resource_index/packages/rosbot_api
[1.975s] -- Up-to-date: /home/user/ros2_ws/install/rosbot_api/share/rosbot_api/cmake/rosbot_apiConfig.cmake
[1.975s] -- Up-to-date: /home/user/ros2_ws/install/rosbot_api/share/rosbot_api/cmake/rosbot_apiConfig-version.cmake
[1.975s] -- Up-to-date: /home/user/ros2_ws/install/rosbot_api/share/rosbot_api/package.xml
[2.004s] Invoked command in '/home/user/ros2_ws/build/rosbot_api' returned '0': CMAKE_PREFIX_PATH=${CMAKE_PREFIX_PATH}:/home/user/ros2_ws/install/rosbot_description:/home/user/ros2_ws/install/robot_urdf_description:/home/user/ros2_ws/install/robot_mk1_description:/home/user/ros2_ws/install/bullet_arm_description:/opt/ros/jazzy _=/usr/bin/env /usr/bin/cmake --install /home/user/ros2_ws/build/rosbot_api
