[0.628s] Invoking command in '/home/user/ros2_ws/build/oppressor_api': CMAKE_PREFIX_PATH=${CMAKE_PREFIX_PATH}:/home/user/ros2_ws/install/rosbot_mk3_description:/home/user/ros2_ws/install/rosbot_description:/home/user/ros2_ws/install/robot_urdf_description:/home/user/ros2_ws/install/robot_mk1_description:/home/user/ros2_ws/install/qube_1_description:/home/user/ros2_ws/install/oppressor_mk3_description:/home/user/ros2_ws/install/oppressor_mk1_description:/home/user/ros2_ws/install/bullet_arm_description:/home/user/ros2_ws/install/ARM_MK1_description:/opt/ros/jazzy _=/usr/bin/env /usr/bin/cmake /home/user/ros2_ws/src/oppressor_api -DCMAKE_INSTALL_PREFIX=/home/user/ros2_ws/install/oppressor_api
[6.612s] -- The C compiler identification is GNU 13.3.0
[10.709s] -- The CXX compiler identification is GNU 13.3.0
[10.815s] -- Detecting C compiler ABI info
[11.245s] -- Detecting C compiler ABI info - done
[11.259s] -- Check for working C compiler: /usr/bin/cc - skipped
[11.259s] -- Detecting C compile features
[11.260s] -- Detecting C compile features - done
[11.332s] -- Detecting CXX compiler ABI info
[11.868s] -- Detecting CXX compiler ABI info - done
[11.922s] -- Check for working CXX compiler: /usr/bin/c++ - skipped
[11.922s] -- Detecting CXX compile features
[11.923s] -- Detecting CXX compile features - done
[12.030s] -- Found ament_cmake: 2.5.6 (/opt/ros/jazzy/share/ament_cmake/cmake)
[12.569s] -- Found Python3: /usr/bin/python3 (found version "3.12.3") found components: Interpreter 
[13.115s] -- Found rclcpp: 28.1.18 (/opt/ros/jazzy/share/rclcpp/cmake)
[13.392s] -- Found rosidl_generator_c: 4.6.7 (/opt/ros/jazzy/share/rosidl_generator_c/cmake)
[13.443s] -- Found rosidl_generator_cpp: 4.6.7 (/opt/ros/jazzy/share/rosidl_generator_cpp/cmake)
[13.576s] -- Using all available rosidl_typesupport_c: rosidl_typesupport_fastrtps_c;rosidl_typesupport_introspection_c
[13.642s] -- Using all available rosidl_typesupport_cpp: rosidl_typesupport_fastrtps_cpp;rosidl_typesupport_introspection_cpp
[13.871s] -- Found rmw_implementation_cmake: 7.3.3 (/opt/ros/jazzy/share/rmw_implementation_cmake/cmake)
[13.884s] -- Found rmw_fastrtps_cpp: 8.4.3 (/opt/ros/jazzy/share/rmw_fastrtps_cpp/cmake)
[14.394s] -- Found OpenSSL: /usr/lib/x86_64-linux-gnu/libcrypto.so (found version "3.0.13")  
[14.426s] -- Found FastRTPS: /opt/ros/jazzy/include (Required is at least version "2.13") 
[14.460s] -- Using RMW implementation 'rmw_fastrtps_cpp' as default
[14.657s] -- Found geometry_msgs: 5.3.7 (/opt/ros/jazzy/share/geometry_msgs/cmake)
[14.741s] -- Found sensor_msgs: 5.3.7 (/opt/ros/jazzy/share/sensor_msgs/cmake)
[14.805s] -- Found cv_bridge: 4.1.0 (/opt/ros/jazzy/share/cv_bridge/cmake)
[14.876s] -- Found image_transport: 5.1.7 (/opt/ros/jazzy/share/image_transport/cmake)
[14.978s] -- Found OpenCV: /usr (found version "4.6.0") 
[15.108s] -- Configuring done (14.5s)
[15.136s] -- Generating done (0.0s)
[15.142s] -- Build files have been written to: /home/user/ros2_ws/build/oppressor_api
[15.155s] Invoked command in '/home/user/ros2_ws/build/oppressor_api' returned '0': CMAKE_PREFIX_PATH=${CMAKE_PREFIX_PATH}:/home/user/ros2_ws/install/rosbot_mk3_description:/home/user/ros2_ws/install/rosbot_description:/home/user/ros2_ws/install/robot_urdf_description:/home/user/ros2_ws/install/robot_mk1_description:/home/user/ros2_ws/install/qube_1_description:/home/user/ros2_ws/install/oppressor_mk3_description:/home/user/ros2_ws/install/oppressor_mk1_description:/home/user/ros2_ws/install/bullet_arm_description:/home/user/ros2_ws/install/ARM_MK1_description:/opt/ros/jazzy _=/usr/bin/env /usr/bin/cmake /home/user/ros2_ws/src/oppressor_api -DCMAKE_INSTALL_PREFIX=/home/user/ros2_ws/install/oppressor_api
[15.157s] Invoking command in '/home/user/ros2_ws/build/oppressor_api': CMAKE_PREFIX_PATH=${CMAKE_PREFIX_PATH}:/home/user/ros2_ws/install/rosbot_mk3_description:/home/user/ros2_ws/install/rosbot_description:/home/user/ros2_ws/install/robot_urdf_description:/home/user/ros2_ws/install/robot_mk1_description:/home/user/ros2_ws/install/qube_1_description:/home/user/ros2_ws/install/oppressor_mk3_description:/home/user/ros2_ws/install/oppressor_mk1_description:/home/user/ros2_ws/install/bullet_arm_description:/home/user/ros2_ws/install/ARM_MK1_description:/opt/ros/jazzy _=/usr/bin/env /usr/bin/cmake --build /home/user/ros2_ws/build/oppressor_api -- -j8 -l8
[15.230s] [ 50%] [32mBuilding CXX object CMakeFiles/image_processing.dir/src/image_processing.cpp.o[0m
[20.642s] [01m[K/home/user/ros2_ws/src/oppressor_api/src/image_processing.cpp:11:10:[m[K [01;31m[Kfatal error: [m[Kcv_bridge/cv_bridge.h: No such file or directory
[20.642s]    11 | #include [01;31m[K"cv_bridge/cv_bridge.h"[m[K
[20.642s]       |          [01;31m[K^~~~~~~~~~~~~~~~~~~~~~~[m[K
[20.642s] compilation terminated.
[20.646s] gmake[2]: *** [CMakeFiles/image_processing.dir/build.make:76: CMakeFiles/image_processing.dir/src/image_processing.cpp.o] Error 1
[20.646s] gmake[1]: *** [CMakeFiles/Makefile2:137: CMakeFiles/image_processing.dir/all] Error 2
[20.646s] gmake: *** [Makefile:146: all] Error 2
[20.648s] Invoked command in '/home/user/ros2_ws/build/oppressor_api' returned '2': CMAKE_PREFIX_PATH=${CMAKE_PREFIX_PATH}:/home/user/ros2_ws/install/rosbot_mk3_description:/home/user/ros2_ws/install/rosbot_description:/home/user/ros2_ws/install/robot_urdf_description:/home/user/ros2_ws/install/robot_mk1_description:/home/user/ros2_ws/install/qube_1_description:/home/user/ros2_ws/install/oppressor_mk3_description:/home/user/ros2_ws/install/oppressor_mk1_description:/home/user/ros2_ws/install/bullet_arm_description:/home/user/ros2_ws/install/ARM_MK1_description:/opt/ros/jazzy _=/usr/bin/env /usr/bin/cmake --build /home/user/ros2_ws/build/oppressor_api -- -j8 -l8
